Jun  4 07:36:09 rusty postfix/smtp[12803]: 91EBA118174: to=<kevin@oceania.net>, relay=mail.oceania.net[58.172.208.114], delay=2, status=sent (250 2.0.0 l53LawuL026376 Message accepted for delivery)
Jun  4 07:36:09 rusty postfix/smtp[12857]: 91EBA118174: to=<mkraus@wildtechnology.net>, relay=router.wildtechnology.net[210.0.66.109], delay=2, status=bounced (host router.wildtechnology.net[210.0.66.109] said: 550 5.1.1 User unknown (in reply to RCPT TO command))
Jun  4 07:36:09 rusty postfix/smtp[12819]: 91EBA118174: to=<johnf_slug@inodes.org>, relay=mail.inodes.org[202.125.41.97], delay=2, status=sent (250 OK id=1HuxWI-0006iZ-15)
Jun  4 07:36:09 rusty postfix/smtp[12850]: 91EBA118174: to=<luke@sydney.net>, relay=mail.sydney.net[203.22.101.2], delay=2, status=sent (250 2.0.0 l53LK95N027899 Message accepted for delivery)
Jun  4 07:36:09 rusty postfix/smtp[12835]: 91EBA118174: to=<nicku@nicku.org>, relay=mail.nicku.org[218.185.20.33], delay=2, status=sent (250 2.0.0 l53LR9RA029349 Message accepted for delivery)
Jun  4 07:36:09 rusty postfix/smtp[12824]: 91EBA118174: to=<johnc+slug@kirriwa.net>, relay=taipan.kirriwa.net[150.101.117.6], delay=2, status=sent (250 Ok: queued as 2B51830055)
Jun  4 07:36:09 rusty postfix/smtp[12856]: 91EBA118174: to=<conrad@vergenet.net>, relay=mail.au.vergenet.net[202.4.237.240], delay=2, status=sent (250 2.0.0 Ok: queued as 955C224103)
Jun  4 07:36:09 rusty postfix/smtp[12790]: 91EBA118174: to=<jaq@spacepants.org>, relay=av1.anchor.net.au[202.4.234.193], delay=2, status=sent (250 Ok: queued as 96691698079)
Jun  4 07:36:09 rusty postfix/smtp[12789]: 91EBA118174: to=<mike@nerdforce.net>, relay=mail.nerdforce.net[59.167.162.6], delay=2, status=sent (250 Ok: queued as 9CA49E0B43)
Jun  4 07:36:09 rusty postfix/smtp[12817]: 91EBA118174: to=<mcl@i8it.net>, relay=mx1.i8it.net[203.206.163.158], delay=2, status=sent (250 2.0.0 Ok: queued as 71319102)
Jun  4 07:36:09 rusty postfix/smtp[12795]: 91EBA118174: to=<jeffrey@borgs.net>, relay=tux.borgs.net[220.233.106.193], delay=2, status=sent (250 2.0.0 l53LRcd20271 Message accepted for delivery)
Jun  4 07:36:09 rusty postfix/smtp[12791]: 91EBA118174: to=<mary@animats.net>, relay=animats.net[220.233.86.185], delay=2, status=sent (250 OK id=1Huxbu-00084K-34)
Jun  4 07:36:09 rusty postfix/smtp[12791]: 91EBA118174: to=<tjd@animats.net>, relay=animats.net[220.233.86.185], delay=2, status=sent (250 OK id=1Huxbu-00084K-34)
Jun  4 07:36:09 rusty postfix/smtp[12852]: 91EBA118174: to=<slug@the-pfy.org>, relay=the-pfy.org[203.206.253.8], delay=2, status=sent (250 2.0.0 Ok: queued as A7234300320)
Jun  4 07:36:09 rusty postfix/smtp[12841]: 91EBA118174: to=<greebo@pipka.org>, relay=mail.pipka.org[70.85.31.216], delay=2, status=deferred (host mail.pipka.org[70.85.31.216] said: 452 Insufficient system storage (in reply to MAIL FROM command))
Jun  4 07:36:09 rusty postfix/smtp[12885]: A30C1118177: to=<rgh@mooter.com>, relay=mta1.mooter.com[220.233.135.106], delay=2, status=sent (250 Ok: queued as 13C4582B2E6)
Jun  4 07:36:10 rusty postfix/smtp[12862]: A30C1118177: to=<lissnerbarrels@bigpond.com>, relay=extmail.bigpond.com[144.140.90.13], delay=3, status=bounced (host extmail.bigpond.com[144.140.90.13] said: 550 Invalid recipient: <lissnerbarrels@bigpond.com> (in reply to RCPT TO command))
Jun  4 07:36:10 rusty postfix/smtp[12862]: A30C1118177: to=<pmal1@bigpond.com>, relay=extmail.bigpond.com[144.140.90.13], delay=3, status=bounced (host extmail.bigpond.com[144.140.90.13] said: 550 Invalid recipient: <pmal1@bigpond.com> (in reply to RCPT TO command))
Jun  4 07:36:10 rusty postfix/smtp[12862]: A30C1118177: to=<pmaloney1@bigpond.com>, relay=extmail.bigpond.com[144.140.90.13], delay=3, status=bounced (host extmail.bigpond.com[144.140.90.13] said: 550 Invalid recipient: <pmaloney1@bigpond.com> (in reply to RCPT TO command))
Jun  4 07:36:10 rusty postfix/smtp[12801]: 2B97411817C: to=<heracles@iprimus.com.au>, orig_to=<heracles@slug.org.au>, relay=mx.iprimus.com.au[202.138.53.11], delay=2, status=sent (250 ok:  Message 46780325 accepted)
Jun  4 07:36:10 rusty postfix/smtp[12800]: 226A211817B: to=<grant@elx.com.au>, orig_to=<grant@slug.org.au>, relay=tuxman.emusys.com.au[67.15.6.82], delay=2, status=sent (250 2.0.0 l53LGmb2021638 Message accepted for delivery)
Jun  4 07:36:10 rusty postfix/smtp[12850]: A30C1118177: to=<greg@baratel.com>, relay=mail.baratel.com[203.46.83.254], delay=3, status=sent (250 Ok: queued as 1548340219)
Jun  4 07:36:10 rusty postfix/smtp[12826]: 91EBA118174: to=<jdub@perkypants.org>, relay=mail.perkypants.org[70.85.31.216], delay=3, status=deferred (host mail.perkypants.org[70.85.31.216] said: 452 Insufficient system storage (in reply to MAIL FROM command))
Jun  4 07:36:10 rusty postfix/smtp[12856]: A30C1118177: to=<linux@gradys.no-ip.com>, relay=gradys.no-ip.com[220.233.7.55], delay=3, status=sent (250 Ok: queued as 36282C7B26)
Jun  4 07:36:10 rusty postfix/smtp[12846]: 91EBA118174: to=<paulwb@pwb.hopto.org>, relay=mail.pwb.hopto.org[220.240.55.115], delay=3, status=sent (250 OK id=1Huxbt-0005YL-00)
Jun  4 07:36:10 rusty postfix/smtp[12791]: A30C1118177: to=<slug@msalkeld.com>, relay=mail.msalkeld.com[202.6.140.57], delay=3, status=sent (250 2.0.0 l53Ltwhi079253 Message accepted for delivery)
Jun  4 07:36:10 rusty postfix/smtp[12795]: A30C1118177: to=<mle+slug@mega-nerd.com>, relay=mailin2.pacific.net.au[61.8.0.81], delay=3, status=sent (250 2.0.0 Ok: queued as BC7401848DF)
Jun  4 07:36:10 rusty postfix/smtp[12800]: A30C1118177: to=<erikd@startcorp.com>, relay=exch01.startcorp.com[203.110.148.154], delay=3, status=sent (250 2.6.0  <34a99ab40706031426g4ea46d97v5bcdd5edfeff89ea@mail.gmail.com> Queued mail for delivery)
Jun  4 07:36:10 rusty postfix/smtp[12794]: 91EBA118174: to=<alan@aussiegeek.net>, relay=bender.aussiegeek.net[208.75.84.4], delay=3, status=sent (250 2.0.0 Ok: queued as 2DD29128017)
Jun  4 07:36:10 rusty postfix/smtp[12838]: 91EBA118174: to=<phantom@phantom.kicks-ass.net>, relay=phantom.kicks-ass.net[203.33.165.206], delay=3, status=sent (250 2.0.0 l53Ldvlg009510 Message accepted for delivery)
Jun  4 07:36:10 rusty postfix/smtp[12862]: A30C1118177: to=<theo.reimer@bigpond.com>, relay=extmail.bigpond.com[144.140.90.13], delay=3, status=sent (250 Message received: 20070603212739.SOOJ833.imta09sl.mx.bigpond.com@rusty.slug.org.au)
Jun  4 07:36:10 rusty postfix/smtp[12862]: A30C1118177: to=<writeme@bigpond.com>, relay=extmail.bigpond.com[144.140.90.13], delay=3, status=sent (250 Message received: 20070603212739.SOOJ833.imta09sl.mx.bigpond.com@rusty.slug.org.au)
Jun  4 07:36:10 rusty postfix/smtp[12887]: A30C1118177: to=<brettf@netregistry.au.com>, relay=mail.netregistry.net[218.185.51.134], delay=3, status=sent (250 OK id=1Huxbv-0000W4-JP)
Jun  4 07:36:10 rusty postfix/smtp[12811]: 91EBA118174: to=<stevenk@debian.org>, relay=master.debian.org[70.103.162.29], delay=3, status=sent (250 OK id=1Huxbv-00079L-JH)
Jun  4 07:36:11 rusty postfix/smtp[12847]: 91EBA118174: to=<adam@semicircular.net>, relay=smtp.joyent.net[8.12.32.9], delay=4, status=sent (250 Ok: queued as CC43445CD)
Jun  4 07:36:11 rusty postfix/smtp[12830]: 91EBA118174: to=<michael@msdavies.net>, relay=mail.msdavies.net[203.194.197.243], delay=4, status=sent (250 ok 1180906060 qp 8625)
Jun  4 07:36:11 rusty postfix/smtp[12880]: A30C1118177: to=<slug@linuxaustralia.com>, relay=ASPMX.L.GOOGLE.com[209.85.147.27], delay=4, status=bounced (host ASPMX.L.GOOGLE.com[209.85.147.27] said: 550 5.1.1 No such user j29si4517735waf (in reply to RCPT TO command))
Jun  4 07:36:11 rusty postfix/smtp[12878]: A30C1118177: to=<lugroundup@k-sit.com>, relay=mail.k-sit.com[220.233.124.29], delay=4, status=sent (250 2.0.0 Ok: queued as 1960318B4020)
Jun  4 07:36:11 rusty postfix/smtp[12878]: A30C1118177: to=<purserj@k-sit.com>, relay=mail.k-sit.com[220.233.124.29], delay=4, status=sent (250 2.0.0 Ok: queued as 1960318B4020)
Jun  4 07:36:11 rusty postfix/smtp[12885]: A30C1118177: to=<paul@robinson4950.com>, relay=mscip01.mailscan.net.au[220.233.0.60], delay=4, status=sent (250 ok:  Message 40256418 accepted)
Jun  4 07:36:11 rusty postfix/smtp[12791]: A30C1118177: to=<david.perry@team.telstra.com>, relay=mailipao.vtcif.telstra.com.au[202.12.144.27], delay=4, status=sent (250 ok:  Message 74594165 accepted)
Jun  4 07:36:11 rusty postfix/smtp[12798]: 91EBA118174: to=<bb@cactii.net>, relay=us.cactii.net[66.160.141.151], delay=4, status=sent (250 2.0.0 l53LRcu3001133 Message accepted for delivery)
Jun  4 07:36:11 rusty postfix/smtp[12821]: 91EBA118174: to=<arya@internode.on.net>, relay=ipmailmx.internode.on.net[192.231.203.138], delay=4, status=sent (250 ok:  Message 98386949 accepted)
Jun  4 07:36:11 rusty postfix/smtp[12821]: 91EBA118174: to=<awli@internode.on.net>, relay=ipmailmx.internode.on.net[192.231.203.138], delay=4, status=sent (250 ok:  Message 98386949 accepted)
Jun  4 07:36:11 rusty postfix/smtp[12821]: 91EBA118174: to=<cmackenzie@internode.on.net>, relay=ipmailmx.internode.on.net[192.231.203.138], delay=4, status=sent (250 ok:  Message 98386949 accepted)
Jun  4 07:36:11 rusty postfix/smtp[12821]: 91EBA118174: to=<jeffgrima@internode.on.net>, relay=ipmailmx.internode.on.net[192.231.203.138], delay=4, status=sent (250 ok:  Message 98386949 accepted)
Jun  4 07:36:11 rusty postfix/smtp[12848]: 91EBA118174: to=<slow@slowhome.org>, relay=fltr-in2.mail.dreamhost.com[208.97.132.72], delay=4, status=sent (250 Ok: queued as 1BF1560837)
Jun  4 07:36:11 rusty postfix/smtp[12800]: A30C1118177: to=<ben.deluca@tenix.com>, relay=sprint.tenix.com[203.44.198.34], delay=4, status=sent (250 Queued! <34a99ab40706031426g4ea46d97v5bcdd5edfeff89ea@mail.gmail.com>)
Jun  4 07:36:11 rusty postfix/smtp[12823]: 91EBA118174: to=<archive@jab.org>, relay=jab.org.s5a1.psmtp.com[64.18.4.10], delay=4, status=sent (250 Thanks)
Jun  4 07:36:11 rusty postfix/smtp[12851]: 91EBA118174: to=<slug@taryneast.org>, relay=mx1.balanced.spacey.mail.dreamhost.com[208.97.132.75], delay=4, status=sent (250 Ok: queued as 2FEA6189035)
Jun  4 07:36:11 rusty postfix/smtp[12849]: 91EBA118174: to=<sonia@snowfrog.net>, relay=papaya.snowfrog.net[69.72.209.22], delay=4, status=sent (250 Ok: queued as EA1233D928B6)
Jun  4 07:36:11 rusty postfix/smtp[12802]: 91EBA118174: to=<andrew@careless.net>, relay=sarcasm.careless.net[202.173.184.193], delay=4, status=sent (250 2.0.0 Ok: queued as 63EF58980)
Jun  4 07:36:11 rusty postfix/smtp[12851]: D1D4511817A: to=<alexs@alphacomplex.info>, relay=mail.alphacomplex.info[202.46.140.234], delay=4, status=sent (250 2.0.0 Ok: queued as A9DF5430D18)
Jun  4 07:36:11 rusty postfix/smtp[12857]: A30C1118177: to=<lists@aua1.com>, relay=aua1.com[64.22.71.88], delay=4, status=sent (250 2.0.0 Ok: queued as 2C66415E5F)
Jun  4 07:36:11 rusty postfix/smtp[12851]: D1D4511817A: to=<carlo.sogono@anchor.com.au>, relay=av1.anchor.net.au[202.4.234.193], delay=4, status=sent (250 Ok: queued as BE1E6698079)
Jun  4 07:36:11 rusty postfix/smtp[12877]: A30C1118177: to=<andrew.cole@illallangi.com>, relay=mx0.illallangi.com[216.55.183.22], delay=4, status=sent (250 Ok: queued as A811978CAAE)
Jun  4 07:36:11 rusty postfix/smtp[12810]: 3278C11817F: to=<dude052003@netscape.net>, relay=mailin-01.mx.aol.com[64.12.137.249], delay=3, status=bounced (host mailin-01.mx.aol.com[64.12.137.249] said: 550 MAILBOX NOT FOUND (in reply to RCPT TO command))
Jun  4 07:36:11 rusty postfix/smtp[12870]: A30C1118177: to=<shincom1@empal.com>, relay=mx1.empal.com[61.97.70.6], delay=4, status=sent (250 2.0.0 Message accepted for delivery (l53LRdP009C4))
Jun  4 07:36:11 rusty postfix/smtpd[12781]: connect from cafemail.ibsystems.com[65.19.143.82]
Jun  4 07:36:11 rusty postfix/smtp[12808]: 3278C11817F: to=<peter@fragar.homeip.net>, relay=fragar.homeip.net[124.168.1.78], delay=3, status=sent (250 2.0.0 Ok: queued as 78004806B)
Jun  4 07:36:11 rusty postfix/smtp[12789]: A30C1118177: to=<james@jamesdsadler.com>, relay=eforwardct.name-services.com[216.163.188.58], delay=4, status=sent (250 2.0.0 Ok: queued as 409F1237854)
Jun  4 07:36:11 rusty postfix/smtp[12870]: D1D4511817A: to=<slug@ats.net.au>, relay=seanhome.test.insecure.busibox.urnet.com.au[124.189.36.177], delay=4, status=sent (250 OK id=1Huxbx-0001dT-00)
Jun  4 07:36:11 rusty postfix/smtp[12793]: 91EBA118174: to=<piers@informic.net>, relay=mx.informic.net[220.233.207.137], delay=4, status=sent (250 2.0.0 Ok: queued as 1FADA9EE958)
Jun  4 07:36:11 rusty postfix/smtp[12894]: A30C1118177: to=<adam@phase-n.com>, relay=mail.tusker.net[203.209.192.82], delay=4, status=sent (250 Ok: queued as 0028317E08)
Jun  4 07:36:11 rusty postfix/smtp[12804]: 91EBA118174: to=<cyph@cyph.yi.org>, relay=cyph.ath.cx[218.186.81.114], delay=4, status=sent (250 Ok: queued as 5CB102A3E)
Jun  4 07:36:11 rusty postfix/smtp[12871]: A30C1118177: to=<shylon_2005@fastermail.com>, relay=fastermail-com.mr.outblaze.com[64.62.181.92], delay=4, status=bounced (host fastermail-com.mr.outblaze.com[64.62.181.92] said: 550 <shylon_2005@fastermail.com>: inactive user (in reply to RCPT TO command))
Jun  4 07:36:11 rusty postfix/smtp[12802]: D1D4511817A: to=<danny@anatomy.usyd.edu.au>, relay=mail.medsci.usyd.edu.au[129.78.151.5], delay=4, status=sent (250 2.0.0 Ok: queued as 1F7C874C13B)
Jun  4 07:36:11 rusty postfix/smtp[12891]: A30C1118177: to=<francis@oztell.com>, relay=mx1.au.oztell.com[203.27.92.40], delay=4, status=sent (250 2.0.0 Ok: queued as D91F15016F)
Jun  4 07:36:11 rusty postfix/smtp[12818]: 91EBA118174: to=<slug@inbhe.org>, relay=inbhe.org[74.200.208.185], delay=4, status=sent (250 OK id=1Huxae-0005WO-7W)
Jun  4 07:36:11 rusty postfix/smtp[12822]: 91EBA118174: to=<slug@izvor.net>, relay=mail.izvor.net[195.8.222.33], delay=4, status=sent (250 ok 1180906061 qp 11812)
Jun  4 07:36:11 rusty postfix/smtp[12848]: D1D4511817A: to=<jeffrey.borkent@adelaide.edu.au>, relay=mx-02.adelaide.edu.au[192.43.228.206], delay=4, status=sent (250 ok:  Message 58388566 accepted)
Jun  4 07:36:12 rusty postfix/smtp[12870]: D1D4511817A: to=<mark.phillips@automatedtestsystems.com.au>, relay=filter.mail.com.au[203.17.36.9], delay=5, status=sent (250 Ok: queued as 40AD52B2AFA)
Jun  4 07:36:12 rusty postfix/smtp[12848]: D1D4511817A: to=<boris@brooknet.com.au>, relay=mailin2.pacific.net.au[61.8.0.81], delay=5, status=sent (250 2.0.0 Ok: queued as 484E5187F2B)
Jun  4 07:36:12 rusty postfix/smtp[12848]: connect to mx0.tip.net.au[203.10.76.5]: Connection refused (port 25)
Jun  4 07:36:12 rusty postfix/smtp[12790]: A30C1118177: to=<barry.schon@hbfuller.com>, relay=mx-nrs.iad.mail-abuse.org[168.61.60.74], delay=5, status=sent (250 2.0.0 Ok: queued as B4CB019367D)
Jun  4 07:36:12 rusty postfix/smtp[12888]: A30C1118177: to=<yontei@nifty.com>, relay=mx.nifty.com[202.248.238.10], delay=5, status=sent (250 2.0.0 l53LRe5a019930 Message accepted for delivery)
Jun  4 07:36:12 rusty postfix/smtp[12861]: A30C1118177: to=<dougstalker@au1.ibm.com>, relay=ausmtp02.au.ibm.com[202.81.18.187], delay=5, status=sent (250 2.0.0 l53LMV3H041056 Message accepted for delivery)
Jun  4 07:36:12 rusty postfix/smtp[12887]: A30C1118177: to=<david@wspirates.com>, relay=mail.dward.us[59.167.244.51], delay=5, status=sent (250 2.0.0 Ok: queued as 81F7C280D1)
Jun  4 07:36:12 rusty postfix/smtp[12845]: 91EBA118174: to=<andrew-slug@puzzling.org>, relay=home.puzzling.org[220.233.228.86], delay=5, status=sent (250 2.0.0 Ok: queued as 57D217880A1)
Jun  4 07:36:12 rusty postfix/smtp[12848]: D1D4511817A: to=<millerp@canb.auug.org.au>, relay=smtps.tip.net.au[203.10.76.44], delay=5, status=sent (250 2.0.0 Ok: queued as 7098336806F)
Jun  4 07:36:12 rusty postfix/smtp[12851]: D1D4511817A: to=<david.fisher@asic.gov.au>, relay=asic-in-157.sge.net[152.91.3.157], delay=5, status=sent (250 2.0.0 Ok: queued as 591BF739)
Jun  4 07:36:12 rusty postfix/smtp[12882]: A30C1118177: to=<thaytan@mad.scientist.com>, relay=ob-mail-com.mr.outblaze.com[208.36.123.68], delay=5, status=sent (250 Ok: queued as 3CCF08893)
Jun  4 07:36:12 rusty postfix/smtp[12791]: D1D4511817A: to=<ben.alex@acegi.com.au>, relay=lucky.acegi.com.au[203.34.9.12], delay=5, status=sent (250 OK id=1HuxwD-0004RS-Na)
Jun  4 07:36:12 rusty postfix/smtp[12832]: 91EBA118174: to=<rtmisc1999@netscape.net>, relay=mailin-04.mx.aol.com[64.12.138.88], delay=5, status=sent (250 OK)
Jun  4 07:36:12 rusty postfix/smtp[12879]: A30C1118177: to=<n@linearg.com>, relay=mx0.linearg.com[202.90.48.2], delay=5, status=sent (250 Ok: queued as C7FCA80178B6)
Jun  4 07:36:12 rusty postfix/smtp[12858]: 91EBA118174: to=<linux@wongy.org>, relay=root.wongy.org[64.6.252.89], delay=5, status=sent (250 OK id=1Huxbx-00059Y-QE)
Jun  4 07:36:12 rusty postfix/smtp[12888]: D1D4511817A: to=<bdonohue@cdm.com.au>, relay=mail.cdm.com.au[203.36.181.203], delay=5, status=sent (250 ok:  Message 1670435 accepted)
Jun  4 07:36:12 rusty postfix/smtp[12893]: A30C1118177: to=<dmar@paris.com>, relay=ob-mail-com.mr.outblaze.com[208.36.123.55], delay=5, status=sent (250 Ok: queued as CE6A5CF013)
Jun  4 07:36:12 rusty postfix/smtp[12889]: A30C1118177: to=<andrew@operationaldynamics.com>, relay=mailwash11.pair.com[66.39.2.11], delay=5, status=sent (250 Ok: queued as 16A51120365)
Jun  4 07:36:12 rusty postfix/smtp[12851]: connect to mail-kr.bigfoot.com[211.115.216.252]: Connection refused (port 25)
Jun  4 07:36:12 rusty postfix/smtp[12883]: A30C1118177: to=<rbyrnes@mailshack.com>, relay=mail.nerdshack.com[72.249.41.50], delay=5, status=sent (250 Message accepted.)
Jun  4 07:36:12 rusty postfix/smtp[12805]: 91EBA118174: to=<vini@fugspbr.org>, relay=fltr-in1.mail.dreamhost.com[208.97.132.73], delay=5, status=sent (250 Ok: queued as 39C4815B833)
Jun  4 07:36:12 rusty postfix/smtp[12884]: connect to smtp.messinthecorner.com[202.4.232.140]: No route to host (port 25)
Jun  4 07:36:12 rusty postfix/smtp[12794]: A30C1118177: to=<themuso@themuso.com>, relay=mx2.balanced.spunky.mail.dreamhost.com[208.97.132.48], delay=5, status=sent (250 Ok: queued as D3CCD407A5)
Jun  4 07:36:12 rusty postfix/smtp[12856]: A30C1118177: to=<marty@supine.com>, relay=mail.mamista.net[64.71.152.85], delay=5, status=sent (250 2.0.0 Ok: queued as A194B41430)
Jun  4 07:36:13 rusty postfix/smtp[12822]: D1D4511817A: to=<dean@bong.com.au>, relay=aramaki.bong.com.au[202.76.172.99], delay=5, status=sent (250 OK id=1Huxbz-0007HG-UU)
Jun  4 07:36:13 rusty postfix/smtp[12846]: A30C1118177: to=<andrew@swinndesign.com>, relay=mx2.balanced.spunky.mail.dreamhost.com[208.97.132.48], delay=5, status=sent (250 Ok: queued as 3DD9871C98)
Jun  4 07:36:13 rusty postfix/smtp[12877]: D1D4511817A: to=<simone.magri@atnf.csiro.au>, relay=ccs1.act.csiro.au[150.229.2.16], delay=5, status=sent (250 ok:  Message 161346630 accepted)
Jun  4 07:36:13 rusty postfix/smtp[12788]: 88186118145: to=<bwaldow@alum.mit.edu>, relay=ALUM-1.mit.edu[18.7.7.79], delay=6, status=sent (250 2.0.0 l53LRcM1004583 Message accepted for delivery)
Jun  4 07:36:13 rusty postfix/smtpd[12783]: connect from mailipbo.vtcif.telstra.com.au[202.12.144.29]
Jun  4 07:36:13 rusty postfix/smtp[12873]: A30C1118177: to=<sluggers-garchive-86299@googlegroups.com>, relay=gmr-smtp-in.l.google.com[209.85.147.14], delay=5, status=sent (250 2.0.0 OK 1180906061 k36si1743845waf)
Jun  4 07:36:13 rusty postfix/smtp[12876]: A30C1118177: to=<martin.visser@hp.com>, relay=smtp.hp.com[192.151.81.254], delay=6, status=sent (250 Ok: queued as 60A6A32EF3)
Jun  4 07:36:13 rusty postfix/smtp[12818]: D1D4511817A: to=<alucre@bigpond.net.au>, relay=extmail.bpbb.bigpond.com[144.140.80.14], delay=6, status=sent (250 Message received: 20070603212741.SFKD16835.imta10ps.mx.bigpond.com@rusty.slug.org.au)
Jun  4 07:36:13 rusty postfix/smtp[12818]: D1D4511817A: to=<gblacklo@bigpond.net.au>, relay=extmail.bpbb.bigpond.com[144.140.80.14], delay=6, status=sent (250 Message received: 20070603212741.SFKD16835.imta10ps.mx.bigpond.com@rusty.slug.org.au)
Jun  4 07:36:13 rusty postfix/smtp[12818]: D1D4511817A: to=<poflynn@bigpond.net.au>, relay=extmail.bpbb.bigpond.com[144.140.80.14], delay=6, status=sent (250 Message received: 20070603212741.SFKD16835.imta10ps.mx.bigpond.com@rusty.slug.org.au)
Jun  4 07:36:13 rusty postfix/smtp[12818]: D1D4511817A: to=<smedleys@bigpond.net.au>, relay=extmail.bpbb.bigpond.com[144.140.80.14], delay=6, status=sent (250 Message received: 20070603212741.SFKD16835.imta10ps.mx.bigpond.com@rusty.slug.org.au)
Jun  4 07:36:13 rusty postfix/smtp[12793]: D1D4511817A: to=<del@babel.com.au>, relay=proxy3.clinipath.com.au[203.29.116.4], delay=6, status=sent (250 2.0.0 l53LRfJK014201 Message accepted for delivery)
Jun  4 07:36:13 rusty postfix/smtp[12806]: 3278C11817F: to=<adam@bogacki.net>, relay=eforwardct.name-services.com[216.163.188.58], delay=5, status=sent (250 2.0.0 Ok: queued as AF43923787A)
Jun  4 07:36:13 rusty postfix/smtp[12831]: 91EBA118174: to=<anton@myrddin.org>, relay=myrddin.org[66.39.23.9], delay=6, status=sent (250 Ok: queued as 1940E20A44)
Jun  4 07:36:13 rusty postfix/smtp[12876]: D1D4511817A: to=<invader_zim@cia.com.au>, relay=filter.mail.com.au[203.17.36.9], delay=6, status=sent (250 Ok: queued as 919752B2AFA)
Jun  4 07:36:13 rusty postfix/smtp[12875]: A30C1118177: to=<kirria_m@hotmail.com>, relay=mx3.hotmail.com[65.54.244.72], delay=6, status=bounced (host mx3.hotmail.com[65.54.244.72] said: 550 Requested action not taken: mailbox unavailable (in reply to RCPT TO command))
Jun  4 07:36:13 rusty postfix/smtp[12891]: D1D4511817A: to=<bend@bedel.mine.nu>, relay=bedel.mine.nu[59.167.236.22], delay=6, status=sent (250 ok 1180906062 qp 30075)
Jun  4 07:36:13 rusty postfix/smtp[12884]: A30C1118177: to=<paul@messinthecorner.com>, relay=smtp2.anchor.net.au[202.4.236.107], delay=6, status=sent (250 2.0.0 l53LRgjD024416 Message accepted for delivery)
Jun  4 07:36:13 rusty postfix/smtp[12875]: A30C1118177: to=<martin_chan91@hotmail.com>, relay=mx3.hotmail.com[65.54.244.72], delay=6, status=bounced (host mx3.hotmail.com[65.54.244.72] said: 550 Requested action not taken: mailbox unavailable (in reply to RCPT TO command))
Jun  4 07:36:13 rusty postfix/smtp[12875]: A30C1118177: to=<skipevans2004@hotmail.com>, relay=mx3.hotmail.com[65.54.244.72], delay=6, status=bounced (host mx3.hotmail.com[65.54.244.72] said: 550 Requested action not taken: mailbox unavailable (in reply to RCPT TO command))
Jun  4 07:36:13 rusty postfix/smtp[12836]: 91EBA118174: to=<chito@openoffice.org>, relay=cylon1.sjc.collab.net[204.16.104.10], delay=6, status=sent (250 ok:  Message 73561802 accepted)
Jun  4 07:36:13 rusty postfix/smtp[12878]: D1D4511817A: to=<glen.turner+linuxsa@aarnet.edu.au>, relay=cluster9.us.messagelabs.com[216.82.242.99], delay=6, status=sent (250 ok 1180906062 qp 23574 server-7.tower-131.messagelabs.com!1180906061!16868367!1)
Jun  4 07:36:13 rusty postfix/smtp[12816]: 91EBA118174: to=<busam@gmx.net>, relay=mx0.gmx.net[213.165.64.100], delay=6, status=sent (250 2.6.0 Message accepted {mx010})
Jun  4 07:36:13 rusty postfix/smtp[12889]: 3BED2118181: to=<thai@mrvalid.au.com>, relay=mx3.netregistry.net[202.124.241.198], delay=5, status=sent (250 OK id=1Huxby-0004u2-1F)
Jun  4 07:36:13 rusty postfix/smtp[12853]: 91EBA118174: to=<jeremy@trilug.org>, relay=mail.trilug.org[64.244.27.136], delay=6, status=sent (250 2.0.0 Ok: queued as 958B6845FA)
Jun  4 07:36:13 rusty postfix/smtp[12825]: 91EBA118174: to=<micksa@knobbits.org>, relay=knobbits.org[203.26.40.93], delay=6, status=sent (250 Ok: queued as 56C805D62BC)
Jun  4 07:36:14 rusty postfix/smtp[12826]: A30C1118177: to=<jon@unicomsystems.com>, relay=unicomsystems.com[202.7.83.241], delay=7, status=sent (250 Ok: queued as 14729EF4FB0)
Jun  4 07:36:14 rusty postfix/smtp[12795]: A30C1118177: to=<yiz@telkitty.com>, relay=telkitty.com[75.126.133.224], delay=7, status=sent (250 OK id=1Huxby-00081I-N5)
Jun  4 07:36:14 rusty postfix/smtp[12891]: D1D4511817A: to=<mikem@cyber.com.au>, relay=caramel.cyber.com.au[203.7.155.7], delay=7, status=sent (250 Ok: queued as 32A9A1F4006)
Jun  4 07:36:14 rusty postfix/smtp[12826]: D1D4511817A: to=<ben.stanley@exemail.com.au>, relay=ipmx1.po.exetel.com.au[220.233.0.60], delay=7, status=sent (250 ok:  Message 40256426 accepted)
Jun  4 07:36:14 rusty postfix/smtp[12826]: D1D4511817A: to=<glen20@exemail.com.au>, relay=ipmx1.po.exetel.com.au[220.233.0.60], delay=7, status=sent (250 ok:  Message 40256426 accepted)
Jun  4 07:36:14 rusty postfix/smtp[12826]: D1D4511817A: to=<rjrd@exemail.com.au>, relay=ipmx1.po.exetel.com.au[220.233.0.60], delay=7, status=sent (250 ok:  Message 40256426 accepted)
Jun  4 07:36:14 rusty postfix/smtp[12882]: 3BED2118181: to=<JohnAGibbons@bigpond.com>, relay=extmail.bigpond.com[144.140.80.13], delay=6, status=sent (250 Message received: 20070603212742.TUDM14340.imta08ps.mx.bigpond.com@rusty.slug.org.au)
Jun  4 07:36:14 rusty postfix/smtp[12882]: 3BED2118181: to=<urban.renewal@bigpond.com>, relay=extmail.bigpond.com[144.140.80.13], delay=6, status=sent (250 Message received: 20070603212742.TUDM14340.imta08ps.mx.bigpond.com@rusty.slug.org.au)
Jun  4 07:36:14 rusty postfix/smtp[12828]: 91EBA118174: to=<slug@malignity.net>, relay=mx1.malignity.net[84.19.180.87], delay=7, status=sent (250 Ok: queued as 8E3C38E0136)
Jun  4 07:36:14 rusty postfix/smtp[12852]: A30C1118177: to=<subscriber@opensubscriber.com>, relay=BANDICOOT.DIEZMIL.com[206.222.29.51], delay=7, status=sent (250 2.0.0 l53LRfnn025489 Message accepted for delivery)
Jun  4 07:36:14 rusty postfix/smtp[12863]: A30C1118177: to=<jitsingh@blueboxsystems.com>, relay=mail.blueboxsystems.com[83.104.129.88], delay=7, status=sent (250 Ok: queued as CCE4D6B0D4C)
Jun  4 07:36:14 rusty postfix/smtp[12889]: D1D4511817A: to=<luke.vanderfluit@e3learning.com.au>, relay=mail.e3learning.com.au[202.6.138.236], delay=7, status=sent (250 Ok: queued as 54A6D7F464)
Jun  4 07:36:14 rusty postfix/smtp[12855]: 91EBA118174: to=<lists@varnes.net>, relay=aspmx.l.google.com[209.85.147.114], delay=7, status=sent (250 2.0.0 OK 1180906063 m30si7099322wag)
Jun  4 07:36:14 rusty postfix/smtp[12868]: A30C1118177: to=<lists.sridhar@dhanapalan.com>, relay=aspmx.l.google.com[209.85.147.27], delay=7, status=sent (250 2.0.0 OK 1180906063 j29si4517766waf)
Jun  4 07:36:14 rusty postfix/smtp[12857]: D1D4511817A: to=<russell.ashdown@ashdown.net.au>, relay=mail.accsoft.com.au[202.4.30.3], delay=7, status=sent (250 2.0.0 l53LRhpZ002898 Message accepted for delivery)
Jun  4 07:36:14 rusty postfix/smtp[12878]: D1D4511817A: to=<philip@derrin.id.au>, relay=a.mx.derrin.id.au[220.233.233.143], delay=7, status=sent (250 2.0.0 Ok: queued as 531911E96C)
Jun  4 07:36:14 rusty postfix/smtp[12795]: D1D4511817A: to=<tdenovan@expresspublications.com.au>, relay=relay1.fexious.com.au[202.171.172.47], delay=7, status=sent (250 2.0.0 l53LRi3f000709 Message accepted for delivery)
Jun  4 07:36:14 rusty postfix/smtp[12839]: 91EBA118174: to=<smb@phreaker.net>, relay=mx1.phreaker.net[38.113.3.67], delay=7, status=sent (250 Ok: queued as 4ED50875C09B)
Jun  4 07:36:14 rusty postfix/smtp[12842]: 91EBA118174: to=<phil@pkje.net>, relay=mailserver.pkje.net[213.171.216.30], delay=7, status=sent (250 Ok: queued as 0D22819E609)
Jun  4 07:36:14 rusty postfix/smtp[12889]: D1D4511817A: to=<james@gray.net.au>, relay=mail.gray.net.au[202.77.91.36], delay=7, status=sent (250 2.0.0 Ok: queued as BFA4A1F50B32)
Jun  4 07:36:14 rusty postfix/smtp[12860]: A30C1118177: to=<peter@appknow.com>, relay=appknow.com[64.22.87.103], delay=7, status=bounced (host appknow.com[64.22.87.103] said: 550-"The recipient cannot be verified.  Please check all recipients of this 550 message to verify they are valid." (in reply to RCPT TO command))
Jun  4 07:36:14 rusty postfix/smtp[12891]: D1D4511817A: to=<lking@fp.fairfax.com.au>, relay=mailgatensw1.fairfax.com.au[203.26.51.21], delay=7, status=sent (250 Ok: queued as AA56C49800B)
Jun  4 07:36:14 rusty postfix/smtp[12891]: D1D4511817A: to=<woodgrove@iform.net.au>, relay=mail.iform.net.au[203.31.99.33], delay=7, status=bounced (host mail.iform.net.au[203.31.99.33] said: 550 5.1.1 <woodgrove@iform.net.au> User unknown; rejecting (in reply to RCPT TO command))
Jun  4 07:36:14 rusty postfix/smtp[12798]: D1D4511817A: to=<john.nicholls@acslink.aone.net.au>, relay=filter.iinet.net.au[203.0.178.192], delay=7, status=sent (250 ok:  Message 127935061 accepted)
Jun  4 07:36:14 rusty postfix/smtp[12880]: D1D4511817A: to=<mjd@almatech.net.au>, relay=mail.almatech.net.au[209.135.157.86], delay=7, status=sent (250 OK id=1Huxbz-0000fr-B0)
Jun  4 07:36:14 rusty postfix/smtp[12824]: A30C1118177: to=<rtiwari@gl-asia.com>, relay=tokyomail.gl-asia.com[61.120.199.199], delay=7, status=sent (250 2.6.0  <34a99ab40706031426g4ea46d97v5bcdd5edfeff89ea@mail.gmail.com> Queued mail for delivery)
Jun  4 07:36:14 rusty postfix/smtp[12858]: 3BED2118181: to=<andrewmccallumau@hotmail.com>, relay=mx2.hotmail.com[65.54.244.168], delay=6, status=sent (250  <20070603213608.3BED2118181@rusty.slug.org.au> Queued mail for delivery)
Jun  4 07:36:14 rusty postfix/smtp[12858]: 3BED2118181: to=<infinitedawn@hotmail.com>, relay=mx2.hotmail.com[65.54.244.168], delay=6, status=sent (250  <20070603213608.3BED2118181@rusty.slug.org.au> Queued mail for delivery)
Jun  4 07:36:14 rusty postfix/smtp[12858]: 3BED2118181: to=<lordtweety@hotmail.com>, relay=mx2.hotmail.com[65.54.244.168], delay=6, status=sent (250  <20070603213608.3BED2118181@rusty.slug.org.au> Queued mail for delivery)
Jun  4 07:36:14 rusty postfix/smtp[12858]: 3BED2118181: to=<ngaire_oleary@hotmail.com>, relay=mx2.hotmail.com[65.54.244.168], delay=6, status=sent (250  <20070603213608.3BED2118181@rusty.slug.org.au> Queued mail for delivery)
Jun  4 07:36:14 rusty postfix/smtp[12858]: 3BED2118181: to=<pcda009@hotmail.com>, relay=mx2.hotmail.com[65.54.244.168], delay=6, status=sent (250  <20070603213608.3BED2118181@rusty.slug.org.au> Queued mail for delivery)
Jun  4 07:36:14 rusty postfix/smtp[12858]: 3BED2118181: to=<slee89@hotmail.com>, relay=mx2.hotmail.com[65.54.244.168], delay=6, status=sent (250  <20070603213608.3BED2118181@rusty.slug.org.au> Queued mail for delivery)
Jun  4 07:36:14 rusty postfix/smtp[12858]: 3BED2118181: to=<tekrampage@hotmail.com>, relay=mx2.hotmail.com[65.54.244.168], delay=6, status=sent (250  <20070603213608.3BED2118181@rusty.slug.org.au> Queued mail for delivery)
Jun  4 07:36:14 rusty postfix/smtp[12858]: 3BED2118181: to=<tentmakeroz@hotmail.com>, relay=mx2.hotmail.com[65.54.244.168], delay=6, status=sent (250  <20070603213608.3BED2118181@rusty.slug.org.au> Queued mail for delivery)
Jun  4 07:36:14 rusty postfix/smtp[12858]: 3BED2118181: to=<trixski@hotmail.com>, relay=mx2.hotmail.com[65.54.244.168], delay=6, status=sent (250  <20070603213608.3BED2118181@rusty.slug.org.au> Queued mail for delivery)
Jun  4 07:36:15 rusty postfix/smtp[12868]: D1D4511817A: to=<kapusin@gtf.net.au>, relay=mail.greentreefrog.net.au[202.3.36.10], delay=8, status=sent (250 2.0.0 Ok: queued as 3D702AD3C2A)
Jun  4 07:36:15 rusty postfix/smtp[12858]: D1D4511817A: to=<kapusin@isp.net.au>, relay=mail.atu.net.au[202.1.116.46], delay=8, status=bounced (host mail.atu.net.au[202.1.116.46] said: 550 5.1.1 <kapusin@isp.net.au>: Recipient address rejected: User unknown in local recipient table (in reply to RCPT TO command))
Jun  4 07:36:15 rusty postfix/smtp[12864]: A30C1118177: to=<ben@burbong.com>, relay=burbong.com[202.173.181.222], delay=8, status=sent (250 2.0.0 l53LRd7C001717 Message accepted for delivery)
Jun  4 07:36:15 rusty postfix/smtp[12795]: D1D4511817A: to=<lindsay@holmwood.id.au>, relay=mail.holmwood.id.au[202.177.221.61], delay=8, status=sent (250 Ok: queued as F20B15852C)
Jun  4 07:36:15 rusty postfix/smtp[12866]: A30C1118177: to=<preti@dareworld.com>, relay=mx3.netregistry.net[202.124.241.198], delay=8, status=sent (250 OK id=1Huxc0-0001YM-7s)
Jun  4 07:36:15 rusty postfix/smtp[12868]: D1D4511817A: to=<pwren@it.uts.edu.au>, relay=filter.it.uts.edu.au[138.25.8.31], delay=8, status=sent (250 Ok: queued as 52E39DF206)
Jun  4 07:36:15 rusty postfix/smtp[12868]: D1D4511817A: to=<wim@it.uts.edu.au>, relay=filter.it.uts.edu.au[138.25.8.31], delay=8, status=sent (250 Ok: queued as 52E39DF206)
Jun  4 07:36:15 rusty postfix/smtp[12811]: A30C1118177: to=<a87shah@yahoo.com>, relay=d.mx.mail.yahoo.com[216.39.53.2], delay=8, status=sent (250 ok dirdel 7/1)
Jun  4 07:36:15 rusty postfix/smtp[12811]: A30C1118177: to=<aks310@yahoo.com>, relay=d.mx.mail.yahoo.com[216.39.53.2], delay=8, status=sent (250 ok dirdel 7/1)
Jun  4 07:36:15 rusty postfix/smtp[12811]: A30C1118177: to=<aus041@yahoo.com>, relay=d.mx.mail.yahoo.com[216.39.53.2], delay=8, status=sent (250 ok dirdel 7/1)
Jun  4 07:36:15 rusty postfix/smtp[12811]: A30C1118177: to=<mr_phillipus@yahoo.com>, relay=d.mx.mail.yahoo.com[216.39.53.2], delay=8, status=sent (250 ok dirdel 7/1)
Jun  4 07:36:15 rusty postfix/smtp[12811]: A30C1118177: to=<msalaque@yahoo.com>, relay=d.mx.mail.yahoo.com[216.39.53.2], delay=8, status=sent (250 ok dirdel 7/1)
Jun  4 07:36:15 rusty postfix/smtp[12811]: A30C1118177: to=<omega_point_au@yahoo.com>, relay=d.mx.mail.yahoo.com[216.39.53.2], delay=8, status=sent (250 ok dirdel 7/1)
Jun  4 07:36:15 rusty postfix/smtp[12811]: A30C1118177: to=<pingudebian@yahoo.com>, relay=d.mx.mail.yahoo.com[216.39.53.2], delay=8, status=sent (250 ok dirdel 7/1)
Jun  4 07:36:15 rusty postfix/smtp[12811]: A30C1118177: to=<rxaviers@yahoo.com>, relay=d.mx.mail.yahoo.com[216.39.53.2], delay=8, status=sent (250 ok dirdel 7/1)
Jun  4 07:36:15 rusty postfix/smtp[12864]: D1D4511817A: to=<david@kenpro.com.au>, relay=fast.kenpro.com.au[203.23.36.9], delay=8, status=sent (250 Ok: queued as 76B953DA13A)
Jun  4 07:36:15 rusty postfix/smtp[12819]: A30C1118177: to=<reply@avargo.com>, relay=ALT2.ASPMX.L.GOOGLE.com[66.249.93.114], delay=8, status=sent (250 2.0.0 OK 1180906064 q57si994185uga)
Jun  4 07:36:15 rusty postfix/smtp[12896]: A30C1118177: to=<craig@rootdev.com>, relay=mail.gwork.org[85.234.142.16], delay=8, status=sent (250 2.0.0 Ok: queued as 21A664626)
Jun  4 07:36:15 rusty postfix/smtp[12881]: A30C1118177: to=<slug@lo-4.com>, relay=gribbit.naughtymonkeys.net[58.6.195.1], delay=8, status=sent (250 2.0.0 Ok: queued as 6BE576C44E)
Jun  4 07:36:15 rusty postfix/smtpd[12755]: connect from bay0-omc1-s6.bay0.hotmail.com[65.54.246.78]
Jun  4 07:36:15 rusty postfix/smtp[12891]: D1D4511817A: to=<toliman@ihug.com.au>, relay=as-av.iinet.net.au[203.0.178.180], delay=8, status=sent (250 ok:  Message 33950644 accepted)
Jun  4 07:36:15 rusty postfix/smtp[12891]: D1D4511817A: to=<trev26@ihug.com.au>, relay=as-av.iinet.net.au[203.0.178.180], delay=8, status=sent (250 ok:  Message 33950644 accepted)
Jun  4 07:36:15 rusty postfix/smtp[12839]: D1D4511817A: to=<csogono@huoncc.com.au>, relay=sswitch.firstwave.com.au[202.12.141.132], delay=8, status=sent (250 2.0.0 l53LRjaL023542 Message accepted for delivery)
Jun  4 07:36:15 rusty postfix/smtp[12823]: D1D4511817A: to=<blinddog@alpha.net.au>, relay=sswitch.firstwave.com.au[202.12.141.132], delay=8, status=sent (250 2.0.0 l53LRjRj000713 Message accepted for delivery)
Jun  4 07:36:15 rusty postfix/smtp[12858]: D1D4511817A: to=<slug@james.id.au>, relay=smtp1.anchor.net.au[202.4.236.108], delay=8, status=sent (250 2.0.0 l53LRi712712 Message accepted for delivery)
Jun  4 07:36:15 rusty postfix/smtp[12847]: A30C1118177: to=<slug@zhasper.com>, relay=smtp.zhasper.com[85.10.197.134], delay=8, status=sent (250 2.0.0 l53LRg83004211 Message accepted for delivery)
Jun  4 07:36:15 rusty postfix/smtp[12854]: 91EBA118174: to=<chestie@unconcerned.org>, relay=unconcerned.org[69.56.173.122], delay=8, status=sent (250 Ok: queued as 64F56C2F1)
Jun  4 07:36:15 rusty postfix/smtp[12871]: D1D4511817A: to=<rich@buggy.id.au>, relay=buggy.id.au[69.89.22.110], delay=8, status=sent (250 OK id=1Huxby-0003jm-Uo)
Jun  4 07:36:15 rusty postfix/smtp[12855]: D1D4511817A: to=<philg@grimshaw.net.au>, relay=smtp.ilisys.com.au[203.202.10.84], delay=8, status=sent (250 ok 1180906065 qp 15134)
Jun  4 07:36:15 rusty postfix/smtpd[12782]: connect from vanilla.cyber.com.au[203.7.155.28]
Jun  4 07:36:15 rusty postfix/smtp[12824]: D1D4511817A: to=<Shane.Henry@integral.com.au>, relay=maila.integral.com.au[203.39.205.158], delay=8, status=sent (250 Message received OK)
Jun  4 07:36:15 rusty postfix/smtp[12809]: 3278C11817F: to=<mark+linux.slug@marklambert.net>, relay=in1.smtp.messagingengine.com[66.111.4.75], delay=7, status=sent (250 2.0.0 Ok: queued as 6CE4A4351F)
Jun  4 07:36:15 rusty postfix/smtp[12840]: 7813B118191: to=<mathison@optushome.com.au>, relay=mail.optusnet.com.au[211.29.132.250], delay=7, status=sent (250 2.0.0 l53LRh1K024020 Message accepted for delivery)
Jun  4 07:36:16 rusty postfix/smtp[12861]: D1D4511817A: to=<abbotts@ceinternet.com.au>, relay=sswitch.firstwave.com.au[202.12.141.132], delay=9, status=sent (250 2.0.0 l53LRinv002350 Message accepted for delivery)
Jun  4 07:36:16 rusty postfix/smtp[12877]: 3BED2118181: to=<slug@wildpossum.com>, relay=m1.dnsix.com[63.251.171.166], delay=8, status=sent (250 OK id=1Huxc0-00075R-3h)
Jun  4 07:36:16 rusty postfix/smtp[12861]: warning: numeric domain name in resource data of MX record for nettechnology.com.au: 220.233.10.110
Jun  4 07:36:16 rusty postfix/smtp[12861]: warning: numeric domain name in resource data of MX record for nettechnology.com.au: 139.130.45.103
Jun  4 07:36:16 rusty postfix/smtp[12896]: D1D4511817A: to=<slug@luke.bpa.nu>, relay=mx.luke.bpa.nu[144.136.98.91], delay=9, status=sent (250 Ok: queued as 096295CD28)
Jun  4 07:36:16 rusty postfix/smtp[12809]: D1D4511817A: to=<james@netregistry.com.au>, relay=mail.netregistry.net[218.185.51.134], delay=9, status=bounced (host mail.netregistry.net[218.185.51.134] said: 550 Unknown user (in reply to RCPT TO command))
Jun  4 07:36:16 rusty postfix/smtp[12811]: D1D4511817A: to=<lists@linsec.com.au>, relay=mail.linsec.com.au[220.233.82.238], delay=9, status=sent (250 Ok: queued as B9BDBE4139)
Jun  4 07:36:16 rusty postfix/smtp[12835]: A30C1118177: to=<fil@draxsen.com>, relay=mail.draxsen.com[202.51.171.42], delay=9, status=sent (250 OK id=1Huxbz-0002Wc-9r)
Jun  4 07:36:16 rusty postfix/smtp[12857]: D1D4511817A: to=<peter@hardy.dropbear.id.au>, relay=mta1.hardy.dropbear.id.au[207.210.93.195], delay=9, status=sent (250 2.0.0 Ok: queued as D280F681E6)
Jun  4 07:36:16 rusty postfix/smtp[12839]: connect to mailhubx.bluenetgroup.com[216.127.82.144]: Connection refused (port 25)
Jun  4 07:36:16 rusty postfix/smtp[12888]: 3BED2118181: to=<richard.sullivan@macquarie.com>, relay=cluster9.us.messagelabs.com[216.82.245.147], delay=8, status=sent (250 ok 1180906065 qp 30190 server-8.tower-147.messagelabs.com!1180906062!19047678!1)
Jun  4 07:36:16 rusty postfix/smtp[12820]: 91EBA118174: to=<robertc@squid-cache.org>, relay=squid-cache.org[12.160.37.9], delay=9, status=sent (250 2.0.0 l53LRiJg073862 Message accepted for delivery)
Jun  4 07:36:16 rusty postfix/smtp[12861]: D1D4511817A: to=<slug@nettechnology.com.au>, relay=220.233.10.110[220.233.10.110], delay=9, status=sent (250 2.0.0 l53K5vwE025515 Message accepted for delivery)
Jun  4 07:36:16 rusty postfix/smtp[12827]: 91EBA118174: to=<gousg-slug@m.gmane.org>, relay=lo.gmane.org[80.91.229.12], delay=9, status=sent (250 OK id=1Huxc0-0007eV-4D)
Jun  4 07:36:16 rusty postfix/smtp[12819]: D1D4511817A: to=<anthony@linuxhelp.com.au>, relay=tuxman.emusys.com.au[67.15.6.82], delay=9, status=sent (250 2.0.0 l53LGtbS021646 Message accepted for delivery)
Jun  4 07:36:16 rusty postfix/smtp[12829]: 91EBA118174: to=<matt@matchan.net>, relay=mail.matchan.net[64.246.52.105], delay=9, status=sent (250 2.0.0 l53LRdg0031306 Message accepted for delivery)
Jun  4 07:36:16 rusty postfix/smtp[12806]: D1D4511817A: to=<alexs@cse.unsw.edu.au>, relay=tone.orchestra.cse.unsw.edu.au[129.94.242.59], delay=9, status=sent (250 Mail spooled locally)
Jun  4 07:36:16 rusty postfix/smtp[12806]: D1D4511817A: to=<dsw@cse.unsw.edu.au>, relay=tone.orchestra.cse.unsw.edu.au[129.94.242.59], delay=9, status=sent (250 Mail spooled locally)
Jun  4 07:36:16 rusty postfix/smtp[12806]: D1D4511817A: to=<gusl@cse.unsw.edu.au>, relay=tone.orchestra.cse.unsw.edu.au[129.94.242.59], delay=9, status=sent (250 Mail spooled locally)
Jun  4 07:36:16 rusty postfix/smtp[12806]: D1D4511817A: to=<ianw@cse.unsw.edu.au>, relay=tone.orchestra.cse.unsw.edu.au[129.94.242.59], delay=9, status=sent (250 Mail spooled locally)
Jun  4 07:36:16 rusty postfix/smtp[12806]: D1D4511817A: to=<matthewc@cse.unsw.edu.au>, relay=tone.orchestra.cse.unsw.edu.au[129.94.242.59], delay=9, status=sent (250 Mail spooled locally)
Jun  4 07:36:16 rusty postfix/smtp[12806]: D1D4511817A: to=<simonb@cse.unsw.edu.au>, relay=tone.orchestra.cse.unsw.edu.au[129.94.242.59], delay=9, status=sent (250 Mail spooled locally)
Jun  4 07:36:16 rusty postfix/smtp[12828]: D1D4511817A: to=<dave@geko.net.au>, relay=vscan.hotkey.net.au[202.138.0.29], delay=9, status=sent (250 2.0.0 Ok: queued as 428FD988142)
Jun  4 07:36:16 rusty postfix/smtp[12815]: 91EBA118174: to=<zen@freedbms.net>, relay=smtp.where.secureserver.net[64.202.166.12], delay=9, status=sent (250 ok 1180906065 qp 15816 by pre-smtp07-01.prod.mesa1.secureserver.net)
Jun  4 07:36:16 rusty postfix/smtp[12876]: D1D4511817A: to=<chris@ctd.id.au>, relay=ASPMX.L.GOOGLE.COM[209.85.147.27], delay=9, status=sent (250 2.0.0 OK 1180906066 k9si4503606wah)
Jun  4 07:36:16 rusty postfix/smtp[12853]: D1D4511817A: to=<chris.m.maillists@ebit.com.au>, relay=antispam01.ebit.com.au[203.206.181.230], delay=9, status=sent (250 2.0.0 l53LRhMh080127 Message accepted for delivery)
Jun  4 07:36:17 rusty postfix/smtp[12866]: D1D4511817A: to=<jeremy@labelletoys.com.au>, relay=smtp.ilisys.com.au[203.202.10.84], delay=9, status=sent (250 ok 1180906066 qp 15151)
Jun  4 07:36:17 rusty postfix/smtp[12851]: 3BED2118181: to=<durc@bigfoot.com>, relay=mail-kr.bigfoot.com[211.115.216.226], delay=9, status=sent (250 Message accepted for delivery)
Jun  4 07:36:17 rusty postfix/smtp[12866]: D1D4511817A: to=<marghanita@ramin.com.au>, relay=mail.ans.com.au[203.132.0.4], delay=10, status=sent (250 Ok: queued as B0FF6DE434)
Jun  4 07:36:17 rusty postfix/smtp[12818]: D1D4511817A: to=<luke@chipcity.com.au>, relay=mx.adam.com.au[203.6.132.87], delay=10, status=sent (250 ok 1180906066 qp 58564)
Jun  4 07:36:17 rusty postfix/smtpd[12907]: connect from mta231.mail.re4.yahoo.com[206.190.59.47]
Jun  4 07:36:17 rusty postfix/smtp[12870]: D1D4511817A: to=<adelle@bullet.net.au>, relay=po.sisgroup.com.au[202.155.174.115], delay=10, status=sent (250 2.0.0 Ok: queued as 494411803F28C)
Jun  4 07:36:17 rusty postfix/smtp[12815]: D1D4511817A: to=<rick@praxis.com.au>, relay=mx1.d2.net.au[202.147.78.66], delay=10, status=sent (250 OK id=1Huxc3-0007xj-00)
Jun  4 07:36:17 rusty postfix/smtp[12836]: D1D4511817A: to=<lists@davidoff.com.au>, relay=mail.davidoff.com.au[203.88.121.1], delay=10, status=sent (250 ok 1180906066 qp 22311)
Jun  4 07:36:17 rusty postfix/smtpd[12909]: connect from s006.sjc.collab.net[204.16.104.2]
Jun  4 07:36:17 rusty postfix/smtp[12847]: D1D4511817A: to=<mseaton@melcoe.mq.edu.au>, relay=sunb.ocs.mq.edu.au[137.111.1.11], delay=10, status=sent (250 2.0.0 l53LRjO12939 Message accepted for delivery)
Jun  4 07:36:17 rusty postfix/smtp[12801]: A30C1118177: to=<99oyvho8j0zcpgp001@sneakemail.com>, relay=mail.sneakemail.com[38.113.6.61], delay=10, status=sent (250 got it.)
Jun  4 07:36:17 rusty postfix/smtp[12853]: D1D4511817A: to=<s.jahangir@qut.edu.au>, relay=mx1.qut.edu.au[131.181.254.7], delay=10, status=sent (250 FZH21816 Message accepted for delivery)
Jun  4 07:36:17 rusty postfix/smtp[12809]: D1D4511817A: to=<norwest@northnet.com.au>, relay=mail06-mx.chariot.net.au[203.87.93.99], delay=10, status=sent (250 2.0.0 Ok: queued as 7B3CF109624)
Jun  4 07:36:17 rusty postfix/smtp[12893]: 3BED2118181: to=<unspecifiedid@madzag.com>, relay=saturn.unknowndns.net[221.133.206.26], delay=9, status=sent (250 OK id=1Huxbz-0000ws-U9)
Jun  4 07:36:17 rusty postfix/smtp[12829]: D1D4511817A: to=<jarich@perltraining.com.au>, relay=teddybear.perltraining.com.au[210.23.138.169], delay=10, status=sent (250 Ok: queued as 7B4C8A8D1A)
Jun  4 07:36:17 rusty postfix/smtp[12883]: 3BED2118181: to=<webmaster@orientbeach.com>, relay=vmail3.dls.net[209.242.20.76], delay=9, status=sent (250 ok 1180906956 qp 16676)
Jun  4 07:36:17 rusty postfix/smtp[12890]: A30C1118177: to=<ctm@ozmitchell.com>, relay=www.ozmitchell.com[203.158.62.26], delay=10, status=sent (250 Queued! 1180906066 qp 21800 <34a99ab40706031426g4ea46d97v5bcdd5edfeff89ea@mail.gmail.com>)
Jun  4 07:36:17 rusty postfix/smtp[12848]: 3BED2118181: to=<becsta@becsta.com>, relay=mailwash21.pair.com[66.39.2.21], delay=9, status=sent (250 Ok: queued as E40094C2B6)
Jun  4 07:36:17 rusty postfix/smtp[12841]: A30C1118177: to=<brian@sharoncolon.com>, relay=mx.sharoncolon.com[65.254.254.50], delay=10, status=sent (250 OK id=1Huxc1-0006tp-PY)
Jun  4 07:36:17 rusty postfix/smtp[12842]: connect to mic.icafe.com.au[60.242.158.40]: No route to host (port 25)
Jun  4 07:36:17 rusty postfix/smtp[12838]: A30C1118177: to=<dale.buck@ubs.com>, relay=ubs.com.s201a1.psmtp.com[207.126.154.10], delay=10, status=sent (250 Thanks)
Jun  4 07:36:17 rusty postfix/smtp[12896]: D1D4511817A: to=<andrew@netwaynetworks.com.au>, relay=mail2.netwaynetworks.com.au[202.7.88.77], delay=10, status=sent (250 2.0.0 l53LRjOc020244 Message accepted for delivery)
Jun  4 07:36:17 rusty postfix/smtp[12896]: D1D4511817A: to=<marty@netwaynetworks.com.au>, relay=mail2.netwaynetworks.com.au[202.7.88.77], delay=10, status=sent (250 2.0.0 l53LRjOc020244 Message accepted for delivery)
Jun  4 07:36:17 rusty postfix/smtp[12896]: D1D4511817A: to=<steve@netwaynetworks.com.au>, relay=mail2.netwaynetworks.com.au[202.7.88.77], delay=10, status=sent (250 2.0.0 l53LRjOc020244 Message accepted for delivery)
Jun  4 07:36:17 rusty postfix/smtp[12881]: D1D4511817A: to=<steveg@magtech.com.au>, relay=cluster4.us.messagelabs.com[216.82.253.243], delay=10, status=sent (250 ok 1180906066 qp 781 server-12.tower-171.messagelabs.com!1180906065!3646030!1)
Jun  4 07:36:17 rusty postfix/smtp[12832]: 3BED2118181: to=<asib3edges@freeuk.com>, relay=mailspool.freeuk.net[212.126.144.71], delay=9, status=bounced (host mailspool.freeuk.net[212.126.144.71] said: 550-asib3edges@freeuk.com is not an active address at this host (Account 550 disabled due to inactivity) (in reply to RCPT TO command))
Jun  4 07:36:17 rusty postfix/smtp[12880]: D1D4511817A: to=<matt@infostream.com.au>, relay=router3.off.bel.au.market-source.com[220.233.111.227], delay=10, status=bounced (host router3.off.bel.au.market-source.com[220.233.111.227] said: 550 <matt@infostream.com.au>: User unknown in local recipient table (in reply to RCPT TO command))
Jun  4 07:36:17 rusty postfix/smtp[12871]: D1D4511817A: to=<nada@nada.com.au>, relay=saturn.he.net[216.218.170.2], delay=10, status=sent (250 Email accepted)
Jun  4 07:36:17 rusty postfix/smtpd[12913]: connect from unknown[203.58.108.204]
Jun  4 07:36:17 rusty postfix/smtp[12893]: D1D4511817A: to=<mikel@speleonics.com.au>, relay=av1.anchor.net.au[202.4.234.193], delay=10, status=sent (250 Ok: queued as 11F27698079)
Jun  4 07:36:17 rusty postfix/smtpd[12914]: connect from 203-206-181-230.perm.iinet.net.au[203.206.181.230]
Jun  4 07:36:17 rusty postfix/smtp[12793]: D1D4511817A: to=<chris@contemporary.net.au>, relay=contemporary.net.au[74.52.113.66], delay=10, status=sent (250 OK id=1HuxnB-0008S4-GR)
Jun  4 07:36:18 rusty postfix/smtp[12882]: D1D4511817A: to=<gdt@gdt.id.au>, relay=aix.gdt.id.au[150.101.246.227], delay=11, status=sent (250 2.0.0 l53LTMnM019367 Message accepted for delivery)
Jun  4 07:36:18 rusty postfix/smtp[12842]: D1D4511817A: to=<donohueb@icafe.com.au>, relay=none, delay=11, status=deferred (connect to mic.icafe.com.au[60.242.158.40]: No route to host)
Jun  4 07:36:18 rusty postfix/smtp[12823]: D1D4511817A: to=<john@mcquillen.bur.st>, relay=mail1.bur.st[203.82.212.241], delay=11, status=sent (250 Ok: queued as 19DF4B1D7)
Jun  4 07:36:18 rusty postfix/smtp[12820]: D1D4511817A: to=<ch.allen@ozemail.com.au>, relay=as-av.iinet.net.au[203.0.178.180], delay=11, status=sent (250 ok:  Message 33950657 accepted)
Jun  4 07:36:18 rusty postfix/smtp[12820]: D1D4511817A: to=<kenwilso@ozemail.com.au>, relay=as-av.iinet.net.au[203.0.178.180], delay=11, status=sent (250 ok:  Message 33950657 accepted)
Jun  4 07:36:18 rusty postfix/smtp[12820]: D1D4511817A: to=<parisp@ozemail.com.au>, relay=as-av.iinet.net.au[203.0.178.180], delay=11, status=sent (250 ok:  Message 33950657 accepted)
Jun  4 07:36:18 rusty postfix/smtp[12820]: D1D4511817A: to=<sdmoor@ozemail.com.au>, relay=as-av.iinet.net.au[203.0.178.180], delay=11, status=sent (250 ok:  Message 33950657 accepted)
Jun  4 07:36:18 rusty postfix/smtp[12891]: D1D4511817A: to=<mike@manacle.com.au>, relay=mail.manacle.com.au[203.30.164.229], delay=11, status=sent (250 Ok: queued as E505735DEC)
Jun  4 07:36:18 rusty postfix/smtp[12827]: D1D4511817A: to=<greebo@pacific.net.au>, relay=mailin2.pacific.net.au[61.8.0.81], delay=11, status=bounced (host mailin2.pacific.net.au[61.8.0.81] said: 550 5.1.1 <greebo@pacific.net.au>: Recipient address rejected: User unknown in virtual mailbox table (in reply to RCPT TO command))
Jun  4 07:36:18 rusty postfix/smtp[12861]: D1D4511817A: to=<gqs@pabxas.com.au>, relay=pabxas.com.au[60.242.51.29], delay=11, status=sent (250 Ok: queued as 56A901014743)
Jun  4 07:36:18 rusty postfix/smtp[12868]: D1D4511817A: to=<lannet@lannet.com.au>, relay=mx.lannet.com.au[121.223.205.167], delay=11, status=sent (250 2.0.0 Ok: queued as 3C960510014)
Jun  4 07:36:18 rusty postfix/smtp[12827]: D1D4511817A: to=<stephenblack@pacific.net.au>, relay=mailin2.pacific.net.au[61.8.0.81], delay=11, status=bounced (host mailin2.pacific.net.au[61.8.0.81] said: 550 5.1.1 <stephenblack@pacific.net.au>: Recipient address rejected: User unknown in virtual mailbox table (in reply to RCPT TO command))
Jun  4 07:36:18 rusty postfix/smtp[12827]: D1D4511817A: to=<greendog@pacific.net.au>, relay=mailin2.pacific.net.au[61.8.0.81], delay=11, status=sent (250 2.0.0 Ok: queued as 36121187F5F)
