Jun  4 07:37:04 rusty postfix/smtpd[12934]: 67A9F11817F: client=uscitsn16-o.hbfuller.com[198.57.13.116]
Jun  4 07:37:04 rusty postfix/smtpd[12932]: disconnect from mta129.mail.ukl.yahoo.com[217.12.11.78]
Jun  4 07:37:04 rusty postfix/cleanup[12944]: 67A9F11817F: message-id=<20070603213704.67A9F11817F@rusty.slug.org.au>
Jun  4 07:37:04 rusty postfix/local[12953]: 67A9F11817F: to=<slug-bounces@slug.org.au>, relay=local, delay=32, status=sent (delivered to command: /var/lib/mailman/mail/mailman bounces slug)
Jun  4 07:37:06 rusty postfix/smtpd[12925]: disconnect from customer-mail01.day3.com.au[202.0.155.93]
Jun  4 07:37:06 rusty postfix/local[12799]: 0FC4211817B: to=<slug-bounces@slug.org.au>, relay=local, delay=41, status=sent (delivered to command: /var/lib/mailman/mail/mailman bounces slug)
Jun  4 07:37:07 rusty postfix/smtp[12855]: 51B6511818D: to=<jacek@hermes.net.au>, relay=blue.hermes.net.au[203.220.17.74], delay=59, status=sent (250 2.0.0 l53LRp4f006641 Message accepted for delivery)
Jun  4 07:37:07 rusty postfix/cleanup[12784]: 5AFE311817B: message-id=<20070603213707.5AFE311817B@rusty.slug.org.au>
Jun  4 07:37:07 rusty postfix/local[12785]: 5AFE311817B: to=<slug-bounces@slug.org.au>, relay=local, delay=0, status=sent (delivered to command: /var/lib/mailman/mail/mailman bounces slug)
Jun  4 07:37:08 rusty postfix/smtp[12793]: D1D4511817A: to=<robert@thorsby.com.au>, relay=green.hot.net.au[202.183.109.12], delay=61, status=sent (250 2.0.0 l53LRwhg058680 Message accepted for delivery)
Jun  4 07:37:09 rusty postfix/smtpd[12930]: warning: 249.232.177.198.opm.blitzed.org: RBL lookup error: Host or domain name not found. Name service error for name=249.232.177.198.opm.blitzed.org type=A: Host not found, try again
Jun  4 07:37:09 rusty postfix/smtpd[12930]: 2D15A11817B: client=mail2.avocent.com[198.177.232.249]
Jun  4 07:37:09 rusty postfix/smtpd[12937]: warning: 22.51.26.203.opm.blitzed.org: RBL lookup error: Host or domain name not found. Name service error for name=22.51.26.203.opm.blitzed.org type=A: Host not found, try again
Jun  4 07:37:09 rusty postfix/smtpd[12937]: 2F86611817F: client=mailgatensw.fairfax.com.au[203.26.51.22]
Jun  4 07:37:09 rusty postfix/cleanup[12944]: 2F86611817F: message-id=<E148D96F2E3CD311BFF400508B443ED804E9C7A5@fpmail.fp.fairfax.com.au>
Jun  4 07:37:09 rusty postfix/smtpd[12937]: disconnect from mailgatensw.fairfax.com.au[203.26.51.22]
Jun  4 07:37:09 rusty postfix/local[12953]: 2F86611817F: to=<slug-bounces@slug.org.au>, relay=local, delay=32, status=sent (delivered to command: /var/lib/mailman/mail/mailman bounces slug)
Jun  4 07:37:09 rusty postfix/cleanup[12942]: 2D15A11817B: message-id=<FRaqbC8wS00060bd7@mail.avocent.com>
Jun  4 07:37:10 rusty postfix/smtp[12867]: connect to postoffice.telstra.net[203.50.2.186]: Connection timed out (port 25)
Jun  4 07:37:10 rusty postfix/local[12799]: 2D15A11817B: to=<slug-bounces@slug.org.au>, relay=local, delay=33, status=sent (delivered to command: /var/lib/mailman/mail/mailman bounces slug)
Jun  4 07:37:10 rusty postfix/smtpd[12930]: disconnect from mail2.avocent.com[198.177.232.249]
Jun  4 07:37:10 rusty postfix/smtpd[12782]: connect from mail.al.com.au[203.94.172.53]
Jun  4 07:37:10 rusty postfix/smtpd[12934]: disconnect from uscitsn16-o.hbfuller.com[198.57.13.116]
Jun  4 07:37:11 rusty postfix/smtp[12893]: D1D4511817A: to=<john@tenton.com.au>, relay=tenton.com.au[202.60.77.162], delay=64, status=sent (250 OK id=1Huxct-0008Ay-7q)
Jun  4 07:37:12 rusty postfix/smtpd[12930]: connect from p12308-adslbkksp4.C.csloxinfo.net[58.136.48.116]
Jun  4 07:37:13 rusty postfix/smtp[12818]: D1D4511817A: to=<rradbone@virtual.net.au>, relay=mx1.virtual.net.au[203.29.19.50], delay=66, status=sent (250 message sent ok)
Jun  4 07:37:15 rusty postfix/smtpd[12760]: warning: 190.216.79.217.opm.blitzed.org: RBL lookup error: Host or domain name not found. Name service error for name=190.216.79.217.opm.blitzed.org type=A: Host not found, try again
Jun  4 07:37:15 rusty postfix/smtpd[12760]: C467411817B: client=cluster-e.mailcontrol.com[217.79.216.190]
Jun  4 07:37:16 rusty postfix/cleanup[12943]: C467411817B: message-id=<vq1z5uZOg00015287@smtp0.logicacmg.com>
Jun  4 07:37:16 rusty postfix/local[12785]: C467411817B: to=<slug-bounces@slug.org.au>, relay=local, delay=32, status=sent (delivered to command: /var/lib/mailman/mail/mailman bounces slug)
Jun  4 07:37:17 rusty postfix/smtpd[12760]: disconnect from cluster-e.mailcontrol.com[217.79.216.190]
Jun  4 07:37:20 rusty postfix/smtpd[12782]: warning: 53.172.94.203.relays.ordb.org: RBL lookup error: Host or domain name not found. Name service error for name=53.172.94.203.relays.ordb.org type=A: Host not found, try again
Jun  4 07:37:30 rusty postfix/smtpd[12914]: connect from host-65-124-89-106.entouch.net[65.124.89.106]
Jun  4 07:37:32 rusty postfix/smtpd[12914]: NOQUEUE: reject: RCPT from host-65-124-89-106.entouch.net[65.124.89.106]: 554 Service unavailable; Client host [65.124.89.106] blocked using cbl.abuseat.org; Blocked - see http://cbl.abuseat.org/lookup.cgi?ip=65.124.89.106; from=<Adrianaforlornreuben@entouch.net> to=<scandinaviansabdomens@slug.org.au> proto=ESMTP helo=<entouch.net>
Jun  4 07:37:33 rusty postfix/smtpd[12914]: disconnect from host-65-124-89-106.entouch.net[65.124.89.106]
Jun  4 07:37:37 rusty postfix/smtp[12821]: D1D4511817A: to=<lloy0076@adam.com.au>, relay=chinook.mail.adnap.net.au[203.6.132.82], delay=90, status=sent (250 OK id=1HuxdG-000ISF-2w)
Jun  4 07:37:40 rusty postfix/smtp[12867]: connect to postoffice.telstra.net[203.50.40.137]: Connection timed out (port 25)
Jun  4 07:37:40 rusty postfix/smtp[12867]: A30C1118177: to=<rene@dcnut.com>, relay=none, delay=93, status=deferred (connect to postoffice.telstra.net[203.50.40.137]: Connection timed out)
Jun  4 07:37:41 rusty postfix/smtpd[12782]: warning: 53.172.94.203.opm.blitzed.org: RBL lookup error: Host or domain name not found. Name service error for name=53.172.94.203.opm.blitzed.org type=A: Host not found, try again
Jun  4 07:37:41 rusty postfix/smtpd[12782]: 0862C11817B: client=mail.al.com.au[203.94.172.53]
Jun  4 07:37:41 rusty postfix/cleanup[12784]: 0862C11817B: message-id=<receipt-13934085@al.com.au>
Jun  4 07:37:41 rusty postfix/smtpd[12782]: disconnect from mail.al.com.au[203.94.172.53]
Jun  4 07:37:41 rusty postfix/local[12953]: 0862C11817B: to=<slug-bounces@slug.org.au>, relay=local, delay=31, status=sent (delivered to command: /var/lib/mailman/mail/mailman bounces slug)
Jun  4 07:37:45 rusty postfix/smtpd[12909]: connect from mta291.mail.mud.yahoo.com[209.191.88.44]
Jun  4 07:37:55 rusty postfix/smtpd[12912]: connect from 82-47-58-37.cable.ubr02.sand.blueyonder.co.uk[82.47.58.37]
Jun  4 07:37:57 rusty postfix/smtpd[12909]: warning: 44.88.191.209.relays.ordb.org: RBL lookup error: Host or domain name not found. Name service error for name=44.88.191.209.relays.ordb.org type=A: Host not found, try again
Jun  4 07:38:00 rusty postfix/smtpd[12912]: NOQUEUE: reject: RCPT from 82-47-58-37.cable.ubr02.sand.blueyonder.co.uk[82.47.58.37]: 554 Service unavailable; Client host [82.47.58.37] blocked using ix.dnsbl.manitu.net; Comment:   IP address blocked, see http://ix.dnsbl.manitu.net/lookup.php?ipaddress=82.47.58.37, latest spam received via relay.heise.de at 2007-06-03T23:21+0200; from=<var-funds.com@localwellness.com> to=<2bcraige@slug.org.au> proto=SMTP helo=<localhost>
Jun  4 07:38:01 rusty postfix/smtpd[12912]: lost connection after RCPT from 82-47-58-37.cable.ubr02.sand.blueyonder.co.uk[82.47.58.37]
Jun  4 07:38:01 rusty postfix/smtpd[12912]: disconnect from 82-47-58-37.cable.ubr02.sand.blueyonder.co.uk[82.47.58.37]
Jun  4 07:38:01 rusty postfix/smtpd[12755]: connect from unknown[81.181.107.195]
Jun  4 07:38:03 rusty postfix/smtpd[12930]: NOQUEUE: reject: RCPT from p12308-adslbkksp4.C.csloxinfo.net[58.136.48.116]: 554 Service unavailable; Client host [58.136.48.116] blocked using dnsbl.njabl.org; 1180745091; from=<.@msa.hinet.net> to=<ctd@slug.org.au> proto=SMTP helo=<p12308-adslbkksp4.C.csloxinfo.net>
Jun  4 07:38:03 rusty postfix/smtpd[12755]: NOQUEUE: reject: RCPT from unknown[81.181.107.195]: 554 Service unavailable; Client host [81.181.107.195] blocked using ix.dnsbl.manitu.net; Comment:   IP address blocked, see http://ix.dnsbl.manitu.net/lookup.php?ipaddress=81.181.107.195, latest spam received via mx0.gmx.net at 2007-06-03T15:50+0200; from=<uznhofiy@coindisa.com> to=<mmoor@slug.org.au> proto=ESMTP helo=<[81.181.107.195]>
Jun  4 07:38:04 rusty postfix/smtpd[12755]: lost connection after RCPT from unknown[81.181.107.195]
Jun  4 07:38:04 rusty postfix/smtpd[12755]: disconnect from unknown[81.181.107.195]
Jun  4 07:38:09 rusty postfix/smtpd[12930]: disconnect from p12308-adslbkksp4.C.csloxinfo.net[58.136.48.116]
Jun  4 07:38:17 rusty postfix/smtpd[12909]: warning: 44.88.191.209.opm.blitzed.org: RBL lookup error: Host or domain name not found. Name service error for name=44.88.191.209.opm.blitzed.org type=A: Host not found, try again
Jun  4 07:38:17 rusty postfix/smtpd[12909]: 84E5F11817B: client=mta291.mail.mud.yahoo.com[209.191.88.44]
Jun  4 07:38:18 rusty postfix/cleanup[12944]: 84E5F11817B: message-id=<20070603213817.84E5F11817B@rusty.slug.org.au>
Jun  4 07:38:18 rusty postfix/local[12799]: 84E5F11817B: to=<slug-bounces@slug.org.au>, relay=local, delay=32, status=sent (delivered to command: /var/lib/mailman/mail/mailman bounces slug)
Jun  4 07:38:18 rusty postfix/smtpd[12909]: disconnect from mta291.mail.mud.yahoo.com[209.191.88.44]
Jun  4 07:38:19 rusty postfix/smtpd[12907]: connect from a81-14-162-107.net-htp.de[81.14.162.107]
Jun  4 07:38:21 rusty postfix/smtpd[12907]: NOQUEUE: reject: RCPT from a81-14-162-107.net-htp.de[81.14.162.107]: 554 <eannzotit@net-htp.de>: Sender address rejected: Domain not found; from=<eannzotit@net-htp.de> to=<chat@slug.org.au> proto=ESMTP helo=<a81-14-162-107.net-htp.de>
Jun  4 07:38:21 rusty postfix/smtpd[12907]: lost connection after RCPT from a81-14-162-107.net-htp.de[81.14.162.107]
Jun  4 07:38:21 rusty postfix/smtpd[12907]: disconnect from a81-14-162-107.net-htp.de[81.14.162.107]
Jun  4 07:38:41 rusty postfix/smtp[12859]: 91EBA118174: to=<haze@zzap.org>, relay=audumla.zzap.org[202.45.97.7], delay=154, status=sent (250 ok 1180906210 qp 22764)
Jun  4 07:38:41 rusty postfix/cleanup[12942]: 7F62E11817B: message-id=<20070603213841.7F62E11817B@rusty.slug.org.au>
Jun  4 07:38:41 rusty postfix/smtpd[12909]: warning: 190.49.106.65: hostname 190-49-106-65.speedy.com.ar verification failed: Name or service not known
Jun  4 07:38:41 rusty postfix/smtpd[12909]: connect from unknown[190.49.106.65]
Jun  4 07:38:41 rusty postfix/local[12785]: 7F62E11817B: to=<slug-bounces@slug.org.au>, relay=local, delay=0, status=sent (delivered to command: /var/lib/mailman/mail/mailman bounces slug)
Jun  4 07:38:50 rusty postfix/smtp[12874]: A30C1118177: to=<ajones@harvestroad.com>, relay=mail.harvestroad.com.au[203.103.97.27], delay=163, status=deferred (host mail.harvestroad.com.au[203.103.97.27] said: 450 <slug-bounces@slug.org.au>: Sender address rejected: Domain not found (in reply to RCPT TO command))
Jun  4 07:38:50 rusty postfix/cleanup[12943]: 37CF611817B: message-id=<20070603213850.37CF611817B@rusty.slug.org.au>
Jun  4 07:38:50 rusty postfix/local[12953]: 37CF611817B: to=<slug-bounces@slug.org.au>, relay=local, delay=0, status=sent (delivered to command: /var/lib/mailman/mail/mailman bounces slug)
Jun  4 07:38:54 rusty postfix/smtpd[12909]: warning: 65.106.49.190.relays.ordb.org: RBL lookup error: Host or domain name not found. Name service error for name=65.106.49.190.relays.ordb.org type=A: Host not found, try again
Jun  4 07:39:14 rusty postfix/smtpd[12909]: warning: 65.106.49.190.opm.blitzed.org: RBL lookup error: Host or domain name not found. Name service error for name=65.106.49.190.opm.blitzed.org type=A: Host not found, try again
Jun  4 07:39:14 rusty postfix/smtpd[12909]: NOQUEUE: reject: RCPT from unknown[190.49.106.65]: 450 <craigem@slug.org.au>: Recipient address rejected: Greylisted for 300 seconds (see http://isg.ee.ethz.ch/tools/postgrey/help/slug.org.au.html); from=<rootSoft@nesh.com> to=<craigem@slug.org.au> proto=ESMTP helo=<190-49-106-65.speedy.com.ar>
Jun  4 07:39:14 rusty postfix/smtpd[12909]: lost connection after RCPT from unknown[190.49.106.65]
Jun  4 07:39:14 rusty postfix/smtpd[12909]: disconnect from unknown[190.49.106.65]
Jun  4 07:39:37 rusty postfix/smtp[13023]: 29FD0118216: to=<marauder@progsoc.uts.edu.au>, relay=incubus.progsoc.uts.edu.au[138.25.6.7], delay=294401, status=deferred (host incubus.progsoc.uts.edu.au[138.25.6.7] said: 451 Temporary local problem - please try later (in reply to RCPT TO command))
Jun  4 07:39:37 rusty postfix/smtp[13023]: 29FD0118216: to=<wildfire@progsoc.uts.edu.au>, relay=incubus.progsoc.uts.edu.au[138.25.6.7], delay=294401, status=deferred (host incubus.progsoc.uts.edu.au[138.25.6.7] said: 451 Temporary local problem - please try later (in reply to RCPT TO command))
Jun  4 07:39:37 rusty postfix/smtp[13026]: 5B0D911811D: to=<wildfire@progsoc.uts.edu.au>, relay=incubus.progsoc.uts.edu.au[138.25.6.7], delay=51919, status=deferred (host incubus.progsoc.uts.edu.au[138.25.6.7] said: 451 Temporary local problem - please try later (in reply to RCPT TO command))
Jun  4 07:39:37 rusty postfix/smtp[13027]: 68F44118219: to=<marauder@progsoc.uts.edu.au>, relay=incubus.progsoc.uts.edu.au[138.25.6.7], delay=293198, status=deferred (host incubus.progsoc.uts.edu.au[138.25.6.7] said: 451 Temporary local problem - please try later (in reply to RCPT TO command))
Jun  4 07:39:37 rusty postfix/smtp[13027]: 68F44118219: to=<wildfire@progsoc.uts.edu.au>, relay=incubus.progsoc.uts.edu.au[138.25.6.7], delay=293198, status=deferred (host incubus.progsoc.uts.edu.au[138.25.6.7] said: 451 Temporary local problem - please try later (in reply to RCPT TO command))
Jun  4 07:39:37 rusty postfix/smtp[13019]: D2CEF11817E: to=<jdub@perkypants.org>, relay=mail.perkypants.org[70.85.31.216], delay=30057, status=deferred (host mail.perkypants.org[70.85.31.216] said: 452 Insufficient system storage (in reply to MAIL FROM command))
Jun  4 07:39:37 rusty postfix/smtp[13020]: D2CEF11817E: to=<greebo@pipka.org>, relay=mail.pipka.org[70.85.31.216], delay=30057, status=deferred (host mail.pipka.org[70.85.31.216] said: 452 Insufficient system storage (in reply to MAIL FROM command))
Jun  4 07:39:38 rusty postfix/smtp[13011]: CE46C11818E: to=<netsnipe_ml@optusnet.com.au>, relay=mail.optusnet.com.au[211.29.132.250], delay=430079, status=deferred (host mail.optusnet.com.au[211.29.132.250] said: 452 4.2.2 <netsnipe_ml@optusnet.com.au>... Mailbox full (in reply to RCPT TO command))
Jun  4 07:39:38 rusty postfix/smtp[13011]: CE46C11818E: to=<pintail@optusnet.com.au>, relay=mail.optusnet.com.au[211.29.132.250], delay=430079, status=deferred (host mail.optusnet.com.au[211.29.132.250] said: 452 4.2.2 <pintail@optusnet.com.au>... Mailbox full (in reply to RCPT TO command))
Jun  4 07:39:38 rusty postfix/smtp[13013]: EFFBB118206: to=<netsnipe_ml@optusnet.com.au>, relay=mail.optusnet.com.au[211.29.132.250], delay=397314, status=deferred (host mail.optusnet.com.au[211.29.132.250] said: 452 4.2.2 <netsnipe_ml@optusnet.com.au>... Mailbox full (in reply to RCPT TO command))
Jun  4 07:39:38 rusty postfix/smtp[13014]: E2D1D1181F1: to=<netsnipe_ml@optusnet.com.au>, relay=mail.optusnet.com.au[211.29.132.250], delay=400466, status=deferred (host mail.optusnet.com.au[211.29.132.250] said: 452 4.2.2 <netsnipe_ml@optusnet.com.au>... Mailbox full (in reply to RCPT TO command))
Jun  4 07:39:38 rusty postfix/smtp[13014]: E2D1D1181F1: to=<pintail@optusnet.com.au>, relay=mail.optusnet.com.au[211.29.132.250], delay=400466, status=deferred (host mail.optusnet.com.au[211.29.132.250] said: 452 4.2.2 <pintail@optusnet.com.au>... Mailbox full (in reply to RCPT TO command))
Jun  4 07:39:38 rusty postfix/smtp[13015]: E83D1118208: to=<netsnipe_ml@optusnet.com.au>, relay=mail.optusnet.com.au[211.29.132.250], delay=329999, status=deferred (host mail.optusnet.com.au[211.29.132.250] said: 452 4.2.2 <netsnipe_ml@optusnet.com.au>... Mailbox full (in reply to RCPT TO command))
Jun  4 07:39:38 rusty postfix/smtp[13015]: E83D1118208: to=<pintail@optusnet.com.au>, relay=mail.optusnet.com.au[211.29.132.250], delay=329999, status=deferred (host mail.optusnet.com.au[211.29.132.250] said: 452 4.2.2 <pintail@optusnet.com.au>... Mailbox full (in reply to RCPT TO command))
Jun  4 07:39:38 rusty postfix/smtp[13016]: ED8711181C8: to=<netsnipe_ml@optusnet.com.au>, relay=mail.optusnet.com.au[211.29.132.250], delay=331475, status=deferred (host mail.optusnet.com.au[211.29.132.250] said: 452 4.2.2 <netsnipe_ml@optusnet.com.au>... Mailbox full (in reply to RCPT TO command))
Jun  4 07:39:38 rusty postfix/smtp[13016]: ED8711181C8: to=<pintail@optusnet.com.au>, relay=mail.optusnet.com.au[211.29.132.250], delay=331475, status=deferred (host mail.optusnet.com.au[211.29.132.250] said: 452 4.2.2 <pintail@optusnet.com.au>... Mailbox full (in reply to RCPT TO command))
Jun  4 07:39:39 rusty postfix/smtp[13020]: B99CF1181FC: to=<netsnipe_ml@optusnet.com.au>, relay=mail.optusnet.com.au[211.29.132.250], delay=329217, status=deferred (host mail.optusnet.com.au[211.29.132.250] said: 452 4.2.2 <netsnipe_ml@optusnet.com.au>... Mailbox full (in reply to RCPT TO command))
Jun  4 07:39:39 rusty postfix/smtp[13019]: B2FA11181D5: to=<netsnipe_ml@optusnet.com.au>, relay=mail.optusnet.com.au[211.29.132.250], delay=415693, status=deferred (host mail.optusnet.com.au[211.29.132.250] said: 452 4.2.2 <netsnipe_ml@optusnet.com.au>... Mailbox full (in reply to RCPT TO command))
Jun  4 07:39:39 rusty postfix/smtp[13020]: B99CF1181FC: to=<pintail@optusnet.com.au>, relay=mail.optusnet.com.au[211.29.132.250], delay=329217, status=deferred (host mail.optusnet.com.au[211.29.132.250] said: 452 4.2.2 <pintail@optusnet.com.au>... Mailbox full (in reply to RCPT TO command))
Jun  4 07:39:39 rusty postfix/smtp[13027]: D1DBA1181D9: to=<netsnipe_ml@optusnet.com.au>, relay=mail.optusnet.com.au[211.29.132.250], delay=408281, status=deferred (host mail.optusnet.com.au[211.29.132.250] said: 452 4.2.2 <netsnipe_ml@optusnet.com.au>... Mailbox full (in reply to RCPT TO command))
Jun  4 07:39:39 rusty postfix/smtp[13023]: EECAE118154: to=<netsnipe_ml@optusnet.com.au>, relay=mail.optusnet.com.au[211.29.132.250], delay=51908, status=deferred (host mail.optusnet.com.au[211.29.132.250] said: 452 4.2.2 <netsnipe_ml@optusnet.com.au>... Mailbox full (in reply to RCPT TO command))
Jun  4 07:39:39 rusty postfix/smtp[13023]: EECAE118154: to=<pintail@optusnet.com.au>, relay=mail.optusnet.com.au[211.29.132.250], delay=51908, status=deferred (host mail.optusnet.com.au[211.29.132.250] said: 452 4.2.2 <pintail@optusnet.com.au>... Mailbox full (in reply to RCPT TO command))
Jun  4 07:39:39 rusty postfix/smtp[13013]: B2F251181D2: to=<netsnipe_ml@optusnet.com.au>, relay=mail.optusnet.com.au[211.29.132.250], delay=330122, status=deferred (host mail.optusnet.com.au[211.29.132.250] said: 452 4.2.2 <netsnipe_ml@optusnet.com.au>... Mailbox full (in reply to RCPT TO command))
Jun  4 07:39:39 rusty postfix/smtp[13027]: D1DBA1181D9: to=<pintail@optusnet.com.au>, relay=mail.optusnet.com.au[211.29.132.250], delay=408281, status=deferred (host mail.optusnet.com.au[211.29.132.250] said: 452 4.2.2 <pintail@optusnet.com.au>... Mailbox full (in reply to RCPT TO command))
Jun  4 07:39:39 rusty postfix/smtp[13029]: 3CEA7118199: to=<netsnipe_ml@optusnet.com.au>, relay=mail.optusnet.com.au[211.29.132.250], delay=416885, status=deferred (host mail.optusnet.com.au[211.29.132.250] said: 452 4.2.2 <netsnipe_ml@optusnet.com.au>... Mailbox full (in reply to RCPT TO command))
Jun  4 07:39:39 rusty postfix/smtp[13026]: B90DD118209: to=<netsnipe_ml@optusnet.com.au>, relay=mail.optusnet.com.au[211.29.132.250], delay=394592, status=deferred (host mail.optusnet.com.au[211.29.132.250] said: 452 4.2.2 <netsnipe_ml@optusnet.com.au>... Mailbox full (in reply to RCPT TO command))
Jun  4 07:39:39 rusty postfix/smtp[13023]: 24D19118167: to=<pintail@optusnet.com.au>, relay=mail.optusnet.com.au[211.29.132.250], delay=46000, status=deferred (host mail.optusnet.com.au[211.29.132.250] said: 452 4.2.2 <pintail@optusnet.com.au>... Mailbox full (in reply to RCPT TO command))
Jun  4 07:39:39 rusty postfix/smtp[13019]: 380A0118213: to=<netsnipe_ml@optusnet.com.au>, relay=mail.optusnet.com.au[211.29.132.250], delay=232521, status=deferred (host mail.optusnet.com.au[211.29.132.250] said: 452 4.2.2 <netsnipe_ml@optusnet.com.au>... Mailbox full (in reply to RCPT TO command))
Jun  4 07:39:39 rusty postfix/smtp[13013]: B2F251181D2: to=<pintail@optusnet.com.au>, relay=mail.optusnet.com.au[211.29.132.250], delay=330122, status=deferred (host mail.optusnet.com.au[211.29.132.250] said: 452 4.2.2 <pintail@optusnet.com.au>... Mailbox full (in reply to RCPT TO command))
Jun  4 07:39:39 rusty postfix/smtp[13027]: 07A55118130: to=<netsnipe_ml@optusnet.com.au>, relay=mail.optusnet.com.au[211.29.132.250], delay=51915, status=deferred (host mail.optusnet.com.au[211.29.132.250] said: 452 4.2.2 <netsnipe_ml@optusnet.com.au>... Mailbox full (in reply to RCPT TO command))
Jun  4 07:39:39 rusty postfix/smtp[13029]: 3CEA7118199: to=<pintail@optusnet.com.au>, relay=mail.optusnet.com.au[211.29.132.250], delay=416885, status=deferred (host mail.optusnet.com.au[211.29.132.250] said: 452 4.2.2 <pintail@optusnet.com.au>... Mailbox full (in reply to RCPT TO command))
Jun  4 07:39:39 rusty postfix/smtp[13026]: B90DD118209: to=<pintail@optusnet.com.au>, relay=mail.optusnet.com.au[211.29.132.250], delay=394592, status=deferred (host mail.optusnet.com.au[211.29.132.250] said: 452 4.2.2 <pintail@optusnet.com.au>... Mailbox full (in reply to RCPT TO command))
Jun  4 07:39:39 rusty postfix/smtp[13019]: 380A0118213: to=<pintail@optusnet.com.au>, relay=mail.optusnet.com.au[211.29.132.250], delay=232521, status=deferred (host mail.optusnet.com.au[211.29.132.250] said: 452 4.2.2 <pintail@optusnet.com.au>... Mailbox full (in reply to RCPT TO command))
Jun  4 07:39:39 rusty postfix/smtp[13027]: 07A55118130: to=<pintail@optusnet.com.au>, relay=mail.optusnet.com.au[211.29.132.250], delay=51915, status=deferred (host mail.optusnet.com.au[211.29.132.250] said: 452 4.2.2 <pintail@optusnet.com.au>... Mailbox full (in reply to RCPT TO command))
Jun  4 07:39:39 rusty postfix/smtp[13015]: 96FF411813C: to=<netsnipe_ml@optusnet.com.au>, relay=mail.optusnet.com.au[211.29.132.250], delay=111896, status=deferred (host mail.optusnet.com.au[211.29.132.250] said: 452 4.2.2 <netsnipe_ml@optusnet.com.au>... Mailbox full (in reply to RCPT TO command))
Jun  4 07:39:39 rusty postfix/smtp[13023]: 601BA11816A: to=<pintail@optusnet.com.au>, relay=mail.optusnet.com.au[211.29.132.250], delay=45611, status=deferred (host mail.optusnet.com.au[211.29.132.250] said: 452 4.2.2 <pintail@optusnet.com.au>... Mailbox full (in reply to RCPT TO command))
Jun  4 07:39:39 rusty postfix/smtp[13019]: A63F7118155: to=<netsnipe_ml@optusnet.com.au>, relay=mail.optusnet.com.au[211.29.132.250], delay=51074, status=deferred (host mail.optusnet.com.au[211.29.132.250] said: 452 4.2.2 <netsnipe_ml@optusnet.com.au>... Mailbox full (in reply to RCPT TO command))
Jun  4 07:39:39 rusty postfix/smtp[13016]: 93CCD118161: to=<netsnipe_ml@optusnet.com.au>, relay=mail.optusnet.com.au[211.29.132.250], delay=194180, status=deferred (host mail.optusnet.com.au[211.29.132.250] said: 452 4.2.2 <netsnipe_ml@optusnet.com.au>... Mailbox full (in reply to RCPT TO command))
Jun  4 07:39:39 rusty postfix/smtp[13015]: 96FF411813C: to=<pintail@optusnet.com.au>, relay=mail.optusnet.com.au[211.29.132.250], delay=111896, status=deferred (host mail.optusnet.com.au[211.29.132.250] said: 452 4.2.2 <pintail@optusnet.com.au>... Mailbox full (in reply to RCPT TO command))
Jun  4 07:39:39 rusty postfix/smtp[13019]: A63F7118155: to=<pintail@optusnet.com.au>, relay=mail.optusnet.com.au[211.29.132.250], delay=51074, status=deferred (host mail.optusnet.com.au[211.29.132.250] said: 452 4.2.2 <pintail@optusnet.com.au>... Mailbox full (in reply to RCPT TO command))
Jun  4 07:39:39 rusty postfix/smtp[13016]: 93CCD118161: to=<pintail@optusnet.com.au>, relay=mail.optusnet.com.au[211.29.132.250], delay=194180, status=deferred (host mail.optusnet.com.au[211.29.132.250] said: 452 4.2.2 <pintail@optusnet.com.au>... Mailbox full (in reply to RCPT TO command))
Jun  4 07:39:39 rusty postfix/smtp[13011]: B93C81180D7: to=<pintail@optusnet.com.au>, relay=mail.optusnet.com.au[211.29.132.250], delay=419804, status=deferred (host mail.optusnet.com.au[211.29.132.250] said: 452 4.2.2 <pintail@optusnet.com.au>... Mailbox full (in reply to RCPT TO command))
Jun  4 07:39:39 rusty postfix/smtp[13024]: connect to mic.icafe.com.au[60.242.158.40]: No route to host (port 25)
Jun  4 07:39:39 rusty postfix/smtp[13024]: 226F5118189: to=<donohueb@icafe.com.au>, relay=none, delay=30058, status=deferred (connect to mic.icafe.com.au[60.242.158.40]: No route to host)
Jun  4 07:39:39 rusty postfix/smtp[13014]: BAB2011815A: to=<netsnipe_ml@optusnet.com.au>, relay=mail.optusnet.com.au[211.29.132.250], delay=51767, status=deferred (host mail.optusnet.com.au[211.29.132.250] said: 452 4.2.2 <netsnipe_ml@optusnet.com.au>... Mailbox full (in reply to RCPT TO command))
Jun  4 07:39:40 rusty postfix/smtp[13014]: BAB2011815A: to=<pintail@optusnet.com.au>, relay=mail.optusnet.com.au[211.29.132.250], delay=51768, status=deferred (host mail.optusnet.com.au[211.29.132.250] said: 452 4.2.2 <pintail@optusnet.com.au>... Mailbox full (in reply to RCPT TO command))
Jun  4 07:39:41 rusty postfix/smtp[13033]: 226F5118189: to=<netsnipe_ml@optusnet.com.au>, relay=mail.optusnet.com.au[211.29.132.250], delay=30060, status=deferred (host mail.optusnet.com.au[211.29.132.250] said: 452 4.2.2 <netsnipe_ml@optusnet.com.au>... Mailbox full (in reply to RCPT TO command))
Jun  4 07:39:41 rusty postfix/smtp[13033]: 226F5118189: to=<pintail@optusnet.com.au>, relay=mail.optusnet.com.au[211.29.132.250], delay=30060, status=deferred (host mail.optusnet.com.au[211.29.132.250] said: 452 4.2.2 <pintail@optusnet.com.au>... Mailbox full (in reply to RCPT TO command))
Jun  4 07:39:41 rusty postfix/smtp[13020]: 3544D1181F5: to=<netsnipe_ml@optusnet.com.au>, relay=mail.optusnet.com.au[211.29.132.250], delay=398444, status=deferred (host mail.optusnet.com.au[211.29.132.250] said: 452 4.2.2 <netsnipe_ml@optusnet.com.au>... Mailbox full (in reply to RCPT TO command))
Jun  4 07:39:41 rusty postfix/smtp[13034]: 515C41180D8: to=<pintail@optusnet.com.au>, relay=mail.optusnet.com.au[211.29.132.250], delay=39343, status=deferred (host mail.optusnet.com.au[211.29.132.250] said: 452 4.2.2 <pintail@optusnet.com.au>... Mailbox full (in reply to RCPT TO command))
Jun  4 07:39:41 rusty postfix/smtp[13020]: 3544D1181F5: to=<pintail@optusnet.com.au>, relay=mail.optusnet.com.au[211.29.132.250], delay=398444, status=deferred (host mail.optusnet.com.au[211.29.132.250] said: 452 4.2.2 <pintail@optusnet.com.au>... Mailbox full (in reply to RCPT TO command))
Jun  4 07:39:41 rusty postfix/smtp[13035]: 517DF118179: to=<pintail@optusnet.com.au>, relay=mail.optusnet.com.au[211.29.132.250], delay=44524, status=deferred (host mail.optusnet.com.au[211.29.132.250] said: 452 4.2.2 <pintail@optusnet.com.au>... Mailbox full (in reply to RCPT TO command))
Jun  4 07:39:41 rusty postfix/smtp[13038]: 65F76118172: to=<pintail@optusnet.com.au>, relay=mail.optusnet.com.au[211.29.132.250], delay=37658, status=deferred (host mail.optusnet.com.au[211.29.132.250] said: 452 4.2.2 <pintail@optusnet.com.au>... Mailbox full (in reply to RCPT TO command))
Jun  4 07:39:41 rusty postfix/smtpd[12755]: connect from fs1.msshost.com[74.200.204.130]
Jun  4 07:39:42 rusty postgrey[2159]: cleaning up old logs... 
Jun  4 07:39:50 rusty postfix/smtp[12860]: D1D4511817A: lost connection with gateway.funcionpublica.gob.mx[200.34.175.4] while sending end of data -- message may be sent more than once
Jun  4 07:39:52 rusty postfix/smtpd[12907]: connect from ip-90-186-107-129.web.vodafone.de[90.186.107.129]
Jun  4 07:39:52 rusty postfix/smtp[12860]: D1D4511817A: to=<idiaz@indaabin.gob.mx>, relay=correo.funcionpublica.gob.mx[200.34.175.6], delay=225, status=sent (250 2.6.0  <34a99ab40706031426g4ea46d97v5bcdd5edfeff89ea@mail.gmail.com> Queued mail for delivery)
Jun  4 07:39:52 rusty postfix/cleanup[12944]: 7D7391180E7: message-id=<20070603213952.7D7391180E7@rusty.slug.org.au>
Jun  4 07:39:52 rusty postfix/local[12799]: 7D7391180E7: to=<slug-bounces@slug.org.au>, relay=local, delay=0, status=sent (delivered to command: /var/lib/mailman/mail/mailman bounces slug)
Jun  4 07:39:58 rusty postfix/smtpd[12755]: warning: 130.204.200.74.relays.ordb.org: RBL lookup error: Host or domain name not found. Name service error for name=130.204.200.74.relays.ordb.org type=A: Host not found, try again
Jun  4 07:40:02 rusty postgrey[2159]: delayed 668 seconds: client=ip-90-186-107-129.web.vodafone.de, from=dominiosite.com@ydyt.com, to=uxchix@slug.org.au 
Jun  4 07:40:06 rusty postfix/smtp[12859]: connect to taz-devil.dyndns.org[60.241.248.171]: Connection timed out (port 25)
Jun  4 07:40:06 rusty postfix/smtp[12859]: 73A0E1181CA: to=<mary@taz-devil.dyndns.org>, relay=none, delay=330149, status=deferred (connect to taz-devil.dyndns.org[60.241.248.171]: Connection timed out)
Jun  4 07:40:06 rusty postfix/smtp[12874]: connect to none.harvestroad.com.au[203.103.97.241]: Connection timed out (port 25)
Jun  4 07:40:06 rusty postfix/smtp[13007]: connect to taz-devil.dyndns.org[60.241.248.171]: Connection timed out (port 25)
Jun  4 07:40:06 rusty postfix/smtp[13007]: 8BF211181A0: to=<mary@taz-devil.dyndns.org>, relay=none, delay=415807, status=deferred (connect to taz-devil.dyndns.org[60.241.248.171]: Connection timed out)
Jun  4 07:40:06 rusty postfix/smtp[13008]: connect to taz-devil.dyndns.org[60.241.248.171]: Connection timed out (port 25)
Jun  4 07:40:06 rusty postfix/smtp[13008]: 8A09A118193: to=<mary@taz-devil.dyndns.org>, relay=none, delay=420728, status=deferred (connect to taz-devil.dyndns.org[60.241.248.171]: Connection timed out)
Jun  4 07:40:06 rusty postfix/smtp[13009]: connect to taz-devil.dyndns.org[60.241.248.171]: Connection timed out (port 25)
Jun  4 07:40:06 rusty postfix/smtp[13009]: 810BF118122: to=<mary@taz-devil.dyndns.org>, relay=none, delay=51943, status=deferred (connect to taz-devil.dyndns.org[60.241.248.171]: Connection timed out)
Jun  4 07:40:06 rusty postfix/smtp[13010]: connect to taz-devil.dyndns.org[60.241.248.171]: Connection timed out (port 25)
Jun  4 07:40:06 rusty postfix/smtp[13010]: 8D2E11181FA: to=<mary@taz-devil.dyndns.org>, relay=none, delay=397190, status=deferred (connect to taz-devil.dyndns.org[60.241.248.171]: Connection timed out)
Jun  4 07:40:06 rusty postfix/smtp[13012]: connect to none.harvestroad.com.au[203.103.97.241]: Connection timed out (port 25)
Jun  4 07:40:06 rusty postfix/smtp[13017]: connect to uklottery.org[205.178.189.131]: Connection timed out (port 25)
Jun  4 07:40:06 rusty postfix/smtp[13018]: connect to none.harvestroad.com.au[203.103.97.241]: Connection timed out (port 25)
Jun  4 07:40:06 rusty postfix/smtp[13017]: E9A8F11821C: to=<info@uklottery.org>, relay=none, delay=291642, status=deferred (connect to uklottery.org[205.178.189.131]: Connection timed out)
Jun  4 07:40:06 rusty postfix/smtp[13021]: connect to none.harvestroad.com.au[203.103.97.241]: Connection timed out (port 25)
Jun  4 07:40:06 rusty postfix/smtp[13022]: connect to none.harvestroad.com.au[203.103.97.241]: Connection timed out (port 25)
Jun  4 07:40:12 rusty postfix/smtp[13025]: 5B0D911811D: to=<rsvp@denovo.com.au>, relay=denovo.com.au[74.200.204.130], delay=51954, status=deferred (host denovo.com.au[74.200.204.130] said: 451 Could not complete sender verify callout (in reply to RCPT TO command))
Jun  4 07:40:12 rusty postfix/smtpd[12907]: warning: 129.107.186.90.relays.ordb.org: RBL lookup error: Host or domain name not found. Name service error for name=129.107.186.90.relays.ordb.org type=A: Host not found, try again
Jun  4 07:40:18 rusty postfix/smtpd[12755]: warning: 130.204.200.74.opm.blitzed.org: RBL lookup error: Host or domain name not found. Name service error for name=130.204.200.74.opm.blitzed.org type=A: Host not found, try again
Jun  4 07:40:18 rusty postfix/smtpd[12755]: 6049311815C: client=fs1.msshost.com[74.200.204.130]
Jun  4 07:40:18 rusty postfix/smtpd[12755]: lost connection after RCPT from fs1.msshost.com[74.200.204.130]
Jun  4 07:40:18 rusty postfix/smtpd[12755]: disconnect from fs1.msshost.com[74.200.204.130]
Jun  4 07:40:32 rusty postfix/smtpd[12907]: warning: 129.107.186.90.opm.blitzed.org: RBL lookup error: Host or domain name not found. Name service error for name=129.107.186.90.opm.blitzed.org type=A: Host not found, try again
Jun  4 07:40:32 rusty postfix/smtpd[12907]: NOQUEUE: reject: RCPT from ip-90-186-107-129.web.vodafone.de[90.186.107.129]: 550 <uxchix@slug.org.au>: Recipient address rejected: User unknown in local recipient table; from=<dominiosite.com@ydyt.com> to=<uxchix@slug.org.au> proto=SMTP helo=<localhost>
Jun  4 07:40:34 rusty postfix/smtpd[12909]: connect from cm166055.red.mundo-r.com[213.60.166.55]
Jun  4 07:40:35 rusty postfix/smtpd[12907]: lost connection after RCPT from ip-90-186-107-129.web.vodafone.de[90.186.107.129]
Jun  4 07:40:35 rusty postfix/smtpd[12907]: disconnect from ip-90-186-107-129.web.vodafone.de[90.186.107.129]
Jun  4 07:40:36 rusty postfix/smtpd[12909]: NOQUEUE: reject: RCPT from cm166055.red.mundo-r.com[213.60.166.55]: 554 Service unavailable; Client host [213.60.166.55] blocked using cbl.abuseat.org; Blocked - see http://cbl.abuseat.org/lookup.cgi?ip=213.60.166.55; from=<xratedtshirt.com@greentreebk.com> to=<request@slug.org.au> proto=SMTP helo=<localhost>
Jun  4 07:40:37 rusty postfix/smtpd[12909]: lost connection after RCPT from cm166055.red.mundo-r.com[213.60.166.55]
Jun  4 07:40:37 rusty postfix/smtpd[12909]: disconnect from cm166055.red.mundo-r.com[213.60.166.55]
Jun  4 07:40:46 rusty postfix/smtp[12874]: 7F5F41181A7: to=<ajones@harvestroad.com>, relay=mail.harvestroad.com.au[203.103.97.27], delay=411736, status=deferred (host mail.harvestroad.com.au[203.103.97.27] said: 450 <slug-bounces@slug.org.au>: Sender address rejected: Domain not found (in reply to RCPT TO command))
Jun  4 07:40:49 rusty postfix/smtpd[12755]: connect from 201-27-28-47.dsl.telesp.net.br[201.27.28.47]
Jun  4 07:40:53 rusty postfix/smtpd[12755]: NOQUEUE: reject: RCPT from 201-27-28-47.dsl.telesp.net.br[201.27.28.47]: 554 Service unavailable; Client host [201.27.28.47] blocked using list.dsbl.org; http://dsbl.org/listing?201.27.28.47; from=<jrdemark@hyipbusiness.com> to=<est@slug.org.au> proto=SMTP helo=<hyipbusiness.com>
Jun  4 07:40:54 rusty postfix/smtpd[12755]: lost connection after RCPT from 201-27-28-47.dsl.telesp.net.br[201.27.28.47]
Jun  4 07:40:54 rusty postfix/smtpd[12755]: disconnect from 201-27-28-47.dsl.telesp.net.br[201.27.28.47]
Jun  4 07:41:16 rusty postfix/smtp[12874]: connect to none.harvestroad.com.au[203.103.97.241]: Connection timed out (port 25)
Jun  4 07:41:16 rusty postfix/smtp[13027]: connect to none.harvestroad.com.au[203.103.97.241]: Connection timed out (port 25)
Jun  4 07:42:17 rusty postfix/smtp[13012]: C54251181C6: to=<ajones@harvestroad.com>, relay=mail.harvestroad.com.au[203.103.97.27], delay=331634, status=deferred (host mail.harvestroad.com.au[203.103.97.27] said: 450 <slug-bounces@slug.org.au>: Sender address rejected: Domain not found (in reply to RCPT TO command))
Jun  4 07:42:17 rusty postfix/smtp[13018]: E8EE1118185: to=<ajones@harvestroad.com>, relay=mail.harvestroad.com.au[203.103.97.27], delay=30217, status=deferred (host mail.harvestroad.com.au[203.103.97.27] said: 450 <slug-bounces@slug.org.au>: Sender address rejected: Domain not found (in reply to RCPT TO command))
Jun  4 07:42:17 rusty postfix/smtp[13021]: B2CB0118153: to=<ajones@harvestroad.com>, relay=mail.harvestroad.com.au[203.103.97.27], delay=52066, status=deferred (host mail.harvestroad.com.au[203.103.97.27] said: 450 <slug-bounces@slug.org.au>: Sender address rejected: Domain not found (in reply to RCPT TO command))
Jun  4 07:42:17 rusty postfix/smtp[13022]: 9F6691181FF: to=<ajones@harvestroad.com>, relay=mail.harvestroad.com.au[203.103.97.27], delay=397321, status=deferred (host mail.harvestroad.com.au[203.103.97.27] said: 450 <slug-bounces@slug.org.au>: Sender address rejected: Domain not found (in reply to RCPT TO command))
Jun  4 07:42:30 rusty postfix/smtpd[12755]: connect from adsl-144-210-174.jan.bellsouth.net[70.144.210.174]
Jun  4 07:42:34 rusty postfix/smtpd[13050]: connect from unknown[125.91.132.125]
Jun  4 07:42:34 rusty postfix/smtpd[13051]: connect from unknown[125.91.132.125]
Jun  4 07:42:40 rusty postfix/smtpd[13050]: NOQUEUE: reject: RCPT from unknown[125.91.132.125]: 554 Service unavailable; Client host [125.91.132.125] blocked using ix.dnsbl.manitu.net; Comment:   IP address blocked, see http://ix.dnsbl.manitu.net/lookup.php?ipaddress=125.91.132.125, latest spam received via relay.heise.de at 2007-06-03T11:28+0200; from=<aaaa@aaaaaa.com> to=<slug-admin@slug.org.au> proto=ESMTP helo=<aaaaaa.com>
Jun  4 07:42:40 rusty postfix/smtpd[13051]: NOQUEUE: reject: RCPT from unknown[125.91.132.125]: 554 Service unavailable; Client host [125.91.132.125] blocked using ix.dnsbl.manitu.net; Comment:   IP address blocked, see http://ix.dnsbl.manitu.net/lookup.php?ipaddress=125.91.132.125, latest spam received via relay.heise.de at 2007-06-03T11:28+0200; from=<aaaa@aaaaaa.com> to=<slug@slug.org.au> proto=ESMTP helo=<aaaaaa.com>
Jun  4 07:42:40 rusty postfix/smtpd[13050]: disconnect from unknown[125.91.132.125]
Jun  4 07:42:40 rusty postfix/smtpd[13051]: disconnect from unknown[125.91.132.125]
Jun  4 07:42:45 rusty postfix/smtpd[12755]: warning: 174.210.144.70.relays.ordb.org: RBL lookup error: Host or domain name not found. Name service error for name=174.210.144.70.relays.ordb.org type=A: Host not found, try again
Jun  4 07:42:47 rusty postfix/smtp[13012]: connect to none.harvestroad.com.au[203.103.97.241]: Connection timed out (port 25)
Jun  4 07:42:47 rusty postfix/smtp[13047]: connect to none.harvestroad.com.au[203.103.97.241]: Connection timed out (port 25)
Jun  4 07:42:47 rusty postfix/smtp[13018]: connect to none.harvestroad.com.au[203.103.97.241]: Connection timed out (port 25)
Jun  4 07:42:47 rusty postfix/smtpd[13050]: connect from 123-193-34-19.ethome-ip.ethome.com.tw[123.193.34.19]
Jun  4 07:42:48 rusty postfix/smtpd[13050]: NOQUEUE: reject: RCPT from 123-193-34-19.ethome-ip.ethome.com.tw[123.193.34.19]: 554 <goudcvxyi@net.tw>: Sender address rejected: Domain not found; from=<goudcvxyi@net.tw> to=<mmittee@slug.org.au> proto=ESMTP helo=<203-79-252-192.ebix.net.tw>
Jun  4 07:42:49 rusty postfix/smtpd[13050]: lost connection after RCPT from 123-193-34-19.ethome-ip.ethome.com.tw[123.193.34.19]
Jun  4 07:42:49 rusty postfix/smtpd[13050]: disconnect from 123-193-34-19.ethome-ip.ethome.com.tw[123.193.34.19]
Jun  4 07:42:56 rusty postfix/smtpd[13051]: connect from unknown[202.155.150.148]
Jun  4 07:43:05 rusty postfix/smtpd[12755]: warning: 174.210.144.70.opm.blitzed.org: RBL lookup error: Host or domain name not found. Name service error for name=174.210.144.70.opm.blitzed.org type=A: Host not found, try again
Jun  4 07:43:05 rusty postfix/smtpd[12755]: NOQUEUE: reject: RCPT from adsl-144-210-174.jan.bellsouth.net[70.144.210.174]: 450 <createfoo-slug@slug.org.au>: Recipient address rejected: Greylisted for 300 seconds (see http://isg.ee.ethz.ch/tools/postgrey/help/slug.org.au.html); from=<Enterprisebtl@boudrant.com> to=<createfoo-slug@slug.org.au> proto=ESMTP helo=<[70.144.210.174]>
Jun  4 07:43:05 rusty postfix/smtpd[12755]: lost connection after RCPT from adsl-144-210-174.jan.bellsouth.net[70.144.210.174]
Jun  4 07:43:05 rusty postfix/smtpd[12755]: disconnect from adsl-144-210-174.jan.bellsouth.net[70.144.210.174]
Jun  4 07:43:08 rusty postfix/smtpd[13051]: warning: 148.150.155.202.relays.ordb.org: RBL lookup error: Host or domain name not found. Name service error for name=148.150.155.202.relays.ordb.org type=A: Host not found, try again
Jun  4 07:43:14 rusty postfix/smtpd[13050]: connect from 188-210-21-190.adsl.terra.cl[190.21.210.188]
Jun  4 07:43:23 rusty postfix/smtpd[12755]: connect from 87-205-178-80.adsl.inetia.pl[87.205.178.80]
Jun  4 07:43:24 rusty postfix/smtpd[12755]: NOQUEUE: reject: RCPT from 87-205-178-80.adsl.inetia.pl[87.205.178.80]: 554 Service unavailable; Client host [87.205.178.80] blocked using cbl.abuseat.org; Blocked - see http://cbl.abuseat.org/lookup.cgi?ip=87.205.178.80; from=<negbaleful@ameritech.net> to=<activites@slug.org.au> proto=SMTP helo=<ameritech.net>
Jun  4 07:43:25 rusty postfix/smtpd[12755]: lost connection after RCPT from 87-205-178-80.adsl.inetia.pl[87.205.178.80]
Jun  4 07:43:25 rusty postfix/smtpd[12755]: disconnect from 87-205-178-80.adsl.inetia.pl[87.205.178.80]
Jun  4 07:43:27 rusty postfix/smtp[13027]: 975BF118124: to=<ajones@harvestroad.com>, relay=mail.harvestroad.com.au[203.103.97.27], delay=52144, status=deferred (host mail.harvestroad.com.au[203.103.97.27] said: 450 <slug-bounces@slug.org.au>: Sender address rejected: Domain not found (in reply to RCPT TO command))
Jun  4 07:43:27 rusty postfix/smtp[12874]: 422451181B2: to=<ajones@harvestroad.com>, relay=mail.harvestroad.com.au[203.103.97.27], delay=399522, status=deferred (host mail.harvestroad.com.au[203.103.97.27] said: 450 <slug-bounces@slug.org.au>: Sender address rejected: Domain not found (in reply to RCPT TO command))
Jun  4 07:43:27 rusty postfix/smtp[13047]: 682A611815F: to=<ajones@harvestroad.com>, relay=mail.harvestroad.com.au[203.103.97.27], delay=194408, status=deferred (host mail.harvestroad.com.au[203.103.97.27] said: 450 <slug-bounces@slug.org.au>: Sender address rejected: Domain not found (in reply to RCPT TO command))
Jun  4 07:43:27 rusty postfix/smtp[13018]: 1AE69118198: to=<ajones@harvestroad.com>, relay=mail.harvestroad.com.au[203.103.97.27], delay=417113, status=deferred (host mail.harvestroad.com.au[203.103.97.27] said: 450 <slug-bounces@slug.org.au>: Sender address rejected: Domain not found (in reply to RCPT TO command))
Jun  4 07:43:28 rusty postfix/smtpd[12755]: connect from 88-105-112-164.dynamic.dsl.as9105.com[88.105.112.164]
Jun  4 07:43:28 rusty postfix/smtpd[13051]: warning: 148.150.155.202.opm.blitzed.org: RBL lookup error: Host or domain name not found. Name service error for name=148.150.155.202.opm.blitzed.org type=A: Host not found, try again
Jun  4 07:43:28 rusty postfix/smtpd[13051]: NOQUEUE: reject: RCPT from unknown[202.155.150.148]: 450 <chris@slug.org.au>: Recipient address rejected: Greylisted for 300 seconds (see http://isg.ee.ethz.ch/tools/postgrey/help/slug.org.au.html); from=<qupzmwchwrx@aeeditions.com> to=<chris@slug.org.au> proto=ESMTP helo=<[202.155.150.148]>
Jun  4 07:43:28 rusty postfix/smtpd[13051]: lost connection after RCPT from unknown[202.155.150.148]
Jun  4 07:43:28 rusty postfix/smtpd[13051]: disconnect from unknown[202.155.150.148]
Jun  4 07:43:28 rusty postfix/smtpd[13050]: warning: 188.210.21.190.relays.ordb.org: RBL lookup error: Host or domain name not found. Name service error for name=188.210.21.190.relays.ordb.org type=A: Host not found, try again
Jun  4 07:43:30 rusty postfix/smtp[13012]: 6B2CA118135: to=<ajones@harvestroad.com>, relay=mail.harvestroad.com.au[203.103.97.27], delay=112127, status=deferred (host mail.harvestroad.com.au[203.103.97.27] said: 450 <slug-bounces@slug.org.au>: Sender address rejected: Domain not found (in reply to RCPT TO command))
Jun  4 07:43:31 rusty postfix/smtpd[13051]: connect from unknown[72.85.148.122]
Jun  4 07:43:38 rusty postfix/smtpd[13051]: NOQUEUE: reject: RCPT from unknown[72.85.148.122]: 554 Service unavailable; Client host [72.85.148.122] blocked using cbl.abuseat.org; Blocked - see http://cbl.abuseat.org/lookup.cgi?ip=72.85.148.122; from=<cpangelo@hardtechgroup.com> to=<amusig-request@slug.org.au> proto=SMTP helo=<hardtechgroup.com>
Jun  4 07:43:38 rusty postfix/smtpd[13051]: lost connection after RCPT from unknown[72.85.148.122]
Jun  4 07:43:38 rusty postfix/smtpd[13051]: disconnect from unknown[72.85.148.122]
Jun  4 07:43:44 rusty postfix/smtpd[12755]: warning: 164.112.105.88.relays.ordb.org: RBL lookup error: Host or domain name not found. Name service error for name=164.112.105.88.relays.ordb.org type=A: Host not found, try again
Jun  4 07:43:45 rusty postfix/smtpd[13051]: connect from unknown[125.91.132.125]
Jun  4 07:43:46 rusty postfix/smtpd[13051]: NOQUEUE: reject: RCPT from unknown[125.91.132.125]: 554 Service unavailable; Client host [125.91.132.125] blocked using ix.dnsbl.manitu.net; Comment:   IP address blocked, see http://ix.dnsbl.manitu.net/lookup.php?ipaddress=125.91.132.125, latest spam received via relay.heise.de at 2007-06-03T11:28+0200; from=<aaaa@aaaaaa.com> to=<slug-request@slug.org.au> proto=ESMTP helo=<aaaaaa.com>
Jun  4 07:43:47 rusty postfix/smtpd[13051]: disconnect from unknown[125.91.132.125]
Jun  4 07:43:48 rusty postfix/smtpd[13050]: warning: 188.210.21.190.opm.blitzed.org: RBL lookup error: Host or domain name not found. Name service error for name=188.210.21.190.opm.blitzed.org type=A: Host not found, try again
Jun  4 07:43:48 rusty postfix/smtpd[13050]: NOQUEUE: reject: RCPT from 188-210-21-190.adsl.terra.cl[190.21.210.188]: 450 <tojobs@slug.org.au>: Recipient address rejected: Greylisted for 300 seconds (see http://isg.ee.ethz.ch/tools/postgrey/help/slug.org.au.html); from=<are@KBIS.CO.KR> to=<tojobs@slug.org.au> proto=ESMTP helo=<26-222-222-201.adsl.terra.cl>
Jun  4 07:43:48 rusty postfix/smtpd[13050]: lost connection after RCPT from 188-210-21-190.adsl.terra.cl[190.21.210.188]
Jun  4 07:43:48 rusty postfix/smtpd[13050]: disconnect from 188-210-21-190.adsl.terra.cl[190.21.210.188]
Jun  4 07:43:52 rusty postfix/smtpd[13051]: connect from pool-71-118-111-101.lsanca.dsl-w.verizon.net[71.118.111.101]
Jun  4 07:43:59 rusty postfix/smtpd[13051]: NOQUEUE: reject: RCPT from pool-71-118-111-101.lsanca.dsl-w.verizon.net[71.118.111.101]: 554 Service unavailable; Client host [71.118.111.101] blocked using cbl.abuseat.org; Blocked - see http://cbl.abuseat.org/lookup.cgi?ip=71.118.111.101; from=<mannfordqf@mijnmails.be> to=<104-event@slug.org.au> proto=SMTP helo=<mijnmails.be>
Jun  4 07:43:59 rusty postfix/smtpd[13051]: lost connection after RCPT from pool-71-118-111-101.lsanca.dsl-w.verizon.net[71.118.111.101]
Jun  4 07:43:59 rusty postfix/smtpd[13051]: disconnect from pool-71-118-111-101.lsanca.dsl-w.verizon.net[71.118.111.101]
Jun  4 07:44:04 rusty postfix/smtpd[12755]: warning: 164.112.105.88.opm.blitzed.org: RBL lookup error: Host or domain name not found. Name service error for name=164.112.105.88.opm.blitzed.org type=A: Host not found, try again
Jun  4 07:44:04 rusty postfix/smtpd[12755]: NOQUEUE: reject: RCPT from 88-105-112-164.dynamic.dsl.as9105.com[88.105.112.164]: 450 <musig@slug.org.au>: Recipient address rejected: Greylisted for 300 seconds (see http://isg.ee.ethz.ch/tools/postgrey/help/slug.org.au.html); from=<ludyovbjur@as9105.com> to=<musig@slug.org.au> proto=ESMTP helo=<88-105-111-151.dynamic.dsl.as9105.com>
Jun  4 07:44:04 rusty postfix/smtpd[12755]: lost connection after RCPT from 88-105-112-164.dynamic.dsl.as9105.com[88.105.112.164]
Jun  4 07:44:04 rusty postfix/smtpd[12755]: disconnect from 88-105-112-164.dynamic.dsl.as9105.com[88.105.112.164]
Jun  4 07:45:13 rusty postfix/smtpd[13050]: connect from bbp13.neoplus.adsl.tpnet.pl[83.27.205.13]
Jun  4 07:45:27 rusty postfix/smtpd[13050]: warning: 13.205.27.83.relays.ordb.org: RBL lookup error: Host or domain name not found. Name service error for name=13.205.27.83.relays.ordb.org type=A: Host not found, try again
Jun  4 07:45:47 rusty postfix/smtpd[13050]: warning: 13.205.27.83.opm.blitzed.org: RBL lookup error: Host or domain name not found. Name service error for name=13.205.27.83.opm.blitzed.org type=A: Host not found, try again
Jun  4 07:45:47 rusty postfix/smtpd[13050]: NOQUEUE: reject: RCPT from bbp13.neoplus.adsl.tpnet.pl[83.27.205.13]: 450 <codefest@slug.org.au>: Recipient address rejected: Greylisted for 300 seconds (see http://isg.ee.ethz.ch/tools/postgrey/help/slug.org.au.html); from=<fuucawkewjr@tpnet.pl> to=<codefest@slug.org.au> proto=ESMTP helo=<bbp13.neoplus.adsl.tpnet.pl>
Jun  4 07:45:47 rusty postfix/smtpd[13050]: lost connection after RCPT from bbp13.neoplus.adsl.tpnet.pl[83.27.205.13]
Jun  4 07:45:47 rusty postfix/smtpd[13050]: disconnect from bbp13.neoplus.adsl.tpnet.pl[83.27.205.13]
Jun  4 07:46:07 rusty postfix/smtpd[13050]: warning: 190.84.218.232: hostname Dynamic-IP-19084218232.cable.net.co verification failed: Name or service not known
Jun  4 07:46:07 rusty postfix/smtpd[13050]: connect from unknown[190.84.218.232]
Jun  4 07:46:08 rusty postfix/smtpd[13050]: NOQUEUE: reject: RCPT from unknown[190.84.218.232]: 554 <muzqbnwsgtk@net.co>: Sender address rejected: Domain not found; from=<muzqbnwsgtk@net.co> to=<coders-owner@slug.org.au> proto=ESMTP helo=<Dynamic-IP-19084218232.cable.net.co>
Jun  4 07:46:08 rusty postfix/smtpd[13050]: lost connection after RCPT from unknown[190.84.218.232]
Jun  4 07:46:08 rusty postfix/smtpd[13050]: disconnect from unknown[190.84.218.232]
Jun  4 07:46:16 rusty postfix/scache[12906]: statistics: start interval Jun  4 07:36:16
Jun  4 07:46:16 rusty postfix/scache[12906]: statistics: domain lookup hits=6 miss=23 success=20%
Jun  4 07:46:16 rusty postfix/scache[12906]: statistics: address lookup hits=0 miss=29 success=0%
Jun  4 07:46:16 rusty postfix/scache[12906]: statistics: max simultaneous domains=2 addresses=2 connection=10
Jun  4 07:46:21 rusty postfix/smtpd[13050]: connect from unknown[88.218.41.113]
Jun  4 07:46:26 rusty postfix/smtpd[13078]: connect from 84-72-30-68.dclient.hispeed.ch[84.72.30.68]
