Jun  4 07:21:55 rusty postfix/smtpd[12603]: warning: 125.109.23.72.relays.ordb.org: RBL lookup error: Host or domain name not found. Name service error for name=125.109.23.72.relays.ordb.org type=A: Host not found, try again
Jun  4 07:21:56 rusty postfix/smtpd[12621]: connect from 201-221-198-204.bk11-dsl.surnet.cl[201.221.198.204]
Jun  4 07:21:59 rusty postfix/smtpd[12621]: NOQUEUE: reject: RCPT from 201-221-198-204.bk11-dsl.surnet.cl[201.221.198.204]: 554 Service unavailable; Client host [201.221.198.204] blocked using list.dsbl.org; http://dsbl.org/listing?201.221.198.204; from=<zdeclamatory@fou.com> to=<f48e58df@slug.org.au> proto=SMTP helo=<fou.com>
Jun  4 07:21:59 rusty postfix/smtpd[12621]: lost connection after RCPT from 201-221-198-204.bk11-dsl.surnet.cl[201.221.198.204]
Jun  4 07:21:59 rusty postfix/smtpd[12621]: disconnect from 201-221-198-204.bk11-dsl.surnet.cl[201.221.198.204]
Jun  4 07:22:15 rusty postfix/smtpd[12603]: warning: 125.109.23.72.opm.blitzed.org: RBL lookup error: Host or domain name not found. Name service error for name=125.109.23.72.opm.blitzed.org type=A: Host not found, try again
Jun  4 07:22:15 rusty postfix/smtpd[12603]: NOQUEUE: reject: RCPT from dynamic-acs-72-23-109-125.zoominternet.net[72.23.109.125]: 450 <jdub@slug.org.au>: Recipient address rejected: Greylisted for 300 seconds (see http://isg.ee.ethz.ch/tools/postgrey/help/slug.org.au.html); from=<xyvzwksg@zoominternet.net> to=<jdub@slug.org.au> proto=ESMTP helo=<dynamic-acs-72-23-109-125.zoominternet.net>
Jun  4 07:22:15 rusty postfix/smtpd[12603]: lost connection after RCPT from dynamic-acs-72-23-109-125.zoominternet.net[72.23.109.125]
Jun  4 07:22:15 rusty postfix/smtpd[12603]: disconnect from dynamic-acs-72-23-109-125.zoominternet.net[72.23.109.125]
Jun  4 07:22:31 rusty postfix/smtpd[12621]: connect from 201-75-188-20-nd.cpe.vivax.com.br[201.75.188.20]
Jun  4 07:22:34 rusty postfix/smtpd[12621]: NOQUEUE: reject: RCPT from 201-75-188-20-nd.cpe.vivax.com.br[201.75.188.20]: 554 Service unavailable; Client host [201.75.188.20] blocked using ix.dnsbl.manitu.net; Comment:   IP address blocked, see http://ix.dnsbl.manitu.net/lookup.php?ipaddress=201.75.188.20, latest spam received via mail.ixlab.de at 2007-05-31T01:33+0200; from=<fdzd'art@campingdebult.com> to=<efd08be0@slug.org.au> proto=SMTP helo=<jefersongalvao.vivax.com.br>
Jun  4 07:22:34 rusty postfix/smtpd[12621]: lost connection after RCPT from 201-75-188-20-nd.cpe.vivax.com.br[201.75.188.20]
Jun  4 07:22:34 rusty postfix/smtpd[12621]: disconnect from 201-75-188-20-nd.cpe.vivax.com.br[201.75.188.20]
Jun  4 07:22:56 rusty postfix/smtp[12627]: 8D23C118212: to=<marauder@progsoc.uts.edu.au>, relay=incubus.progsoc.uts.edu.au[138.25.6.7], delay=295028, status=deferred (host incubus.progsoc.uts.edu.au[138.25.6.7] said: 451 Temporary local problem - please try later (in reply to RCPT TO command))
Jun  4 07:22:56 rusty postfix/smtp[12627]: 8D23C118212: to=<wildfire@progsoc.uts.edu.au>, relay=incubus.progsoc.uts.edu.au[138.25.6.7], delay=295028, status=deferred (host incubus.progsoc.uts.edu.au[138.25.6.7] said: 451 Temporary local problem - please try later (in reply to RCPT TO command))
Jun  4 07:22:56 rusty postfix/smtp[12636]: D6405118260: to=<wildfire@progsoc.uts.edu.au>, relay=incubus.progsoc.uts.edu.au[138.25.6.7], delay=267769, status=deferred (host incubus.progsoc.uts.edu.au[138.25.6.7] said: 451 Temporary local problem - please try later (in reply to RCPT TO command))
Jun  4 07:22:56 rusty postfix/smtp[12647]: 4C967118045: to=<marauder@progsoc.uts.edu.au>, relay=incubus.progsoc.uts.edu.au[138.25.6.7], delay=58341, status=deferred (host incubus.progsoc.uts.edu.au[138.25.6.7] said: 451 Temporary local problem - please try later (in reply to RCPT TO command))
Jun  4 07:22:56 rusty postfix/smtp[12643]: 2AAA61181BC: to=<nina@iit-training.com.au>, relay=mail.iit-training.com.au[203.13.75.253], delay=384330, status=deferred (host mail.iit-training.com.au[203.13.75.253] said: 450 <nina@iit-training.com.au>: Recipient address rejected: User unknown in local recipient table (in reply to RCPT TO command))
Jun  4 07:22:56 rusty postfix/smtp[12641]: 38CA8118223: to=<marauder@progsoc.uts.edu.au>, relay=incubus.progsoc.uts.edu.au[138.25.6.7], delay=207531, status=deferred (host incubus.progsoc.uts.edu.au[138.25.6.7] said: 451 Temporary local problem - please try later (in reply to RCPT TO command))
Jun  4 07:22:57 rusty postfix/smtp[12641]: 38CA8118223: to=<wildfire@progsoc.uts.edu.au>, relay=incubus.progsoc.uts.edu.au[138.25.6.7], delay=207532, status=deferred (host incubus.progsoc.uts.edu.au[138.25.6.7] said: 451 Temporary local problem - please try later (in reply to RCPT TO command))
Jun  4 07:22:57 rusty postfix/smtp[12650]: 6ED481180FF: to=<greebo@pipka.org>, relay=mail.pipka.org[70.85.31.216], delay=27761, status=deferred (host mail.pipka.org[70.85.31.216] said: 452 Insufficient system storage (in reply to MAIL FROM command))
Jun  4 07:22:57 rusty postfix/smtp[12649]: 6ED481180FF: to=<jdub@perkypants.org>, relay=mail.perkypants.org[70.85.31.216], delay=27761, status=deferred (host mail.perkypants.org[70.85.31.216] said: 452 Insufficient system storage (in reply to MAIL FROM command))
Jun  4 07:22:58 rusty postfix/smtp[12658]: A0E2D11819A: to=<netsnipe_ml@optusnet.com.au>, relay=mail.optusnet.com.au[211.29.132.250], delay=27762, status=deferred (host mail.optusnet.com.au[211.29.132.250] said: 452 4.2.2 <netsnipe_ml@optusnet.com.au>... Mailbox full (in reply to RCPT TO command))
Jun  4 07:22:58 rusty postfix/smtp[12658]: A0E2D11819A: to=<pintail@optusnet.com.au>, relay=mail.optusnet.com.au[211.29.132.250], delay=27762, status=deferred (host mail.optusnet.com.au[211.29.132.250] said: 452 4.2.2 <pintail@optusnet.com.au>... Mailbox full (in reply to RCPT TO command))
Jun  4 07:22:59 rusty postfix/smtp[12657]: connect to mic.icafe.com.au[60.242.158.40]: No route to host (port 25)
Jun  4 07:22:59 rusty postfix/smtp[12657]: A0E2D11819A: to=<donohueb@icafe.com.au>, relay=none, delay=27763, status=deferred (connect to mic.icafe.com.au[60.242.158.40]: No route to host)
Jun  4 07:23:10 rusty postfix/smtp[12648]: 6D41011821A: host tone.orchestra.cse.unsw.edu.au[129.94.242.59] said: 450 Sorry, that From address could not be verified (in reply to MAIL FROM command)
Jun  4 07:23:22 rusty postfix/smtpd[12603]: connect from c-24-128-181-243.hsd1.nh.comcast.net[24.128.181.243]
Jun  4 07:23:23 rusty postfix/smtp[12648]: 6D41011821A: to=<patm@cse.unsw.edu.au>, orig_to=<patrick@slug.org.au>, relay=note.orchestra.cse.unsw.edu.au[129.94.242.24], delay=291729, status=deferred (host note.orchestra.cse.unsw.edu.au[129.94.242.24] said: 450 Sorry, that From address could not be verified (in reply to MAIL FROM command))
Jun  4 07:23:24 rusty postfix/smtpd[12603]: NOQUEUE: reject: RCPT from c-24-128-181-243.hsd1.nh.comcast.net[24.128.181.243]: 554 Service unavailable; Client host [24.128.181.243] blocked using cbl.abuseat.org; Blocked - see http://cbl.abuseat.org/lookup.cgi?ip=24.128.181.243; from=<Mirandacentenarygermanium@comcast.net> to=<jdub@slug.org.au> proto=ESMTP helo=<comcast.net>
Jun  4 07:23:24 rusty postfix/smtpd[12603]: disconnect from c-24-128-181-243.hsd1.nh.comcast.net[24.128.181.243]
Jun  4 07:23:26 rusty postfix/smtp[12630]: connect to none.harvestroad.com.au[203.103.97.241]: Connection timed out (port 25)
Jun  4 07:23:26 rusty postfix/smtp[12634]: connect to none.harvestroad.com.au[203.103.97.241]: Connection timed out (port 25)
Jun  4 07:23:26 rusty postfix/smtp[12637]: connect to Mail.theoffice.net[69.56.175.208]: Connection timed out (port 25)
Jun  4 07:23:26 rusty postfix/smtp[12639]: connect to none.harvestroad.com.au[203.103.97.241]: Connection timed out (port 25)
Jun  4 07:23:26 rusty postfix/smtp[12645]: connect to none.harvestroad.com.au[203.103.97.241]: Connection timed out (port 25)
Jun  4 07:23:26 rusty postfix/smtp[12632]: connect to taz-devil.dyndns.org[60.241.248.171]: Connection timed out (port 25)
Jun  4 07:23:26 rusty postfix/smtp[12632]: EA08411815D: to=<mary@taz-devil.dyndns.org>, relay=none, delay=46533, status=deferred (connect to taz-devil.dyndns.org[60.241.248.171]: Connection timed out)
Jun  4 07:23:26 rusty postfix/smtp[12652]: connect to taz-devil.dyndns.org[60.241.248.171]: Connection timed out (port 25)
Jun  4 07:23:26 rusty postfix/smtp[12652]: 6ED481180FF: to=<mary@taz-devil.dyndns.org>, relay=none, delay=27790, status=deferred (connect to taz-devil.dyndns.org[60.241.248.171]: Connection timed out)
Jun  4 07:23:26 rusty postfix/smtp[12655]: connect to none.harvestroad.com.au[203.103.97.241]: Connection timed out (port 25)
Jun  4 07:23:26 rusty postfix/smtp[12628]: connect to dmhosting.g.ysm.yahoo.com[72.30.33.102]: Connection timed out (port 25)
Jun  4 07:23:26 rusty postfix/smtp[12653]: connect to dmhosting.g.ysm.yahoo.com[72.30.33.102]: Connection timed out (port 25)
Jun  4 07:23:26 rusty postfix/smtp[12627]: connect to dmhosting.g.ysm.yahoo.com[72.30.33.102]: Connection timed out (port 25)
Jun  4 07:23:26 rusty postfix/smtp[12631]: connect to park.funnel.revenuedirect.com.akadns.net[69.25.47.164]: Connection timed out (port 25)
Jun  4 07:23:26 rusty postfix/smtp[12635]: connect to park.funnel.revenuedirect.com.akadns.net[66.150.161.57]: Connection timed out (port 25)
Jun  4 07:23:26 rusty postfix/smtp[12640]: connect to park.funnel.revenuedirect.com.akadns.net[69.25.47.164]: Connection timed out (port 25)
Jun  4 07:23:26 rusty postfix/smtp[12646]: connect to park.funnel.revenuedirect.com.akadns.net[69.25.47.164]: Connection timed out (port 25)
Jun  4 07:23:26 rusty postfix/smtp[12656]: connect to park.funnel.revenuedirect.com.akadns.net[69.25.47.164]: Connection timed out (port 25)
Jun  4 07:23:26 rusty postfix/smtp[12653]: 18083118214: to=<aaaa@aaaaaa.com>, relay=none, delay=266878, status=deferred (connect to dmhosting.g.ysm.yahoo.com[72.30.33.102]: Connection timed out)
Jun  4 07:23:26 rusty postfix/smtp[12628]: CD33B1181D7: to=<aaaa@aaaaaa.com>, relay=none, delay=262262, status=deferred (connect to dmhosting.g.ysm.yahoo.com[72.30.33.102]: Connection timed out)
Jun  4 07:23:26 rusty postfix/smtp[12627]: F37A7118225: to=<aaaa@aaaaaa.com>, relay=none, delay=249396, status=deferred (connect to dmhosting.g.ysm.yahoo.com[72.30.33.102]: Connection timed out)
Jun  4 07:23:31 rusty postfix/smtp[12638]: BBC3A1181F0: to=<slug@eurekait.com>, relay=none, delay=399499, status=deferred (Host or domain name not found. Name service error for name=eurekait.com type=MX: Host not found, try again)
Jun  4 07:23:31 rusty postfix/smtp[12633]: E6F001181E2: to=<slug@eurekait.com>, relay=none, delay=231554, status=deferred (Host or domain name not found. Name service error for name=eurekait.com type=MX: Host not found, try again)
Jun  4 07:23:31 rusty postfix/smtp[12629]: C25341181BD: to=<slug@eurekait.com>, relay=none, delay=244354, status=deferred (Host or domain name not found. Name service error for name=eurekait.com type=MX: Host not found, try again)
Jun  4 07:23:31 rusty postfix/smtp[12644]: 03BE411815E: to=<slug@eurekait.com>, relay=none, delay=46537, status=deferred (Host or domain name not found. Name service error for name=eurekait.com type=MX: Host not found, try again)
Jun  4 07:23:31 rusty postfix/smtp[12654]: 1A3611181C0: to=<slug@eurekait.com>, relay=none, delay=332016, status=deferred (Host or domain name not found. Name service error for name=eurekait.com type=MX: Host not found, try again)
Jun  4 07:23:31 rusty postfix/smtp[12642]: 2AAA61181BC: to=<pauljobs@forrester.net.au>, relay=none, delay=384365, status=deferred (Host or domain name not found. Name service error for name=forrester.net.au type=MX: Host not found, try again)
Jun  4 07:23:35 rusty postfix/smtpd[12621]: connect from ip-89-102-42-254.karneval.cz[89.102.42.254]
Jun  4 07:23:38 rusty postfix/smtpd[12621]: NOQUEUE: reject: RCPT from ip-89-102-42-254.karneval.cz[89.102.42.254]: 554 Service unavailable; Client host [89.102.42.254] blocked using cbl.abuseat.org; Blocked - see http://cbl.abuseat.org/lookup.cgi?ip=89.102.42.254; from=<2fore1golf.net@wanttobefit.com> to=<linuxchix@slug.org.au> proto=SMTP helo=<localhost>
Jun  4 07:23:38 rusty postfix/smtpd[12621]: lost connection after RCPT from ip-89-102-42-254.karneval.cz[89.102.42.254]
Jun  4 07:23:38 rusty postfix/smtpd[12621]: disconnect from ip-89-102-42-254.karneval.cz[89.102.42.254]
Jun  4 07:23:39 rusty postfix/smtpd[12603]: connect from p5091C94A.dip.t-dialin.net[80.145.201.74]
Jun  4 07:23:52 rusty postfix/smtpd[12603]: warning: 74.201.145.80.relays.ordb.org: RBL lookup error: Host or domain name not found. Name service error for name=74.201.145.80.relays.ordb.org type=A: Host not found, try again
Jun  4 07:23:56 rusty postfix/smtp[12637]: connect to Mail.theoffice.net[69.56.175.209]: Connection timed out (port 25)
Jun  4 07:23:56 rusty postfix/smtp[12631]: connect to park.funnel.revenuedirect.com.akadns.net[66.150.161.57]: Connection timed out (port 25)
Jun  4 07:23:56 rusty postfix/smtp[12635]: connect to park.funnel.revenuedirect.com.akadns.net[69.25.47.164]: Connection timed out (port 25)
Jun  4 07:23:56 rusty postfix/smtp[12640]: connect to park.funnel.revenuedirect.com.akadns.net[66.150.161.57]: Connection timed out (port 25)
Jun  4 07:23:56 rusty postfix/smtp[12646]: connect to park.funnel.revenuedirect.com.akadns.net[66.150.161.57]: Connection timed out (port 25)
Jun  4 07:23:56 rusty postfix/smtp[12656]: connect to park.funnel.revenuedirect.com.akadns.net[66.150.161.57]: Connection timed out (port 25)
Jun  4 07:23:56 rusty postfix/smtp[12656]: 1A3611181C0: to=<brat@somethingorother.com>, relay=none, delay=332041, status=deferred (connect to park.funnel.revenuedirect.com.akadns.net[66.150.161.57]: Connection timed out)
Jun  4 07:23:56 rusty postfix/smtp[12646]: 03BE411815E: to=<brat@somethingorother.com>, relay=none, delay=46562, status=deferred (connect to park.funnel.revenuedirect.com.akadns.net[66.150.161.57]: Connection timed out)
Jun  4 07:23:56 rusty postfix/smtp[12640]: BBC3A1181F0: to=<brat@somethingorother.com>, relay=none, delay=399524, status=deferred (connect to park.funnel.revenuedirect.com.akadns.net[66.150.161.57]: Connection timed out)
Jun  4 07:23:56 rusty postfix/smtp[12635]: E6F001181E2: to=<brat@somethingorother.com>, relay=none, delay=231579, status=deferred (connect to park.funnel.revenuedirect.com.akadns.net[69.25.47.164]: Connection timed out)
Jun  4 07:23:56 rusty postfix/smtp[12631]: C25341181BD: to=<brat@somethingorother.com>, relay=none, delay=244379, status=deferred (connect to park.funnel.revenuedirect.com.akadns.net[66.150.161.57]: Connection timed out)
Jun  4 07:23:57 rusty postfix/smtpd[12621]: warning: 62.221.59.156: hostname 62-221-59-156.static.mp.farlep.net verification failed: Name or service not known
Jun  4 07:23:57 rusty postfix/smtpd[12621]: connect from unknown[62.221.59.156]
Jun  4 07:24:01 rusty postfix/smtpd[12621]: NOQUEUE: reject: RCPT from unknown[62.221.59.156]: 554 Service unavailable; Client host [62.221.59.156] blocked using cbl.abuseat.org; Blocked - see http://cbl.abuseat.org/lookup.cgi?ip=62.221.59.156; from=<uvdeed@mpm.edu.my> to=<web-suggest@slug.org.au> proto=SMTP helo=<mpm.edu.my>
Jun  4 07:24:02 rusty postfix/smtpd[12621]: lost connection after RCPT from unknown[62.221.59.156]
Jun  4 07:24:02 rusty postfix/smtpd[12621]: disconnect from unknown[62.221.59.156]
Jun  4 07:24:08 rusty postfix/smtpd[12621]: warning: 219.133.92.130: hostname 130.92.133.219.broad.sz.gd.dynamic.163data.com.cn verification failed: Name or service not known
Jun  4 07:24:08 rusty postfix/smtpd[12621]: connect from unknown[219.133.92.130]
Jun  4 07:24:12 rusty postfix/smtpd[12603]: warning: 74.201.145.80.opm.blitzed.org: RBL lookup error: Host or domain name not found. Name service error for name=74.201.145.80.opm.blitzed.org type=A: Host not found, try again
Jun  4 07:24:12 rusty postfix/smtpd[12603]: NOQUEUE: reject: RCPT from p5091C94A.dip.t-dialin.net[80.145.201.74]: 450 <60-event@slug.org.au>: Recipient address rejected: Greylisted for 300 seconds (see http://isg.ee.ethz.ch/tools/postgrey/help/slug.org.au.html); from=<coyltismipx@t-dialin.net> to=<60-event@slug.org.au> proto=ESMTP helo=<p5091c94a.dip.t-dialin.net>
Jun  4 07:24:12 rusty postfix/smtpd[12603]: lost connection after RCPT from p5091C94A.dip.t-dialin.net[80.145.201.74]
Jun  4 07:24:12 rusty postfix/smtpd[12603]: disconnect from p5091C94A.dip.t-dialin.net[80.145.201.74]
Jun  4 07:24:19 rusty postfix/smtpd[12603]: connect from nc-76-6-139-180.dhcp.embarqhsd.net[76.6.139.180]
Jun  4 07:24:21 rusty postfix/smtpd[12621]: warning: 130.92.133.219.relays.ordb.org: RBL lookup error: Host or domain name not found. Name service error for name=130.92.133.219.relays.ordb.org type=A: Host not found, try again
Jun  4 07:24:21 rusty postfix/smtpd[12603]: NOQUEUE: reject: RCPT from nc-76-6-139-180.dhcp.embarqhsd.net[76.6.139.180]: 550 <rxq@slug.org.au>: Sender address rejected: User unknown in local recipient table; from=<rxq@slug.org.au> to=<jobs@slug.org.au> proto=SMTP helo=<nc-76-6-139-180.dhcp.embarqhsd.net>
Jun  4 07:24:21 rusty postfix/smtpd[12603]: lost connection after RCPT from nc-76-6-139-180.dhcp.embarqhsd.net[76.6.139.180]
Jun  4 07:24:21 rusty postfix/smtpd[12603]: disconnect from nc-76-6-139-180.dhcp.embarqhsd.net[76.6.139.180]
Jun  4 07:24:26 rusty postfix/smtp[12637]: connect to Mail.theoffice.net[69.56.175.206]: Connection timed out (port 25)
Jun  4 07:24:41 rusty postfix/smtpd[12621]: warning: 130.92.133.219.opm.blitzed.org: RBL lookup error: Host or domain name not found. Name service error for name=130.92.133.219.opm.blitzed.org type=A: Host not found, try again
Jun  4 07:24:41 rusty postfix/smtpd[12621]: NOQUEUE: reject: RCPT from unknown[219.133.92.130]: 450 <admin@slug.org.au>: Recipient address rejected: Greylisted for 300 seconds (see http://isg.ee.ethz.ch/tools/postgrey/help/slug.org.au.html); from=<zhanyshan@hzi.com> to=<admin@slug.org.au> proto=ESMTP helo=<hzi.com>
Jun  4 07:24:41 rusty postfix/smtpd[12621]: disconnect from unknown[219.133.92.130]
Jun  4 07:24:48 rusty postfix/smtpd[12603]: connect from cpe-069-134-127-076.nc.res.rr.com[69.134.127.76]
Jun  4 07:24:51 rusty postfix/smtpd[12603]: NOQUEUE: reject: RCPT from cpe-069-134-127-076.nc.res.rr.com[69.134.127.76]: 554 Service unavailable; Client host [69.134.127.76] blocked using cbl.abuseat.org; Blocked - see http://cbl.abuseat.org/lookup.cgi?ip=69.134.127.76; from=<NkComfort@winzersekt.com> to=<coders@slug.org.au> proto=ESMTP helo=<cpe-069-134-127-076.nc.res.rr.com>
Jun  4 07:24:51 rusty postfix/smtpd[12603]: lost connection after RCPT from cpe-069-134-127-076.nc.res.rr.com[69.134.127.76]
Jun  4 07:24:51 rusty postfix/smtpd[12603]: disconnect from cpe-069-134-127-076.nc.res.rr.com[69.134.127.76]
Jun  4 07:24:56 rusty postfix/smtpd[12621]: connect from cpe-069-134-127-076.nc.res.rr.com[69.134.127.76]
Jun  4 07:24:56 rusty postfix/smtp[12637]: connect to Mail2.theoffice.net[69.56.175.206]: Connection timed out (port 25)
Jun  4 07:24:57 rusty postfix/smtpd[12621]: NOQUEUE: reject: RCPT from cpe-069-134-127-076.nc.res.rr.com[69.134.127.76]: 554 Service unavailable; Client host [69.134.127.76] blocked using cbl.abuseat.org; Blocked - see http://cbl.abuseat.org/lookup.cgi?ip=69.134.127.76; from=<committed587@winzersekt.com> to=<coders-owner@slug.org.au> proto=ESMTP helo=<cpe-069-134-127-076.nc.res.rr.com>
Jun  4 07:24:57 rusty postfix/smtpd[12621]: lost connection after RCPT from cpe-069-134-127-076.nc.res.rr.com[69.134.127.76]
Jun  4 07:24:57 rusty postfix/smtpd[12621]: disconnect from cpe-069-134-127-076.nc.res.rr.com[69.134.127.76]
Jun  4 07:25:25 rusty postfix/smtpd[12603]: connect from cpe-66-24-19-82.stny.res.rr.com[66.24.19.82]
Jun  4 07:25:26 rusty postfix/smtp[12637]: connect to Mail2.theoffice.net[69.56.175.209]: Connection timed out (port 25)
Jun  4 07:25:27 rusty postfix/smtpd[12603]: NOQUEUE: reject: RCPT from cpe-66-24-19-82.stny.res.rr.com[66.24.19.82]: 554 Service unavailable; Client host [66.24.19.82] blocked using ix.dnsbl.manitu.net; Comment:   IP address blocked, see http://ix.dnsbl.manitu.net/lookup.php?ipaddress=66.24.19.82, latest spam received via relay.heise.de at 2007-05-31T01:45+0200; from=<dat9.com@reefreef.com> to=<chris@slug.org.au> proto=SMTP helo=<localhost>
Jun  4 07:25:28 rusty postfix/smtpd[12603]: lost connection after RCPT from cpe-66-24-19-82.stny.res.rr.com[66.24.19.82]
Jun  4 07:25:28 rusty postfix/smtpd[12603]: disconnect from cpe-66-24-19-82.stny.res.rr.com[66.24.19.82]
Jun  4 07:25:36 rusty postfix/smtp[12630]: C25341181BD: to=<ajones@harvestroad.com>, relay=mail.harvestroad.com.au[203.103.97.27], delay=244479, status=deferred (host mail.harvestroad.com.au[203.103.97.27] said: 450 <slug-bounces@slug.org.au>: Sender address rejected: Domain not found (in reply to RCPT TO command))
Jun  4 07:25:36 rusty postfix/smtp[12634]: E6F001181E2: to=<ajones@harvestroad.com>, relay=mail.harvestroad.com.au[203.103.97.27], delay=231679, status=deferred (host mail.harvestroad.com.au[203.103.97.27] said: 450 <slug-bounces@slug.org.au>: Sender address rejected: Domain not found (in reply to RCPT TO command))
Jun  4 07:25:36 rusty postfix/smtp[12639]: BBC3A1181F0: to=<ajones@harvestroad.com>, relay=mail.harvestroad.com.au[203.103.97.27], delay=399624, status=deferred (host mail.harvestroad.com.au[203.103.97.27] said: 450 <slug-bounces@slug.org.au>: Sender address rejected: Domain not found (in reply to RCPT TO command))
Jun  4 07:25:37 rusty postfix/smtp[12645]: 03BE411815E: to=<ajones@harvestroad.com>, relay=mail.harvestroad.com.au[203.103.97.27], delay=46663, status=deferred (host mail.harvestroad.com.au[203.103.97.27] said: 450 <slug-bounces@slug.org.au>: Sender address rejected: Domain not found (in reply to RCPT TO command))
Jun  4 07:25:37 rusty postfix/smtp[12655]: 1A3611181C0: to=<ajones@harvestroad.com>, relay=mail.harvestroad.com.au[203.103.97.27], delay=332142, status=deferred (host mail.harvestroad.com.au[203.103.97.27] said: 450 <slug-bounces@slug.org.au>: Sender address rejected: Domain not found (in reply to RCPT TO command))
Jun  4 07:25:56 rusty postfix/smtp[12637]: connect to Mail2.theoffice.net[69.56.175.208]: Connection timed out (port 25)
Jun  4 07:26:06 rusty postfix/smtpd[12621]: warning: 121.34.189.242: hostname 242.189.34.121.broad.sz.gd.dynamic.163data.com.cn verification failed: Name or service not known
Jun  4 07:26:06 rusty postfix/smtpd[12621]: connect from unknown[121.34.189.242]
Jun  4 07:26:09 rusty postfix/smtpd[12603]: connect from unknown[201.76.248.155]
Jun  4 07:26:11 rusty postfix/smtpd[12603]: NOQUEUE: reject: RCPT from unknown[201.76.248.155]: 554 Service unavailable; Client host [201.76.248.155] blocked using cbl.abuseat.org; Blocked - see http://cbl.abuseat.org/lookup.cgi?ip=201.76.248.155; from=<yasbestos@dansbanners.com> to=<f48e58df@slug.org.au> proto=SMTP helo=<dansbanners.com>
Jun  4 07:26:12 rusty postfix/smtpd[12603]: lost connection after RCPT from unknown[201.76.248.155]
Jun  4 07:26:12 rusty postfix/smtpd[12603]: disconnect from unknown[201.76.248.155]
Jun  4 07:26:20 rusty postfix/smtpd[12621]: warning: 242.189.34.121.relays.ordb.org: RBL lookup error: Host or domain name not found. Name service error for name=242.189.34.121.relays.ordb.org type=A: Host not found, try again
Jun  4 07:26:22 rusty postfix/smtpd[12603]: connect from VDSL-151-118-170-126.DNVR.QWEST.NET[151.118.170.126]
Jun  4 07:26:26 rusty postfix/smtp[12637]: connect to Mail3.theoffice.net[69.56.175.208]: Connection timed out (port 25)
Jun  4 07:26:30 rusty postfix/smtpd[12603]: NOQUEUE: reject: RCPT from VDSL-151-118-170-126.DNVR.QWEST.NET[151.118.170.126]: 554 Service unavailable; Client host [151.118.170.126] blocked using cbl.abuseat.org; Blocked - see http://cbl.abuseat.org/lookup.cgi?ip=151.118.170.126; from=<youthlineuk.com@loshernandez.com> to=<activities-bounces@slug.org.au> proto=SMTP helo=<localhost>
Jun  4 07:26:30 rusty postfix/smtpd[12603]: lost connection after RCPT from VDSL-151-118-170-126.DNVR.QWEST.NET[151.118.170.126]
Jun  4 07:26:30 rusty postfix/smtpd[12603]: disconnect from VDSL-151-118-170-126.DNVR.QWEST.NET[151.118.170.126]
Jun  4 07:26:40 rusty postfix/smtpd[12621]: warning: 242.189.34.121.opm.blitzed.org: RBL lookup error: Host or domain name not found. Name service error for name=242.189.34.121.opm.blitzed.org type=A: Host not found, try again
Jun  4 07:26:40 rusty postfix/smtpd[12621]: NOQUEUE: reject: RCPT from unknown[121.34.189.242]: 450 <slug-request@slug.org.au>: Recipient address rejected: Greylisted for 300 seconds (see http://isg.ee.ethz.ch/tools/postgrey/help/slug.org.au.html); from=<shjzJp@163.com> to=<slug-request@slug.org.au> proto=ESMTP helo=<163.com>
Jun  4 07:26:40 rusty postfix/smtpd[12621]: disconnect from unknown[121.34.189.242]
Jun  4 07:26:56 rusty postfix/smtp[12637]: connect to Mail3.theoffice.net[69.56.175.206]: Connection timed out (port 25)
Jun  4 07:27:01 rusty postfix/smtpd[12603]: connect from unknown[200.223.130.138]
Jun  4 07:27:13 rusty postfix/smtpd[12621]: connect from N609P023.adsl.highway.telekom.at[62.47.20.23]
Jun  4 07:27:15 rusty postfix/smtpd[12621]: NOQUEUE: reject: RCPT from N609P023.adsl.highway.telekom.at[62.47.20.23]: 554 Service unavailable; Client host [62.47.20.23] blocked using dnsbl.njabl.org; 1046626502; from=<gregor@Princeton.edu> to=<209-event@slug.org.au> proto=ESMTP helo=<kirchmai-xkyuro>
Jun  4 07:27:15 rusty postfix/smtpd[12621]: lost connection after RCPT from N609P023.adsl.highway.telekom.at[62.47.20.23]
Jun  4 07:27:15 rusty postfix/smtpd[12621]: disconnect from N609P023.adsl.highway.telekom.at[62.47.20.23]
Jun  4 07:27:25 rusty postfix/smtpd[12603]: NOQUEUE: reject: RCPT from unknown[200.223.130.138]: 554 Service unavailable; Client host [200.223.130.138] blocked using cbl.abuseat.org; Blocked - see http://cbl.abuseat.org/lookup.cgi?ip=200.223.130.138; from=<thewickedspike.com@loveofbeer.com> to=<kencaldwell@slug.org.au> proto=SMTP helo=<localhost>
Jun  4 07:27:26 rusty postfix/smtp[12637]: connect to Mail3.theoffice.net[69.56.175.209]: Connection timed out (port 25)
Jun  4 07:27:26 rusty postfix/smtp[12637]: DFABC118170: to=<onramp@theoffice.net>, relay=none, delay=384601, status=deferred (connect to Mail3.theoffice.net[69.56.175.209]: Connection timed out)
Jun  4 07:27:30 rusty postfix/smtpd[12603]: lost connection after RCPT from unknown[200.223.130.138]
Jun  4 07:27:30 rusty postfix/smtpd[12603]: disconnect from unknown[200.223.130.138]
Jun  4 07:27:31 rusty postfix/smtpd[12621]: connect from unknown[190.4.46.68]
Jun  4 07:27:33 rusty postfix/smtpd[12621]: NOQUEUE: reject: RCPT from unknown[190.4.46.68]: 554 Service unavailable; Client host [190.4.46.68] blocked using ix.dnsbl.manitu.net; Comment:   IP address blocked, see http://ix.dnsbl.manitu.net/lookup.php?ipaddress=190.4.46.68, latest spam received via mx0.freenet.de at 2007-06-03T06:18+0200; from=<dco@egoldhyips.com> to=<abdomens@slug.org.au> proto=SMTP helo=<egoldhyips.com>
Jun  4 07:27:33 rusty postfix/smtpd[12621]: lost connection after RCPT from unknown[190.4.46.68]
Jun  4 07:27:33 rusty postfix/smtpd[12621]: disconnect from unknown[190.4.46.68]
Jun  4 07:27:49 rusty postfix/smtpd[12603]: warning: 121.34.189.242: hostname 242.189.34.121.broad.sz.gd.dynamic.163data.com.cn verification failed: Name or service not known
Jun  4 07:27:49 rusty postfix/smtpd[12603]: connect from unknown[121.34.189.242]
Jun  4 07:27:53 rusty postfix/smtpd[12621]: warning: 121.34.189.242: hostname 242.189.34.121.broad.sz.gd.dynamic.163data.com.cn verification failed: Name or service not known
Jun  4 07:27:53 rusty postfix/smtpd[12621]: connect from unknown[121.34.189.242]
Jun  4 07:27:54 rusty postfix/smtpd[12621]: NOQUEUE: reject: RCPT from unknown[121.34.189.242]: 450 <slug-admin@slug.org.au>: Recipient address rejected: Greylisted for 300 seconds (see http://isg.ee.ethz.ch/tools/postgrey/help/slug.org.au.html); from=<shjzJp@163.com> to=<slug-admin@slug.org.au> proto=ESMTP helo=<163.com>
Jun  4 07:27:55 rusty postfix/smtpd[12621]: disconnect from unknown[121.34.189.242]
Jun  4 07:28:01 rusty postfix/smtpd[12603]: warning: 242.189.34.121.relays.ordb.org: RBL lookup error: Host or domain name not found. Name service error for name=242.189.34.121.relays.ordb.org type=A: Host not found, try again
Jun  4 07:28:21 rusty postfix/smtpd[12603]: warning: 242.189.34.121.opm.blitzed.org: RBL lookup error: Host or domain name not found. Name service error for name=242.189.34.121.opm.blitzed.org type=A: Host not found, try again
Jun  4 07:28:21 rusty postfix/smtpd[12603]: NOQUEUE: reject: RCPT from unknown[121.34.189.242]: 450 <slug@slug.org.au>: Recipient address rejected: Greylisted for 300 seconds (see http://isg.ee.ethz.ch/tools/postgrey/help/slug.org.au.html); from=<shjzJp@163.com> to=<slug@slug.org.au> proto=ESMTP helo=<163.com>
Jun  4 07:28:22 rusty postfix/smtpd[12603]: disconnect from unknown[121.34.189.242]
Jun  4 07:28:44 rusty postfix/smtpd[12621]: connect from ip-90-186-107-129.web.vodafone.de[90.186.107.129]
Jun  4 07:28:46 rusty postfix/smtpd[12710]: connect from dbn108.neoplus.adsl.tpnet.pl[83.23.39.108]
Jun  4 07:28:47 rusty postfix/smtpd[12603]: connect from 192-142.186-72.tampabay.res.rr.com[72.186.142.192]
Jun  4 07:29:00 rusty postfix/smtpd[12603]: warning: 192.142.186.72.relays.ordb.org: RBL lookup error: Host or domain name not found. Name service error for name=192.142.186.72.relays.ordb.org type=A: Host not found, try again
Jun  4 07:29:02 rusty postfix/smtpd[12710]: warning: 108.39.23.83.relays.ordb.org: RBL lookup error: Host or domain name not found. Name service error for name=108.39.23.83.relays.ordb.org type=A: Host not found, try again
Jun  4 07:29:06 rusty postfix/smtpd[12621]: warning: 129.107.186.90.relays.ordb.org: RBL lookup error: Host or domain name not found. Name service error for name=129.107.186.90.relays.ordb.org type=A: Host not found, try again
Jun  4 07:29:20 rusty postfix/smtpd[12603]: warning: 192.142.186.72.opm.blitzed.org: RBL lookup error: Host or domain name not found. Name service error for name=192.142.186.72.opm.blitzed.org type=A: Host not found, try again
Jun  4 07:29:20 rusty postfix/smtpd[12603]: NOQUEUE: reject: RCPT from 192-142.186-72.tampabay.res.rr.com[72.186.142.192]: 450 <commitee@slug.org.au>: Recipient address rejected: Greylisted for 300 seconds (see http://isg.ee.ethz.ch/tools/postgrey/help/slug.org.au.html); from=<Georgiacomparing@russiantvguide.com> to=<commitee@slug.org.au> proto=ESMTP helo=<192-142.186-72.tampabay.res.rr.com>
Jun  4 07:29:20 rusty postfix/smtpd[12603]: lost connection after RCPT from 192-142.186-72.tampabay.res.rr.com[72.186.142.192]
Jun  4 07:29:20 rusty postfix/smtpd[12603]: disconnect from 192-142.186-72.tampabay.res.rr.com[72.186.142.192]
Jun  4 07:29:22 rusty postfix/smtpd[12710]: warning: 108.39.23.83.opm.blitzed.org: RBL lookup error: Host or domain name not found. Name service error for name=108.39.23.83.opm.blitzed.org type=A: Host not found, try again
Jun  4 07:29:22 rusty postfix/smtpd[12710]: NOQUEUE: reject: RCPT from dbn108.neoplus.adsl.tpnet.pl[83.23.39.108]: 450 <adam@slug.org.au>: Recipient address rejected: Greylisted for 300 seconds (see http://isg.ee.ethz.ch/tools/postgrey/help/slug.org.au.html); from=<uuadmixture@ghazalirm.ws> to=<adam@slug.org.au> proto=SMTP helo=<dbn108.neoplus.adsl.tpnet.pl>
Jun  4 07:29:22 rusty postfix/smtpd[12710]: lost connection after RCPT from dbn108.neoplus.adsl.tpnet.pl[83.23.39.108]
Jun  4 07:29:22 rusty postfix/smtpd[12710]: disconnect from dbn108.neoplus.adsl.tpnet.pl[83.23.39.108]
Jun  4 07:29:26 rusty postfix/smtpd[12621]: warning: 129.107.186.90.opm.blitzed.org: RBL lookup error: Host or domain name not found. Name service error for name=129.107.186.90.opm.blitzed.org type=A: Host not found, try again
Jun  4 07:29:26 rusty postfix/smtpd[12621]: NOQUEUE: reject: RCPT from ip-90-186-107-129.web.vodafone.de[90.186.107.129]: 450 <uxchix@slug.org.au>: Recipient address rejected: Greylisted for 300 seconds (see http://isg.ee.ethz.ch/tools/postgrey/help/slug.org.au.html); from=<dominiosite.com@ydyt.com> to=<uxchix@slug.org.au> proto=SMTP helo=<localhost>
Jun  4 07:29:32 rusty postfix/smtpd[12621]: lost connection after RCPT from ip-90-186-107-129.web.vodafone.de[90.186.107.129]
Jun  4 07:29:32 rusty postfix/smtpd[12621]: disconnect from ip-90-186-107-129.web.vodafone.de[90.186.107.129]
Jun  4 07:30:05 rusty postfix/smtpd[12603]: connect from unknown[88.103.252.35]
Jun  4 07:30:07 rusty postfix/smtpd[12603]: NOQUEUE: reject: RCPT from unknown[88.103.252.35]: 550 <hhow@slug.org.au>: Sender address rejected: User unknown in local recipient table; from=<hhow@slug.org.au> to=<pearls-admin@slug.org.au> proto=SMTP helo=<doma-oagif8o90r>
Jun  4 07:30:08 rusty postfix/smtpd[12603]: lost connection after RCPT from unknown[88.103.252.35]
Jun  4 07:30:08 rusty postfix/smtpd[12603]: disconnect from unknown[88.103.252.35]
Jun  4 07:30:36 rusty postfix/smtpd[12621]: connect from unknown[217.78.188.105]
Jun  4 07:30:37 rusty postfix/smtpd[12621]: NOQUEUE: reject: RCPT from unknown[217.78.188.105]: 554 <SatelliteRadio@xl1-sherman.com>: Sender address rejected: Domain not found; from=<SatelliteRadio@xl1-sherman.com> to=<34-event@slug.org.au> proto=ESMTP helo=<28fe02ab65c749e>
Jun  4 07:30:37 rusty postfix/smtpd[12621]: lost connection after RCPT from unknown[217.78.188.105]
Jun  4 07:30:37 rusty postfix/smtpd[12621]: disconnect from unknown[217.78.188.105]
Jun  4 07:30:38 rusty postfix/smtpd[12710]: connect from unknown[195.226.247.74]
Jun  4 07:30:43 rusty postfix/smtpd[12710]: NOQUEUE: reject: RCPT from unknown[195.226.247.74]: 554 Service unavailable; Client host [195.226.247.74] blocked using cbl.abuseat.org; Blocked - see http://cbl.abuseat.org/lookup.cgi?ip=195.226.247.74; from=<tradecorridor.com@lasermedi.com> to=<kencaldwell@slug.org.au> proto=SMTP helo=<localhost>
Jun  4 07:30:44 rusty postfix/smtpd[12710]: lost connection after RCPT from unknown[195.226.247.74]
Jun  4 07:30:44 rusty postfix/smtpd[12710]: disconnect from unknown[195.226.247.74]
Jun  4 07:33:04 rusty postfix/smtpd[12755]: connect from host-74-234.3dnet.co.yu[195.252.74.234]
Jun  4 07:33:17 rusty postfix/smtpd[12755]: warning: 234.74.252.195.relays.ordb.org: RBL lookup error: Host or domain name not found. Name service error for name=234.74.252.195.relays.ordb.org type=A: Host not found, try again
Jun  4 07:33:36 rusty postfix/smtpd[12760]: connect from CPE-65-31-244-68.new.res.rr.com[65.31.244.68]
Jun  4 07:33:37 rusty postfix/smtpd[12755]: warning: 234.74.252.195.opm.blitzed.org: RBL lookup error: Host or domain name not found. Name service error for name=234.74.252.195.opm.blitzed.org type=A: Host not found, try again
Jun  4 07:33:37 rusty postfix/smtpd[12755]: NOQUEUE: reject: RCPT from host-74-234.3dnet.co.yu[195.252.74.234]: 550 <ug@slug.org.au>: Recipient address rejected: User unknown in local recipient table; from=<ipsi2006@3dnet.co.yu> to=<ug@slug.org.au> proto=ESMTP helo=<mejl.3dnet.co.yu>
Jun  4 07:33:38 rusty postfix/smtpd[12760]: NOQUEUE: reject: RCPT from CPE-65-31-244-68.new.res.rr.com[65.31.244.68]: 554 Service unavailable; Client host [65.31.244.68] blocked using cbl.abuseat.org; Blocked - see http://cbl.abuseat.org/lookup.cgi?ip=65.31.244.68; from=<Oracommoditycurrant@rr.com> to=<pig@slug.org.au> proto=ESMTP helo=<rr.com>
Jun  4 07:33:38 rusty postfix/smtpd[12760]: disconnect from CPE-65-31-244-68.new.res.rr.com[65.31.244.68]
Jun  4 07:33:38 rusty postfix/smtpd[12755]: disconnect from host-74-234.3dnet.co.yu[195.252.74.234]
Jun  4 07:34:12 rusty postfix/smtpd[12760]: connect from dpc67143102027.direcpc.com[67.143.102.27]
Jun  4 07:34:32 rusty postfix/smtpd[12760]: warning: 27.102.143.67.relays.ordb.org: RBL lookup error: Host or domain name not found. Name service error for name=27.102.143.67.relays.ordb.org type=A: Host not found, try again
Jun  4 07:34:36 rusty postfix/smtpd[12755]: connect from host85-41-dynamic.8-87-r.retail.telecomitalia.it[87.8.41.85]
Jun  4 07:34:52 rusty postfix/smtpd[12760]: warning: 27.102.143.67.opm.blitzed.org: RBL lookup error: Host or domain name not found. Name service error for name=27.102.143.67.opm.blitzed.org type=A: Host not found, try again
Jun  4 07:34:52 rusty postfix/smtpd[12760]: NOQUEUE: reject: RCPT from dpc67143102027.direcpc.com[67.143.102.27]: 450 <chris@slug.org.au>: Recipient address rejected: Greylisted for 300 seconds (see http://isg.ee.ethz.ch/tools/postgrey/help/slug.org.au.html); from=<digiorgioz@direcpc.com> to=<chris@slug.org.au> proto=SMTP helo=<dpc67143102027.direcpc.com>
Jun  4 07:34:52 rusty postfix/smtpd[12760]: lost connection after RCPT from dpc67143102027.direcpc.com[67.143.102.27]
Jun  4 07:34:52 rusty postfix/smtpd[12760]: disconnect from dpc67143102027.direcpc.com[67.143.102.27]
Jun  4 07:34:53 rusty postfix/smtpd[12755]: warning: 85.41.8.87.relays.ordb.org: RBL lookup error: Host or domain name not found. Name service error for name=85.41.8.87.relays.ordb.org type=A: Host not found, try again
Jun  4 07:35:13 rusty postfix/smtpd[12755]: warning: 85.41.8.87.opm.blitzed.org: RBL lookup error: Host or domain name not found. Name service error for name=85.41.8.87.opm.blitzed.org type=A: Host not found, try again
Jun  4 07:35:13 rusty postfix/smtpd[12755]: NOQUEUE: reject: RCPT from host85-41-dynamic.8-87-r.retail.telecomitalia.it[87.8.41.85]: 450 <pearls-owner@slug.org.au>: Recipient address rejected: Greylisted for 300 seconds (see http://isg.ee.ethz.ch/tools/postgrey/help/slug.org.au.html); from=<vover.com@thedruidgrove.com> to=<pearls-owner@slug.org.au> proto=SMTP helo=<localhost>
Jun  4 07:35:14 rusty postfix/smtpd[12755]: lost connection after RCPT from host85-41-dynamic.8-87-r.retail.telecomitalia.it[87.8.41.85]
Jun  4 07:35:14 rusty postfix/smtpd[12755]: disconnect from host85-41-dynamic.8-87-r.retail.telecomitalia.it[87.8.41.85]
Jun  4 07:35:27 rusty postfix/smtpd[12760]: connect from an-out-0708.google.com[209.85.132.241]
Jun  4 07:35:42 rusty postfix/smtpd[12760]: warning: 241.132.85.209.relays.ordb.org: RBL lookup error: Host or domain name not found. Name service error for name=241.132.85.209.relays.ordb.org type=A: Host not found, try again
Jun  4 07:35:51 rusty postfix/smtpd[12755]: connect from a213-22-41-91.cpe.netcabo.pt[213.22.41.91]
Jun  4 07:35:53 rusty postfix/smtpd[12755]: NOQUEUE: reject: RCPT from a213-22-41-91.cpe.netcabo.pt[213.22.41.91]: 554 Service unavailable; Client host [213.22.41.91] blocked using dnsbl.njabl.org; 1112076005; from=<Greer155@cup.com> to=<craigepeter@slug.org.au> proto=ESMTP helo=<a213-22-41-91.cpe.netcabo.pt>
Jun  4 07:35:54 rusty postfix/smtpd[12755]: lost connection after RCPT from a213-22-41-91.cpe.netcabo.pt[213.22.41.91]
Jun  4 07:35:54 rusty postfix/smtpd[12755]: disconnect from a213-22-41-91.cpe.netcabo.pt[213.22.41.91]
Jun  4 07:35:55 rusty postfix/smtpd[12755]: connect from unknown[221.207.209.206]
Jun  4 07:36:00 rusty postfix/smtpd[12782]: warning: 58.62.39.12: hostname 12.39.62.58.broad.gz.gd.dynamic.163data.com.cn verification failed: Name or service not known
Jun  4 07:36:00 rusty postfix/smtpd[12782]: connect from unknown[58.62.39.12]
Jun  4 07:36:00 rusty postfix/smtpd[12781]: warning: 58.62.39.12: hostname 12.39.62.58.broad.gz.gd.dynamic.163data.com.cn verification failed: Name or service not known
Jun  4 07:36:00 rusty postfix/smtpd[12781]: connect from unknown[58.62.39.12]
Jun  4 07:36:00 rusty postfix/smtpd[12783]: warning: 58.62.39.12: hostname 12.39.62.58.broad.gz.gd.dynamic.163data.com.cn verification failed: Name or service not known
Jun  4 07:36:00 rusty postfix/smtpd[12783]: connect from unknown[58.62.39.12]
Jun  4 07:36:01 rusty postfix/smtpd[12755]: NOQUEUE: reject: RCPT from unknown[221.207.209.206]: 554 Service unavailable; Client host [221.207.209.206] blocked using cbl.abuseat.org; Blocked - see http://cbl.abuseat.org/lookup.cgi?ip=221.207.209.206; from=<denham49@fhtm.us> to=<chris@slug.org.au> proto=SMTP helo=<fhtm.us>
Jun  4 07:36:01 rusty postfix/smtpd[12782]: NOQUEUE: reject: RCPT from unknown[58.62.39.12]: 554 <312462@9B9FE5181EF0408.net>: Sender address rejected: Domain not found; from=<312462@9B9FE5181EF0408.net> to=<slug-admin@slug.org.au> proto=ESMTP helo=<9B9FE5181EF0408>
Jun  4 07:36:01 rusty postfix/smtpd[12781]: NOQUEUE: reject: RCPT from unknown[58.62.39.12]: 554 <938435@9B9FE5181EF0408.net>: Sender address rejected: Domain not found; from=<938435@9B9FE5181EF0408.net> to=<slug@slug.org.au> proto=ESMTP helo=<9B9FE5181EF0408>
Jun  4 07:36:01 rusty postfix/smtpd[12783]: NOQUEUE: reject: RCPT from unknown[58.62.39.12]: 554 <121675@9B9FE5181EF0408.net>: Sender address rejected: Domain not found; from=<121675@9B9FE5181EF0408.net> to=<slug-request@slug.org.au> proto=ESMTP helo=<9B9FE5181EF0408>
Jun  4 07:36:01 rusty postfix/smtpd[12755]: lost connection after RCPT from unknown[221.207.209.206]
Jun  4 07:36:01 rusty postfix/smtpd[12755]: disconnect from unknown[221.207.209.206]
Jun  4 07:36:01 rusty postfix/smtpd[12782]: disconnect from unknown[58.62.39.12]
Jun  4 07:36:01 rusty postfix/smtpd[12781]: disconnect from unknown[58.62.39.12]
Jun  4 07:36:01 rusty postfix/smtpd[12783]: disconnect from unknown[58.62.39.12]
Jun  4 07:36:02 rusty postfix/smtpd[12760]: warning: 241.132.85.209.opm.blitzed.org: RBL lookup error: Host or domain name not found. Name service error for name=241.132.85.209.opm.blitzed.org type=A: Host not found, try again
Jun  4 07:36:02 rusty postfix/smtpd[12760]: 316F7118145: client=an-out-0708.google.com[209.85.132.241]
Jun  4 07:36:02 rusty postfix/smtpd[12755]: warning: 58.62.39.12: hostname 12.39.62.58.broad.gz.gd.dynamic.163data.com.cn verification failed: Name or service not known
Jun  4 07:36:02 rusty postfix/smtpd[12755]: connect from unknown[58.62.39.12]
Jun  4 07:36:02 rusty postfix/smtpd[12782]: warning: 58.62.39.12: hostname 12.39.62.58.broad.gz.gd.dynamic.163data.com.cn verification failed: Name or service not known
Jun  4 07:36:02 rusty postfix/smtpd[12782]: connect from unknown[58.62.39.12]
Jun  4 07:36:02 rusty postfix/smtpd[12781]: warning: 58.62.39.12: hostname 12.39.62.58.broad.gz.gd.dynamic.163data.com.cn verification failed: Name or service not known
Jun  4 07:36:02 rusty postfix/smtpd[12781]: connect from unknown[58.62.39.12]
Jun  4 07:36:02 rusty postfix/cleanup[12784]: 316F7118145: message-id=<34a99ab40706031426g4ea46d97v5bcdd5edfeff89ea@mail.gmail.com>
Jun  4 07:36:02 rusty postfix/local[12785]: 316F7118145: to=<slug@slug.org.au>, relay=local, delay=35, status=sent (delivered to command: /var/lib/mailman/mail/mailman post slug)
Jun  4 07:36:03 rusty spamd[19590]: spamd: connection from localhost.localdomain [127.0.0.1] at port 50391 
Jun  4 07:36:03 rusty postfix/smtpd[12755]: NOQUEUE: reject: RCPT from unknown[58.62.39.12]: 554 <312462@9B9FE5181EF0408.net>: Sender address rejected: Domain not found; from=<312462@9B9FE5181EF0408.net> to=<slug-admin@slug.org.au> proto=ESMTP helo=<9B9FE5181EF0408>
Jun  4 07:36:03 rusty postfix/smtpd[12782]: NOQUEUE: reject: RCPT from unknown[58.62.39.12]: 554 <121675@9B9FE5181EF0408.net>: Sender address rejected: Domain not found; from=<121675@9B9FE5181EF0408.net> to=<slug-request@slug.org.au> proto=ESMTP helo=<9B9FE5181EF0408>
Jun  4 07:36:03 rusty postfix/smtpd[12781]: NOQUEUE: reject: RCPT from unknown[58.62.39.12]: 554 <938435@9B9FE5181EF0408.net>: Sender address rejected: Domain not found; from=<938435@9B9FE5181EF0408.net> to=<slug@slug.org.au> proto=ESMTP helo=<9B9FE5181EF0408>
Jun  4 07:36:03 rusty postfix/smtpd[12755]: disconnect from unknown[58.62.39.12]
Jun  4 07:36:03 rusty postfix/smtpd[12782]: disconnect from unknown[58.62.39.12]
Jun  4 07:36:03 rusty postfix/smtpd[12781]: disconnect from unknown[58.62.39.12]
Jun  4 07:36:04 rusty spamd[19590]: spamd: checking message <34a99ab40706031426g4ea46d97v5bcdd5edfeff89ea@mail.gmail.com> for slug:1011 
Jun  4 07:36:04 rusty spamd[19590]: Can't locate Sys/Hostname/Long.pm in @INC (@INC contains: ../lib /usr/share/perl5 /etc/perl /usr/local/lib/perl/5.8.7 /usr/local/share/perl/5.8.7 /usr/lib/perl5 /usr/lib/perl/5.8 /usr/share/perl/5.8 /usr/local/lib/site_perl) at /usr/share/perl5/Mail/SPF/Query.pm line 336, <GEN334> line 58. 
Jun  4 07:36:04 rusty spamd[19590]: Can't locate Sys/Hostname/Long.pm in @INC (@INC contains: ../lib /usr/share/perl5 /etc/perl /usr/local/lib/perl/5.8.7 /usr/local/share/perl/5.8.7 /usr/lib/perl5 /usr/lib/perl/5.8 /usr/share/perl/5.8 /usr/local/lib/site_perl) at /usr/share/perl5/Mail/SPF/Query.pm line 336, <GEN334> line 58. 
Jun  4 07:36:05 rusty spamd[19590]: spamd: clean message (-2.1/5.0) for slug:1011 in 1.9 seconds, 2816 bytes. 
Jun  4 07:36:05 rusty spamd[19590]: spamd: result: . -2 - AWL,BAYES_00,SPF_PASS scantime=1.9,size=2816,user=slug,uid=1011,required_score=5.0,rhost=localhost.localdomain,raddr=127.0.0.1,rport=50391,mid=<34a99ab40706031426g4ea46d97v5bcdd5edfeff89ea@mail.gmail.com>,bayes=5.55111512312578e-17,autolearn=ham 
Jun  4 07:36:05 rusty spamd[1026]: prefork: child states: II 
Jun  4 07:36:07 rusty postfix/smtpd[12783]: connect from localhost.localdomain[127.0.0.1]
Jun  4 07:36:07 rusty postfix/smtpd[12783]: 88186118145: client=localhost.localdomain[127.0.0.1]
Jun  4 07:36:07 rusty postfix/cleanup[12784]: 88186118145: message-id=<34a99ab40706031426g4ea46d97v5bcdd5edfeff89ea@mail.gmail.com>
Jun  4 07:36:07 rusty postfix/smtpd[12783]: 91EBA118174: client=localhost.localdomain[127.0.0.1]
Jun  4 07:36:07 rusty postfix/cleanup[12784]: 91EBA118174: message-id=<34a99ab40706031426g4ea46d97v5bcdd5edfeff89ea@mail.gmail.com>
Jun  4 07:36:07 rusty postfix/smtpd[12783]: A30C1118177: client=localhost.localdomain[127.0.0.1]
Jun  4 07:36:07 rusty postfix/cleanup[12784]: A30C1118177: message-id=<34a99ab40706031426g4ea46d97v5bcdd5edfeff89ea@mail.gmail.com>
Jun  4 07:36:07 rusty postfix/smtpd[12783]: D1D4511817A: client=localhost.localdomain[127.0.0.1]
Jun  4 07:36:08 rusty postfix/cleanup[12784]: D1D4511817A: message-id=<34a99ab40706031426g4ea46d97v5bcdd5edfeff89ea@mail.gmail.com>
Jun  4 07:36:08 rusty postfix/smtpd[12783]: disconnect from localhost.localdomain[127.0.0.1]
Jun  4 07:36:08 rusty postfix/cleanup[12784]: 226A211817B: message-id=<34a99ab40706031426g4ea46d97v5bcdd5edfeff89ea@mail.gmail.com>
Jun  4 07:36:08 rusty postfix/local[12785]: D1D4511817A: to=<grant@slug.org.au>, relay=local, delay=1, status=sent (forwarded as 226A211817B)
Jun  4 07:36:08 rusty postfix/cleanup[12784]: 2B97411817C: message-id=<34a99ab40706031426g4ea46d97v5bcdd5edfeff89ea@mail.gmail.com>
Jun  4 07:36:08 rusty postfix/local[12785]: D1D4511817A: to=<heracles@slug.org.au>, relay=local, delay=1, status=sent (forwarded as 2B97411817C)
Jun  4 07:36:08 rusty postfix/smtpd[12755]: connect from localhost.localdomain[127.0.0.1]
Jun  4 07:36:08 rusty postfix/smtpd[12755]: 3278C11817F: client=localhost.localdomain[127.0.0.1]
Jun  4 07:36:08 rusty postfix/cleanup[12784]: 3278C11817F: message-id=<20070603213608.3278C11817F@rusty.slug.org.au>
Jun  4 07:36:08 rusty postfix/smtpd[12755]: 3BED2118181: client=localhost.localdomain[127.0.0.1]
Jun  4 07:36:08 rusty postfix/cleanup[12784]: 3BED2118181: message-id=<20070603213608.3BED2118181@rusty.slug.org.au>
Jun  4 07:36:08 rusty postfix/smtpd[12755]: 51B6511818D: client=localhost.localdomain[127.0.0.1]
Jun  4 07:36:08 rusty postfix/cleanup[12784]: 51B6511818D: message-id=<20070603213608.51B6511818D@rusty.slug.org.au>
Jun  4 07:36:08 rusty postfix/smtpd[12755]: disconnect from localhost.localdomain[127.0.0.1]
Jun  4 07:36:08 rusty postfix/smtpd[12782]: connect from localhost.localdomain[127.0.0.1]
Jun  4 07:36:08 rusty postfix/smtpd[12782]: 7813B118191: client=localhost.localdomain[127.0.0.1]
Jun  4 07:36:08 rusty postfix/cleanup[12784]: 7813B118191: message-id=<20070603213608.7813B118191@rusty.slug.org.au>
Jun  4 07:36:08 rusty postfix/smtpd[12782]: disconnect from localhost.localdomain[127.0.0.1]
Jun  4 07:36:08 rusty postfix/smtp[12805]: 3278C11817F: to=<pacman@apic.net>, relay=mail.apic.net[203.22.101.2], delay=0, status=bounced (host mail.apic.net[203.22.101.2] said: 553 5.3.0 <pacman@apic.net>... User unknown (in reply to RCPT TO command))
Jun  4 07:36:08 rusty postfix/smtp[12793]: 91EBA118174: to=<wal@apic.net>, relay=mail.apic.net[203.22.101.2], delay=1, status=sent (250 2.0.0 l53LK8E6027891 Message accepted for delivery)
Jun  4 07:36:08 rusty postfix/smtp[12789]: 91EBA118174: to=<admin@abdcomputers.net>, relay=mail.abdcomputers.net[203.26.41.137], delay=1, status=sent (250 OK id=1Huxbo-0000Mx-SY)
Jun  4 07:36:08 rusty postfix/smtp[12803]: 91EBA118174: to=<jeff@courtade.net>, relay=none, delay=1, status=bounced (Host or domain name not found. Name service error for name=courtade.net type=A: Host not found)
Jun  4 07:36:08 rusty postfix/smtp[12826]: 91EBA118174: to=<skozombie@kruel.org>, relay=mail.funkhosting.com.au[122.201.64.6], delay=1, status=sent (250 ok 1180905767 qp 1250)
Jun  4 07:36:08 rusty postfix/smtp[12814]: 91EBA118174: to=<andrewo@foic.net>, relay=mail.au.vergenet.net[202.4.237.240], delay=1, status=sent (250 2.0.0 Ok: queued as 3277C24100)
Jun  4 07:36:09 rusty postfix/smtp[12790]: 91EBA118174: to=<jeff.allison@allygray.2y.net>, relay=allygray.2y.net[202.173.132.187], delay=2, status=sent (250 2.0.0 l53LRNat025438 Message accepted for delivery)
Jun  4 07:36:09 rusty postfix/smtp[12820]: 91EBA118174: to=<robert@inspirati.org>, relay=mail.inspirati.org[220.233.162.146], delay=2, status=sent (250 Ok: queued as 2ACC240A017)
Jun  4 07:36:09 rusty postfix/smtp[12812]: 91EBA118174: to=<tone@fatuous.org>, relay=relay.dragnet.com.au[203.26.199.19], delay=2, status=sent (250 B4663324f0001 Message accepted for delivery)
Jun  4 07:36:09 rusty postfix/smtp[12792]: 91EBA118174: to=<sime@anticd.org>, relay=mail.anticd.org[203.17.210.210], delay=2, status=sent (250 ok 1180906058 qp 24430)
