Jun  4 07:36:31 rusty postfix/smtp[12879]: 3BED2118181: to=<sej061linux@gmail.com>, relay=gmail-smtp-in.l.google.com[209.85.147.27], delay=23, status=sent (250 2.0.0 OK 1180906080 m5si4505216wag)
Jun  4 07:36:31 rusty postfix/smtp[12879]: 3BED2118181: to=<shaundaws@gmail.com>, relay=gmail-smtp-in.l.google.com[209.85.147.27], delay=23, status=sent (250 2.0.0 OK 1180906080 m5si4505216wag)
Jun  4 07:36:31 rusty postfix/smtp[12879]: 3BED2118181: to=<stuart.davis@gmail.com>, relay=gmail-smtp-in.l.google.com[209.85.147.27], delay=23, status=sent (250 2.0.0 OK 1180906080 m5si4505216wag)
Jun  4 07:36:31 rusty postfix/smtp[12879]: 3BED2118181: to=<syncman0x@gmail.com>, relay=gmail-smtp-in.l.google.com[209.85.147.27], delay=23, status=sent (250 2.0.0 OK 1180906080 m5si4505216wag)
Jun  4 07:36:31 rusty postfix/smtp[12879]: 3BED2118181: to=<theninjamark@gmail.com>, relay=gmail-smtp-in.l.google.com[209.85.147.27], delay=23, status=sent (250 2.0.0 OK 1180906080 m5si4505216wag)
Jun  4 07:36:31 rusty postfix/smtp[12879]: 3BED2118181: to=<trent.murray@gmail.com>, relay=gmail-smtp-in.l.google.com[209.85.147.27], delay=23, status=sent (250 2.0.0 OK 1180906080 m5si4505216wag)
Jun  4 07:36:31 rusty postfix/smtp[12879]: 3BED2118181: to=<yux777@gmail.com>, relay=gmail-smtp-in.l.google.com[209.85.147.27], delay=23, status=sent (250 2.0.0 OK 1180906080 m5si4505216wag)
Jun  4 07:36:31 rusty postfix/smtp[12873]: 51B6511818D: to=<mic@wlug.de>, relay=mail5.altimate.de[212.112.236.130], delay=23, status=sent (250 ok 1180906076 qp 30981)
Jun  4 07:36:31 rusty postfix/cleanup[12784]: BE70E11819D: message-id=<20070603213631.BE70E11819D@rusty.slug.org.au>
Jun  4 07:36:32 rusty postfix/smtpd[12936]: connect from blue.hermes.net.au[203.220.17.74]
Jun  4 07:36:32 rusty postfix/local[12799]: BE70E11819D: to=<slug-bounces@slug.org.au>, relay=local, delay=1, status=sent (delivered to command: /var/lib/mailman/mail/mailman bounces slug)
Jun  4 07:36:32 rusty postfix/smtpd[12760]: disconnect from an-out-0708.google.com[209.85.132.241]
Jun  4 07:36:33 rusty postfix/smtp[12887]: 51B6511818D: to=<hcceng@holroyd.nsw.gov.au>, relay=cluster9.us.messagelabs.com[216.82.242.99], delay=25, status=sent (250 ok 1180906082 qp 8524 server-2.tower-131.messagelabs.com!1180906072!20917202!1)
Jun  4 07:36:33 rusty postfix/smtpd[12918]: warning: 24.242.94.129.relays.ordb.org: RBL lookup error: Host or domain name not found. Name service error for name=24.242.94.129.relays.ordb.org type=A: Host not found, try again
Jun  4 07:36:34 rusty postfix/smtpd[12919]: warning: 226.53.37.203.relays.ordb.org: RBL lookup error: Host or domain name not found. Name service error for name=226.53.37.203.relays.ordb.org type=A: Host not found, try again
Jun  4 07:36:34 rusty postfix/smtp[12825]: connect to ecemail.newcastle.edu.au[134.148.110.66]: No route to host (port 25)
Jun  4 07:36:35 rusty postfix/smtp[12825]: D1D4511817A: to=<erichs@ecemail.newcastle.edu.au>, relay=synergy.newcastle.edu.au[134.148.4.10], delay=28, status=sent (250 2.5.0 Ok.)
Jun  4 07:36:35 rusty postfix/smtp[12875]: A30C1118177: to=<kazik2002@hotmail.com>, relay=mx3.hotmail.com[65.54.244.72], delay=28, status=sent (250  <34a99ab40706031426g4ea46d97v5bcdd5edfeff89ea@mail.gmail.com> Queued mail for delivery)
Jun  4 07:36:35 rusty postfix/smtp[12875]: A30C1118177: to=<r_saul@hotmail.com>, relay=mx3.hotmail.com[65.54.244.72], delay=28, status=sent (250  <34a99ab40706031426g4ea46d97v5bcdd5edfeff89ea@mail.gmail.com> Queued mail for delivery)
Jun  4 07:36:35 rusty postfix/smtp[12875]: A30C1118177: to=<rceng@hotmail.com>, relay=mx3.hotmail.com[65.54.244.72], delay=28, status=sent (250  <34a99ab40706031426g4ea46d97v5bcdd5edfeff89ea@mail.gmail.com> Queued mail for delivery)
Jun  4 07:36:35 rusty postfix/smtpd[12917]: warning: 208.2.8.61.relays.ordb.org: RBL lookup error: Host or domain name not found. Name service error for name=208.2.8.61.relays.ordb.org type=A: Host not found, try again
Jun  4 07:36:36 rusty postfix/smtpd[12920]: warning: 39.192.208.88.relays.ordb.org: RBL lookup error: Host or domain name not found. Name service error for name=39.192.208.88.relays.ordb.org type=A: Host not found, try again
Jun  4 07:36:36 rusty postfix/smtpd[12924]: warning: 55.254.25.203.relays.ordb.org: RBL lookup error: Host or domain name not found. Name service error for name=55.254.25.203.relays.ordb.org type=A: Host not found, try again
Jun  4 07:36:37 rusty postfix/smtpd[12925]: warning: 93.155.0.202.relays.ordb.org: RBL lookup error: Host or domain name not found. Name service error for name=93.155.0.202.relays.ordb.org type=A: Host not found, try again
Jun  4 07:36:37 rusty postfix/smtpd[12923]: warning: 50.59.190.206.relays.ordb.org: RBL lookup error: Host or domain name not found. Name service error for name=50.59.190.206.relays.ordb.org type=A: Host not found, try again
Jun  4 07:36:37 rusty postfix/smtpd[12760]: connect from unknown[190.65.10.110]
Jun  4 07:36:37 rusty postfix/smtp[12806]: D1D4511817A: to=<jon@phuq.co.uk>, relay=mail.lemonia.org[88.208.192.38], delay=30, status=sent (250 OK id=1HuxcJ-0004qj-Vl)
Jun  4 07:36:37 rusty postfix/smtpd[12937]: connect from mailgatensw.fairfax.com.au[203.26.51.22]
Jun  4 07:36:38 rusty postfix/smtpd[12928]: warning: 53.172.94.203.relays.ordb.org: RBL lookup error: Host or domain name not found. Name service error for name=53.172.94.203.relays.ordb.org type=A: Host not found, try again
Jun  4 07:36:38 rusty postfix/smtp[12830]: A30C1118177: to=<kissssy@gmail.com>, relay=gmail-smtp-in.l.google.com[209.85.147.114], delay=31, status=sent (250 2.0.0 OK 1180906087 l38si7080901waf)
Jun  4 07:36:38 rusty postfix/smtp[12830]: A30C1118177: to=<kruxor@gmail.com>, relay=gmail-smtp-in.l.google.com[209.85.147.114], delay=31, status=sent (250 2.0.0 OK 1180906087 l38si7080901waf)
Jun  4 07:36:38 rusty postfix/smtp[12830]: A30C1118177: to=<ksaenz@gmail.com>, relay=gmail-smtp-in.l.google.com[209.85.147.114], delay=31, status=sent (250 2.0.0 OK 1180906087 l38si7080901waf)
Jun  4 07:36:38 rusty postfix/smtp[12830]: A30C1118177: to=<kzielinski@gmail.com>, relay=gmail-smtp-in.l.google.com[209.85.147.114], delay=31, status=sent (250 2.0.0 OK 1180906087 l38si7080901waf)
Jun  4 07:36:38 rusty postfix/smtp[12830]: A30C1118177: to=<libjim@gmail.com>, relay=gmail-smtp-in.l.google.com[209.85.147.114], delay=31, status=sent (250 2.0.0 OK 1180906087 l38si7080901waf)
Jun  4 07:36:38 rusty postfix/smtp[12830]: A30C1118177: to=<list.secure@gmail.com>, relay=gmail-smtp-in.l.google.com[209.85.147.114], delay=31, status=sent (250 2.0.0 OK 1180906087 l38si7080901waf)
Jun  4 07:36:38 rusty postfix/smtp[12830]: A30C1118177: to=<magaltavor@gmail.com>, relay=gmail-smtp-in.l.google.com[209.85.147.114], delay=31, status=sent (250 2.0.0 OK 1180906087 l38si7080901waf)
Jun  4 07:36:38 rusty postfix/smtp[12830]: A30C1118177: to=<martinvisser99@gmail.com>, relay=gmail-smtp-in.l.google.com[209.85.147.114], delay=31, status=sent (250 2.0.0 OK 1180906087 l38si7080901waf)
Jun  4 07:36:38 rusty postfix/smtp[12830]: A30C1118177: to=<matt.hope@gmail.com>, relay=gmail-smtp-in.l.google.com[209.85.147.114], delay=31, status=sent (250 2.0.0 OK 1180906087 l38si7080901waf)
Jun  4 07:36:38 rusty postfix/smtp[12830]: A30C1118177: to=<mhasnain@gmail.com>, relay=gmail-smtp-in.l.google.com[209.85.147.114], delay=31, status=sent (250 2.0.0 OK 1180906087 l38si7080901waf)
Jun  4 07:36:38 rusty postfix/smtp[12830]: A30C1118177: to=<michael.r.dawson@gmail.com>, relay=gmail-smtp-in.l.google.com[209.85.147.114], delay=31, status=sent (250 2.0.0 OK 1180906087 l38si7080901waf)
Jun  4 07:36:38 rusty postfix/smtp[12830]: A30C1118177: to=<mike.perrow@gmail.com>, relay=gmail-smtp-in.l.google.com[209.85.147.114], delay=31, status=sent (250 2.0.0 OK 1180906087 l38si7080901waf)
Jun  4 07:36:38 rusty postfix/smtp[12830]: A30C1118177: to=<myles.byrne@gmail.com>, relay=gmail-smtp-in.l.google.com[209.85.147.114], delay=31, status=sent (250 2.0.0 OK 1180906087 l38si7080901waf)
Jun  4 07:36:38 rusty postfix/smtp[12830]: A30C1118177: to=<naniid@gmail.com>, relay=gmail-smtp-in.l.google.com[209.85.147.114], delay=31, status=sent (250 2.0.0 OK 1180906087 l38si7080901waf)
Jun  4 07:36:38 rusty postfix/smtp[12830]: A30C1118177: to=<nlawren@gmail.com>, relay=gmail-smtp-in.l.google.com[209.85.147.114], delay=31, status=sent (250 2.0.0 OK 1180906087 l38si7080901waf)
Jun  4 07:36:38 rusty postfix/smtp[12830]: A30C1118177: to=<nornagon@gmail.com>, relay=gmail-smtp-in.l.google.com[209.85.147.114], delay=31, status=sent (250 2.0.0 OK 1180906087 l38si7080901waf)
Jun  4 07:36:38 rusty postfix/smtp[12830]: A30C1118177: to=<orings@gmail.com>, relay=gmail-smtp-in.l.google.com[209.85.147.114], delay=31, status=sent (250 2.0.0 OK 1180906087 l38si7080901waf)
Jun  4 07:36:38 rusty postfix/smtp[12830]: A30C1118177: to=<peter.jeffery@gmail.com>, relay=gmail-smtp-in.l.google.com[209.85.147.114], delay=31, status=sent (250 2.0.0 OK 1180906087 l38si7080901waf)
Jun  4 07:36:38 rusty postfix/smtp[12830]: A30C1118177: to=<pravi.a@gmail.com>, relay=gmail-smtp-in.l.google.com[209.85.147.114], delay=31, status=sent (250 2.0.0 OK 1180906087 l38si7080901waf)
Jun  4 07:36:38 rusty postfix/smtp[12830]: A30C1118177: to=<rafaellahm@gmail.com>, relay=gmail-smtp-in.l.google.com[209.85.147.114], delay=31, status=sent (250 2.0.0 OK 1180906087 l38si7080901waf)
Jun  4 07:36:38 rusty postfix/smtp[12830]: A30C1118177: to=<redwire@gmail.com>, relay=gmail-smtp-in.l.google.com[209.85.147.114], delay=31, status=sent (250 2.0.0 OK 1180906087 l38si7080901waf)
Jun  4 07:36:38 rusty postfix/smtp[12830]: A30C1118177: to=<richard.ibbotson@gmail.com>, relay=gmail-smtp-in.l.google.com[209.85.147.114], delay=31, status=sent (250 2.0.0 OK 1180906087 l38si7080901waf)
Jun  4 07:36:38 rusty postfix/smtp[12830]: A30C1118177: to=<robert.jennings@gmail.com>, relay=gmail-smtp-in.l.google.com[209.85.147.114], delay=31, status=sent (250 2.0.0 OK 1180906087 l38si7080901waf)
Jun  4 07:36:38 rusty postfix/smtp[12830]: A30C1118177: to=<roberto.arias@gmail.com>, relay=gmail-smtp-in.l.google.com[209.85.147.114], delay=31, status=sent (250 2.0.0 OK 1180906087 l38si7080901waf)
Jun  4 07:36:38 rusty postfix/smtp[12830]: A30C1118177: to=<rowdyrabbit@gmail.com>, relay=gmail-smtp-in.l.google.com[209.85.147.114], delay=31, status=sent (250 2.0.0 OK 1180906087 l38si7080901waf)
Jun  4 07:36:38 rusty postfix/smtp[12830]: A30C1118177: to=<sara.slug@gmail.com>, relay=gmail-smtp-in.l.google.com[209.85.147.114], delay=31, status=sent (250 2.0.0 OK 1180906087 l38si7080901waf)
Jun  4 07:36:38 rusty postfix/smtp[12830]: A30C1118177: to=<scottag67@gmail.com>, relay=gmail-smtp-in.l.google.com[209.85.147.114], delay=31, status=sent (250 2.0.0 OK 1180906087 l38si7080901waf)
Jun  4 07:36:38 rusty postfix/smtp[12830]: A30C1118177: to=<shadroth@gmail.com>, relay=gmail-smtp-in.l.google.com[209.85.147.114], delay=31, status=sent (250 2.0.0 OK 1180906087 l38si7080901waf)
Jun  4 07:36:38 rusty postfix/smtp[12830]: A30C1118177: to=<shane.stephens@gmail.com>, relay=gmail-smtp-in.l.google.com[209.85.147.114], delay=31, status=sent (250 2.0.0 OK 1180906087 l38si7080901waf)
Jun  4 07:36:38 rusty postfix/smtp[12830]: A30C1118177: to=<sharkid@gmail.com>, relay=gmail-smtp-in.l.google.com[209.85.147.114], delay=31, status=sent (250 2.0.0 OK 1180906087 l38si7080901waf)
Jun  4 07:36:38 rusty postfix/smtp[12830]: A30C1118177: to=<shehjartikoo@gmail.com>, relay=gmail-smtp-in.l.google.com[209.85.147.114], delay=31, status=sent (250 2.0.0 OK 1180906087 l38si7080901waf)
Jun  4 07:36:38 rusty postfix/smtp[12830]: A30C1118177: to=<stephen.a.lindsay@gmail.com>, relay=gmail-smtp-in.l.google.com[209.85.147.114], delay=31, status=sent (250 2.0.0 OK 1180906087 l38si7080901waf)
Jun  4 07:36:38 rusty postfix/smtp[12830]: A30C1118177: to=<steven.oreilly@gmail.com>, relay=gmail-smtp-in.l.google.com[209.85.147.114], delay=31, status=sent (250 2.0.0 OK 1180906087 l38si7080901waf)
Jun  4 07:36:38 rusty postfix/smtp[12830]: A30C1118177: to=<stuartguthrie@gmail.com>, relay=gmail-smtp-in.l.google.com[209.85.147.114], delay=31, status=sent (250 2.0.0 OK 1180906087 l38si7080901waf)
Jun  4 07:36:38 rusty postfix/smtp[12830]: A30C1118177: to=<svithlani.lists@gmail.com>, relay=gmail-smtp-in.l.google.com[209.85.147.114], delay=31, status=sent (250 2.0.0 OK 1180906087 l38si7080901waf)
Jun  4 07:36:38 rusty postfix/smtp[12830]: A30C1118177: to=<syazli7@gmail.com>, relay=gmail-smtp-in.l.google.com[209.85.147.114], delay=31, status=sent (250 2.0.0 OK 1180906087 l38si7080901waf)
Jun  4 07:36:38 rusty postfix/smtp[12830]: A30C1118177: to=<tim.leslie@gmail.com>, relay=gmail-smtp-in.l.google.com[209.85.147.114], delay=31, status=sent (250 2.0.0 OK 1180906087 l38si7080901waf)
Jun  4 07:36:38 rusty postfix/smtp[12830]: A30C1118177: to=<tuppaa@gmail.com>, relay=gmail-smtp-in.l.google.com[209.85.147.114], delay=31, status=sent (250 2.0.0 OK 1180906087 l38si7080901waf)
Jun  4 07:36:38 rusty postfix/smtp[12830]: A30C1118177: to=<vegancaffeineaddict@gmail.com>, relay=gmail-smtp-in.l.google.com[209.85.147.114], delay=31, status=sent (250 2.0.0 OK 1180906087 l38si7080901waf)
Jun  4 07:36:38 rusty postfix/smtp[12830]: A30C1118177: to=<veroicon@gmail.com>, relay=gmail-smtp-in.l.google.com[209.85.147.114], delay=31, status=sent (250 2.0.0 OK 1180906087 l38si7080901waf)
Jun  4 07:36:38 rusty postfix/smtp[12830]: A30C1118177: to=<viveka.weiley@gmail.com>, relay=gmail-smtp-in.l.google.com[209.85.147.114], delay=31, status=sent (250 2.0.0 OK 1180906087 l38si7080901waf)
Jun  4 07:36:38 rusty postfix/smtp[12830]: A30C1118177: to=<wafonso@gmail.com>, relay=gmail-smtp-in.l.google.com[209.85.147.114], delay=31, status=sent (250 2.0.0 OK 1180906087 l38si7080901waf)
Jun  4 07:36:38 rusty postfix/smtp[12830]: A30C1118177: to=<waikurosu@gmail.com>, relay=gmail-smtp-in.l.google.com[209.85.147.114], delay=31, status=sent (250 2.0.0 OK 1180906087 l38si7080901waf)
Jun  4 07:36:38 rusty postfix/smtp[12830]: A30C1118177: to=<xanthophile@gmail.com>, relay=gmail-smtp-in.l.google.com[209.85.147.114], delay=31, status=sent (250 2.0.0 OK 1180906087 l38si7080901waf)
Jun  4 07:36:38 rusty postfix/smtp[12830]: A30C1118177: to=<zhasper@gmail.com>, relay=gmail-smtp-in.l.google.com[209.85.147.114], delay=31, status=sent (250 2.0.0 OK 1180906087 l38si7080901waf)
Jun  4 07:36:38 rusty postfix/smtpd[12927]: warning: 159.237.142.68.relays.ordb.org: RBL lookup error: Host or domain name not found. Name service error for name=159.237.142.68.relays.ordb.org type=A: Host not found, try again
Jun  4 07:36:38 rusty postfix/smtp[12854]: 51B6511818D: to=<larry@itdefence.com.au>, relay=mail3.zoneedit.com[207.114.87.238], delay=30, status=sent (250 2.0.0 Ok: queued as 5C4638F9620)
Jun  4 07:36:39 rusty postfix/smtpd[12921]: warning: 2.223.176.146.relays.ordb.org: RBL lookup error: Host or domain name not found. Name service error for name=2.223.176.146.relays.ordb.org type=A: Host not found, try again
Jun  4 07:36:39 rusty postfix/smtp[12814]: connect to dummy0.junkemailfilter.com[69.50.231.3]: Connection timed out (port 25)
Jun  4 07:36:39 rusty postfix/smtp[12826]: D1D4511817A: to=<jeffreyb@futureschool.com.au>, relay=isvr.futureschool.com.au[202.172.122.196], delay=32, status=sent (250 Ok: queued as 46B9A34)
Jun  4 07:36:39 rusty postfix/smtp[12812]: connect to taz-devil.dyndns.org[60.241.248.171]: Connection timed out (port 25)
Jun  4 07:36:39 rusty postfix/smtp[12812]: 91EBA118174: to=<mary@taz-devil.dyndns.org>, relay=none, delay=32, status=deferred (connect to taz-devil.dyndns.org[60.241.248.171]: Connection timed out)
Jun  4 07:36:39 rusty postfix/smtp[12874]: connect to none.harvestroad.com.au[203.103.97.241]: Connection timed out (port 25)
Jun  4 07:36:40 rusty postfix/smtp[12867]: connect to mail.dcnut.com[220.245.26.156]: Connection timed out (port 25)
Jun  4 07:36:41 rusty postfix/smtpd[12931]: warning: 86.209.139.209.relays.ordb.org: RBL lookup error: Host or domain name not found. Name service error for name=86.209.139.209.relays.ordb.org type=A: Host not found, try again
Jun  4 07:36:41 rusty postfix/smtp[12885]: connect to smtp.tel-pacific.com[203.88.255.24]: Connection timed out (port 25)
Jun  4 07:36:41 rusty postfix/smtp[12872]: A30C1118177: to=<13z73rch3un9@gmail.com>, relay=gmail-smtp-in.l.google.com[209.85.147.114], delay=34, status=sent (250 2.0.0 OK 1180906090 n33si1719324wag)
Jun  4 07:36:41 rusty postfix/smtp[12872]: A30C1118177: to=<adamwoja@gmail.com>, relay=gmail-smtp-in.l.google.com[209.85.147.114], delay=34, status=sent (250 2.0.0 OK 1180906090 n33si1719324wag)
Jun  4 07:36:41 rusty postfix/smtp[12872]: A30C1118177: to=<ajsavige@gmail.com>, relay=gmail-smtp-in.l.google.com[209.85.147.114], delay=34, status=sent (250 2.0.0 OK 1180906090 n33si1719324wag)
Jun  4 07:36:41 rusty postfix/smtp[12872]: A30C1118177: to=<akassis@gmail.com>, relay=gmail-smtp-in.l.google.com[209.85.147.114], delay=34, status=sent (250 2.0.0 OK 1180906090 n33si1719324wag)
Jun  4 07:36:41 rusty postfix/smtp[12872]: A30C1118177: to=<alastairsteel@gmail.com>, relay=gmail-smtp-in.l.google.com[209.85.147.114], delay=34, status=sent (250 2.0.0 OK 1180906090 n33si1719324wag)
Jun  4 07:36:41 rusty postfix/smtp[12872]: A30C1118177: to=<amano.ginji@gmail.com>, relay=gmail-smtp-in.l.google.com[209.85.147.114], delay=34, status=sent (250 2.0.0 OK 1180906090 n33si1719324wag)
Jun  4 07:36:41 rusty postfix/smtp[12872]: A30C1118177: to=<amos.shapira@gmail.com>, relay=gmail-smtp-in.l.google.com[209.85.147.114], delay=34, status=sent (250 2.0.0 OK 1180906090 n33si1719324wag)
Jun  4 07:36:41 rusty postfix/smtp[12872]: A30C1118177: to=<anna.buttfield+slug@gmail.com>, relay=gmail-smtp-in.l.google.com[209.85.147.114], delay=34, status=sent (250 2.0.0 OK 1180906090 n33si1719324wag)
Jun  4 07:36:41 rusty postfix/smtp[12872]: A30C1118177: to=<annielaney@gmail.com>, relay=gmail-smtp-in.l.google.com[209.85.147.114], delay=34, status=sent (250 2.0.0 OK 1180906090 n33si1719324wag)
Jun  4 07:36:41 rusty postfix/smtp[12872]: A30C1118177: to=<anthcourtney@gmail.com>, relay=gmail-smtp-in.l.google.com[209.85.147.114], delay=34, status=sent (250 2.0.0 OK 1180906090 n33si1719324wag)
Jun  4 07:36:41 rusty postfix/smtp[12872]: A30C1118177: to=<askshakthimaan@gmail.com>, relay=gmail-smtp-in.l.google.com[209.85.147.114], delay=34, status=sent (250 2.0.0 OK 1180906090 n33si1719324wag)
Jun  4 07:36:41 rusty postfix/smtp[12872]: A30C1118177: to=<augusts@gmail.com>, relay=gmail-smtp-in.l.google.com[209.85.147.114], delay=34, status=sent (250 2.0.0 OK 1180906090 n33si1719324wag)
Jun  4 07:36:41 rusty postfix/smtp[12872]: A30C1118177: to=<beancounterz@gmail.com>, relay=gmail-smtp-in.l.google.com[209.85.147.114], delay=34, status=sent (250 2.0.0 OK 1180906090 n33si1719324wag)
Jun  4 07:36:41 rusty postfix/smtp[12872]: A30C1118177: to=<bradley.u@gmail.com>, relay=gmail-smtp-in.l.google.com[209.85.147.114], delay=34, status=sent (250 2.0.0 OK 1180906090 n33si1719324wag)
Jun  4 07:36:41 rusty postfix/smtp[12872]: A30C1118177: to=<briansydney@gmail.com>, relay=gmail-smtp-in.l.google.com[209.85.147.114], delay=34, status=sent (250 2.0.0 OK 1180906090 n33si1719324wag)
Jun  4 07:36:41 rusty postfix/smtp[12872]: A30C1118177: to=<bruce.woodward@gmail.com>, relay=gmail-smtp-in.l.google.com[209.85.147.114], delay=34, status=sent (250 2.0.0 OK 1180906090 n33si1719324wag)
Jun  4 07:36:41 rusty postfix/smtp[12872]: A30C1118177: to=<bwbadger@gmail.com>, relay=gmail-smtp-in.l.google.com[209.85.147.114], delay=34, status=sent (250 2.0.0 OK 1180906090 n33si1719324wag)
Jun  4 07:36:41 rusty postfix/smtp[12872]: A30C1118177: to=<cbarnes.afig@gmail.com>, relay=gmail-smtp-in.l.google.com[209.85.147.114], delay=34, status=sent (250 2.0.0 OK 1180906090 n33si1719324wag)
Jun  4 07:36:41 rusty postfix/smtp[12872]: A30C1118177: to=<cjsvance@gmail.com>, relay=gmail-smtp-in.l.google.com[209.85.147.114], delay=34, status=sent (250 2.0.0 OK 1180906090 n33si1719324wag)
Jun  4 07:36:41 rusty postfix/smtp[12872]: A30C1118177: to=<commmie.coder@gmail.com>, relay=gmail-smtp-in.l.google.com[209.85.147.114], delay=34, status=sent (250 2.0.0 OK 1180906090 n33si1719324wag)
Jun  4 07:36:41 rusty postfix/smtp[12872]: A30C1118177: to=<coolboarderguy@gmail.com>, relay=gmail-smtp-in.l.google.com[209.85.147.114], delay=34, status=sent (250 2.0.0 OK 1180906090 n33si1719324wag)
Jun  4 07:36:41 rusty postfix/smtp[12872]: A30C1118177: to=<dafaint@gmail.com>, relay=gmail-smtp-in.l.google.com[209.85.147.114], delay=34, status=sent (250 2.0.0 OK 1180906090 n33si1719324wag)
Jun  4 07:36:41 rusty postfix/smtp[12872]: A30C1118177: to=<dagibbs@gmail.com>, relay=gmail-smtp-in.l.google.com[209.85.147.114], delay=34, status=sent (250 2.0.0 OK 1180906090 n33si1719324wag)
Jun  4 07:36:41 rusty postfix/smtp[12872]: A30C1118177: to=<dantreacy@gmail.com>, relay=gmail-smtp-in.l.google.com[209.85.147.114], delay=34, status=sent (250 2.0.0 OK 1180906090 n33si1719324wag)
Jun  4 07:36:41 rusty postfix/smtp[12872]: A30C1118177: to=<david.helstroom@gmail.com>, relay=gmail-smtp-in.l.google.com[209.85.147.114], delay=34, status=sent (250 2.0.0 OK 1180906090 n33si1719324wag)
Jun  4 07:36:41 rusty postfix/smtp[12872]: A30C1118177: to=<davidrox@gmail.com>, relay=gmail-smtp-in.l.google.com[209.85.147.114], delay=34, status=sent (250 2.0.0 OK 1180906090 n33si1719324wag)
Jun  4 07:36:41 rusty postfix/smtp[12872]: A30C1118177: to=<diasls@gmail.com>, relay=gmail-smtp-in.l.google.com[209.85.147.114], delay=34, status=sent (250 2.0.0 OK 1180906090 n33si1719324wag)
Jun  4 07:36:41 rusty postfix/smtp[12872]: A30C1118177: to=<dimitri.koussa@gmail.com>, relay=gmail-smtp-in.l.google.com[209.85.147.114], delay=34, status=sent (250 2.0.0 OK 1180906090 n33si1719324wag)
Jun  4 07:36:41 rusty postfix/smtp[12872]: A30C1118177: to=<djmason@gmail.com>, relay=gmail-smtp-in.l.google.com[209.85.147.114], delay=34, status=sent (250 2.0.0 OK 1180906090 n33si1719324wag)
Jun  4 07:36:41 rusty postfix/smtp[12872]: A30C1118177: to=<ekatague@gmail.com>, relay=gmail-smtp-in.l.google.com[209.85.147.114], delay=34, status=sent (250 2.0.0 OK 1180906090 n33si1719324wag)
Jun  4 07:36:41 rusty postfix/smtp[12872]: A30C1118177: to=<electronics45@gmail.com>, relay=gmail-smtp-in.l.google.com[209.85.147.114], delay=34, status=sent (250 2.0.0 OK 1180906090 n33si1719324wag)
Jun  4 07:36:41 rusty postfix/smtp[12872]: A30C1118177: to=<ershad0@gmail.com>, relay=gmail-smtp-in.l.google.com[209.85.147.114], delay=34, status=sent (250 2.0.0 OK 1180906090 n33si1719324wag)
Jun  4 07:36:41 rusty postfix/smtp[12872]: A30C1118177: to=<gergnz@gmail.com>, relay=gmail-smtp-in.l.google.com[209.85.147.114], delay=34, status=sent (250 2.0.0 OK 1180906090 n33si1719324wag)
Jun  4 07:36:41 rusty postfix/smtp[12872]: A30C1118177: to=<gif612@gmail.com>, relay=gmail-smtp-in.l.google.com[209.85.147.114], delay=34, status=sent (250 2.0.0 OK 1180906090 n33si1719324wag)
Jun  4 07:36:41 rusty postfix/smtp[12872]: A30C1118177: to=<goonker@gmail.com>, relay=gmail-smtp-in.l.google.com[209.85.147.114], delay=34, status=sent (250 2.0.0 OK 1180906090 n33si1719324wag)
Jun  4 07:36:41 rusty postfix/smtp[12872]: A30C1118177: to=<gservat@gmail.com>, relay=gmail-smtp-in.l.google.com[209.85.147.114], delay=34, status=sent (250 2.0.0 OK 1180906090 n33si1719324wag)
Jun  4 07:36:41 rusty postfix/smtp[12872]: A30C1118177: to=<hal.ashburner@gmail.com>, relay=gmail-smtp-in.l.google.com[209.85.147.114], delay=34, status=sent (250 2.0.0 OK 1180906090 n33si1719324wag)
Jun  4 07:36:41 rusty postfix/smtp[12872]: A30C1118177: to=<james.w.dumay@gmail.com>, relay=gmail-smtp-in.l.google.com[209.85.147.114], delay=34, status=sent (250 2.0.0 OK 1180906090 n33si1719324wag)
Jun  4 07:36:41 rusty postfix/smtp[12872]: A30C1118177: to=<jdamorin@gmail.com>, relay=gmail-smtp-in.l.google.com[209.85.147.114], delay=34, status=sent (250 2.0.0 OK 1180906090 n33si1719324wag)
Jun  4 07:36:41 rusty postfix/smtp[12872]: A30C1118177: to=<jeffborg@gmail.com>, relay=gmail-smtp-in.l.google.com[209.85.147.114], delay=34, status=sent (250 2.0.0 OK 1180906090 n33si1719324wag)
Jun  4 07:36:41 rusty postfix/smtp[12872]: A30C1118177: to=<jeremy.visser@gmail.com>, relay=gmail-smtp-in.l.google.com[209.85.147.114], delay=34, status=sent (250 2.0.0 OK 1180906090 n33si1719324wag)
Jun  4 07:36:41 rusty postfix/smtp[12872]: A30C1118177: to=<jimbob.coffey@gmail.com>, relay=gmail-smtp-in.l.google.com[209.85.147.114], delay=34, status=sent (250 2.0.0 OK 1180906090 n33si1719324wag)
Jun  4 07:36:41 rusty postfix/smtp[12872]: A30C1118177: to=<jmaclulich@gmail.com>, relay=gmail-smtp-in.l.google.com[209.85.147.114], delay=34, status=sent (250 2.0.0 OK 1180906090 n33si1719324wag)
Jun  4 07:36:41 rusty postfix/smtp[12872]: A30C1118177: to=<jmalonzo@gmail.com>, relay=gmail-smtp-in.l.google.com[209.85.147.114], delay=34, status=sent (250 2.0.0 OK 1180906090 n33si1719324wag)
Jun  4 07:36:41 rusty postfix/smtp[12872]: A30C1118177: to=<johnhedge@gmail.com>, relay=gmail-smtp-in.l.google.com[209.85.147.114], delay=34, status=sent (250 2.0.0 OK 1180906090 n33si1719324wag)
Jun  4 07:36:41 rusty postfix/smtp[12872]: A30C1118177: to=<jonoaustin@gmail.com>, relay=gmail-smtp-in.l.google.com[209.85.147.114], delay=34, status=sent (250 2.0.0 OK 1180906090 n33si1719324wag)
Jun  4 07:36:41 rusty postfix/smtp[12872]: A30C1118177: to=<jpg667@gmail.com>, relay=gmail-smtp-in.l.google.com[209.85.147.114], delay=34, status=sent (250 2.0.0 OK 1180906090 n33si1719324wag)
Jun  4 07:36:41 rusty postfix/smtp[12872]: A30C1118177: to=<justin.randell@gmail.com>, relay=gmail-smtp-in.l.google.com[209.85.147.114], delay=34, status=sent (250 2.0.0 OK 1180906090 n33si1719324wag)
Jun  4 07:36:41 rusty postfix/smtp[12872]: A30C1118177: to=<keithrbau@gmail.com>, relay=gmail-smtp-in.l.google.com[209.85.147.114], delay=34, status=sent (250 2.0.0 OK 1180906090 n33si1719324wag)
Jun  4 07:36:41 rusty postfix/smtp[12872]: A30C1118177: to=<kev.fitzgerald@gmail.com>, relay=gmail-smtp-in.l.google.com[209.85.147.114], delay=34, status=sent (250 2.0.0 OK 1180906090 n33si1719324wag)
Jun  4 07:36:41 rusty postfix/smtp[12885]: D1D4511817A: to=<hespe@acay.com.au>, relay=smtp.tel-pacific.com[203.88.255.22], delay=34, status=sent (250 OK id=1HuxcQ-0002xb-U5)
Jun  4 07:36:41 rusty postfix/smtp[12885]: D1D4511817A: to=<nicko@acay.com.au>, relay=smtp.tel-pacific.com[203.88.255.22], delay=34, status=sent (250 OK id=1HuxcQ-0002xb-U5)
Jun  4 07:36:41 rusty postfix/smtp[12885]: D1D4511817A: to=<oscarp@acay.com.au>, relay=smtp.tel-pacific.com[203.88.255.22], delay=34, status=sent (250 OK id=1HuxcQ-0002xb-U5)
Jun  4 07:36:42 rusty postfix/smtpd[12932]: warning: 78.11.12.217.relays.ordb.org: RBL lookup error: Host or domain name not found. Name service error for name=78.11.12.217.relays.ordb.org type=A: Host not found, try again
Jun  4 07:36:42 rusty postfix/smtpd[12760]: NOQUEUE: reject: RCPT from unknown[190.65.10.110]: 554 Service unavailable; Client host [190.65.10.110] blocked using cbl.abuseat.org; Blocked - see http://cbl.abuseat.org/lookup.cgi?ip=190.65.10.110; from=<iihemphill@cliffhanger.com> to=<bbb7e6c3@slug.org.au> proto=SMTP helo=<jjhuny>
Jun  4 07:36:42 rusty postfix/smtp[12814]: 91EBA118174: to=<simon@rumble.net>, relay=mx.junkemailfilter.com[69.50.231.5], delay=35, status=sent (250 OK id=1HuxcR-0000vS-4H)
Jun  4 07:36:42 rusty postfix/smtp[12865]: A30C1118177: to=<mark44@dacafe.com>, relay=cafemail.ibsystems.com[65.19.143.82], delay=35, status=sent (250 OK id=1HuxcR-0002JZ-BK)
Jun  4 07:36:42 rusty postfix/smtpd[12760]: lost connection after RCPT from unknown[190.65.10.110]
Jun  4 07:36:42 rusty postfix/smtpd[12760]: disconnect from unknown[190.65.10.110]
Jun  4 07:36:43 rusty postfix/smtpd[12933]: warning: 22.17.29.203.relays.ordb.org: RBL lookup error: Host or domain name not found. Name service error for name=22.17.29.203.relays.ordb.org type=A: Host not found, try again
Jun  4 07:36:43 rusty postfix/smtp[12894]: 51B6511818D: to=<irma@calyx.net.au>, relay=mail.calyx.net.au[209.172.57.23], delay=35, status=sent (250 2.0.0 Ok: queued as E7A0B2C4719)
Jun  4 07:36:43 rusty postfix/smtpd[12760]: connect from cluster-e.mailcontrol.com[217.79.216.190]
Jun  4 07:36:43 rusty postfix/smtpd[12781]: warning: 82.143.19.65.opm.blitzed.org: RBL lookup error: Host or domain name not found. Name service error for name=82.143.19.65.opm.blitzed.org type=A: Host not found, try again
Jun  4 07:36:43 rusty postfix/smtpd[12781]: NOQUEUE: reject: RCPT from cafemail.ibsystems.com[65.19.143.82]: 450 <c3po.ibsystems.com-1180906060-testing@slug.org.au>: Recipient address rejected: Greylisted for 300 seconds (see http://isg.ee.ethz.ch/tools/postgrey/help/slug.org.au.html); from=<> to=<c3po.ibsystems.com-1180906060-testing@slug.org.au> proto=SMTP helo=<c3po.ibsystems.com>
Jun  4 07:36:43 rusty postfix/smtpd[12781]: disconnect from cafemail.ibsystems.com[65.19.143.82]
Jun  4 07:36:43 rusty postfix/smtpd[12936]: warning: 74.17.220.203.relays.ordb.org: RBL lookup error: Host or domain name not found. Name service error for name=74.17.220.203.relays.ordb.org type=A: Host not found, try again
Jun  4 07:36:43 rusty postfix/smtp[12869]: 51B6511818D: to=<rennie@physics.usyd.edu.au>, relay=mailhost.physics.usyd.edu.au[129.78.129.1], delay=35, status=sent (250 2.0.0 l53LRt50011673 Message accepted for delivery)
Jun  4 07:36:43 rusty postfix/smtp[12810]: D1D4511817A: to=<jobst@barrett.com.au>, relay=mail.barrett.com.au[150.101.215.42], delay=36, status=sent (250 2.0.0 l53LRhYI019537 Message accepted for delivery)
Jun  4 07:36:43 rusty postfix/smtp[12808]: connect to net.auslin.com.au[218.214.196.19]: Connection timed out (port 25)
Jun  4 07:36:44 rusty postfix/smtp[12808]: D1D4511817A: to=<mehmety@auslin.com.au>, relay=www1.auslin.com.au[218.214.196.18], delay=37, status=sent (250 Ok: queued as 3676977C0A2)
Jun  4 07:36:44 rusty postfix/smtpd[12934]: warning: 116.13.57.198.relays.ordb.org: RBL lookup error: Host or domain name not found. Name service error for name=116.13.57.198.relays.ordb.org type=A: Host not found, try again
Jun  4 07:36:44 rusty postfix/smtp[12878]: connect to mail.heimann.com.au[202.138.55.165]: Connection timed out (port 25)
Jun  4 07:36:45 rusty postfix/smtp[12878]: D1D4511817A: to=<steven@heimann.com.au>, relay=mail2.heimann.com.au[210.50.193.22], delay=38, status=sent (250 Ok: queued as 7AF7E7F7367)
Jun  4 07:36:45 rusty postfix/smtp[12807]: 3278C11817F: to=<slug@c.donm.net>, relay=c.donm.net[67.18.176.227], delay=37, status=sent (250 Ok: queued as E85B110902)
Jun  4 07:36:45 rusty postfix/cleanup[12784]: 8578A11817B: message-id=<20070603213645.8578A11817B@rusty.slug.org.au>
Jun  4 07:36:45 rusty postfix/local[12785]: 8578A11817B: to=<slug-bounces@slug.org.au>, relay=local, delay=0, status=sent (delivered to command: /var/lib/mailman/mail/mailman bounces slug)
Jun  4 07:36:47 rusty postfix/smtp[12886]: A30C1118177: to=<slug@morganstorey.com>, relay=mail.morganstorey.com[124.243.176.198], delay=40, status=sent (250 Queued (0.047 seconds))
Jun  4 07:36:47 rusty postfix/smtp[12824]: D1D4511817A: to=<dilku@netline.net.au>, relay=whale.netline.net.au[203.28.52.8], delay=40, status=sent (250 Ok: queued as C281A4F106)
Jun  4 07:36:47 rusty postfix/smtp[12819]: D1D4511817A: to=<trent.renshaw@penguinhost.com.au>, relay=mail.penguinhost.com.au[59.167.247.28], delay=40, status=sent (250 2.0.0 l53LRtkC027244 Message accepted for delivery)
Jun  4 07:36:49 rusty postfix/smtpd[12930]: warning: 249.232.177.198.relays.ordb.org: RBL lookup error: Host or domain name not found. Name service error for name=249.232.177.198.relays.ordb.org type=A: Host not found, try again
Jun  4 07:36:49 rusty postfix/smtpd[12937]: warning: 22.51.26.203.relays.ordb.org: RBL lookup error: Host or domain name not found. Name service error for name=22.51.26.203.relays.ordb.org type=A: Host not found, try again
Jun  4 07:36:49 rusty postfix/smtpd[12782]: warning: 28.155.7.203.opm.blitzed.org: RBL lookup error: Host or domain name not found. Name service error for name=28.155.7.203.opm.blitzed.org type=A: Host not found, try again
Jun  4 07:36:49 rusty postfix/smtpd[12782]: 62CB611817B: client=vanilla.cyber.com.au[203.7.155.28]
Jun  4 07:36:49 rusty postfix/smtpd[12755]: warning: 78.246.54.65.opm.blitzed.org: RBL lookup error: Host or domain name not found. Name service error for name=78.246.54.65.opm.blitzed.org type=A: Host not found, try again
Jun  4 07:36:49 rusty postfix/smtpd[12755]: 699A511817F: client=bay0-omc1-s6.bay0.hotmail.com[65.54.246.78]
Jun  4 07:36:49 rusty postfix/smtpd[12909]: warning: 2.104.16.204.opm.blitzed.org: RBL lookup error: Host or domain name not found. Name service error for name=2.104.16.204.opm.blitzed.org type=A: Host not found, try again
Jun  4 07:36:49 rusty postfix/cleanup[12784]: 62CB611817B: message-id=<20070603212744.ECB6E57BAE5@vanilla.cyber.com.au>
Jun  4 07:36:49 rusty postfix/smtpd[12909]: 8E41B118181: client=s006.sjc.collab.net[204.16.104.2]
Jun  4 07:36:49 rusty postfix/smtpd[12914]: warning: 230.181.206.203.opm.blitzed.org: RBL lookup error: Host or domain name not found. Name service error for name=230.181.206.203.opm.blitzed.org type=A: Host not found, try again
Jun  4 07:36:49 rusty postfix/smtpd[12914]: 95B59118195: client=203-206-181-230.perm.iinet.net.au[203.206.181.230]
Jun  4 07:36:49 rusty postfix/smtpd[12782]: disconnect from vanilla.cyber.com.au[203.7.155.28]
Jun  4 07:36:49 rusty postfix/cleanup[12944]: 95B59118195: message-id=<20070603213649.95B59118195@rusty.slug.org.au>
Jun  4 07:36:49 rusty postfix/cleanup[12942]: 699A511817F: message-id=<mHYIThRKk0002cbbd@bay0-mc6-f14.bay0.hotmail.com>
Jun  4 07:36:49 rusty postfix/smtpd[12914]: disconnect from 203-206-181-230.perm.iinet.net.au[203.206.181.230]
Jun  4 07:36:49 rusty postfix/local[12799]: 62CB611817B: to=<slug-bounces@slug.org.au>, relay=local, delay=34, status=sent (delivered to command: /var/lib/mailman/mail/mailman bounces slug)
Jun  4 07:36:49 rusty postfix/local[12785]: 95B59118195: to=<slug-bounces@slug.org.au>, relay=local, delay=32, status=sent (delivered to command: /var/lib/mailman/mail/mailman bounces slug)
Jun  4 07:36:49 rusty postfix/smtpd[12783]: warning: 29.144.12.202.opm.blitzed.org: RBL lookup error: Host or domain name not found. Name service error for name=29.144.12.202.opm.blitzed.org type=A: Host not found, try again
Jun  4 07:36:49 rusty postfix/cleanup[12943]: 8E41B118181: message-id=<20070603213649.8E41B118181@rusty.slug.org.au>
Jun  4 07:36:49 rusty postfix/smtpd[12783]: DAABE11817B: client=mailipbo.vtcif.telstra.com.au[202.12.144.29]
Jun  4 07:36:49 rusty postfix/cleanup[12784]: DAABE11817B: message-id=<thzDmlzTh0003d103@wsmsg2951.srv.dir.telstra.com>
Jun  4 07:36:50 rusty postfix/smtpd[12909]: disconnect from s006.sjc.collab.net[204.16.104.2]
Jun  4 07:36:50 rusty postfix/local[12785]: DAABE11817B: to=<slug-bounces@slug.org.au>, relay=local, delay=37, status=sent (delivered to command: /var/lib/mailman/mail/mailman bounces slug)
Jun  4 07:36:50 rusty postfix/local[12799]: 8E41B118181: to=<slug-bounces@slug.org.au>, relay=local, delay=33, status=sent (delivered to command: /var/lib/mailman/mail/mailman bounces slug)
Jun  4 07:36:50 rusty postfix/smtpd[12912]: warning: 60.189.202.64.opm.blitzed.org: RBL lookup error: Host or domain name not found. Name service error for name=60.189.202.64.opm.blitzed.org type=A: Host not found, try again
Jun  4 07:36:50 rusty postfix/smtpd[12912]: B0E5911817B: client=smtp23-01.prod.mesa1.secureserver.net[64.202.189.60]
Jun  4 07:36:51 rusty postfix/smtpd[12915]: warning: 230.2.8.61.opm.blitzed.org: RBL lookup error: Host or domain name not found. Name service error for name=230.2.8.61.opm.blitzed.org type=A: Host not found, try again
Jun  4 07:36:51 rusty postfix/smtpd[12915]: 20D4C118181: client=mailout2-7.pacific.net.au[61.8.2.230]
Jun  4 07:36:51 rusty postfix/cleanup[12943]: 20D4C118181: message-id=<dovecot-1180906068-517930-0@mailstore.pacific.net.au>
Jun  4 07:36:51 rusty postfix/smtpd[12915]: disconnect from mailout2-7.pacific.net.au[61.8.2.230]
Jun  4 07:36:51 rusty postfix/cleanup[12944]: B0E5911817B: message-id=<20070603212745.22833.qmail@smtp23-01.prod.mesa1.secureserver.net>
Jun  4 07:36:51 rusty postfix/local[12785]: 20D4C118181: to=<slug-bounces@slug.org.au>, relay=local, delay=32, status=sent (delivered to command: /var/lib/mailman/mail/mailman bounces slug)
Jun  4 07:36:51 rusty postfix/local[12799]: B0E5911817B: to=<slug-bounces@slug.org.au>, relay=local, delay=33, status=sent (delivered to command: /var/lib/mailman/mail/mailman bounces slug)
Jun  4 07:36:51 rusty postfix/smtpd[12912]: disconnect from smtp23-01.prod.mesa1.secureserver.net[64.202.189.60]
Jun  4 07:36:51 rusty postfix/smtpd[12916]: warning: 108.1.59.203.opm.blitzed.org: RBL lookup error: Host or domain name not found. Name service error for name=108.1.59.203.opm.blitzed.org type=A: Host not found, try again
Jun  4 07:36:51 rusty postfix/smtpd[12916]: 6C87011817B: client=webmail.icp-qv1-irony3.iinet.net.au[203.59.1.108]
Jun  4 07:36:51 rusty postfix/smtpd[12913]: warning: 204.108.58.203.opm.blitzed.org: RBL lookup error: Host or domain name not found. Name service error for name=204.108.58.203.opm.blitzed.org type=A: Host not found, try again
Jun  4 07:36:51 rusty postfix/smtpd[12913]: 8030F118181: client=unknown[203.58.108.204]
Jun  4 07:36:51 rusty postfix/cleanup[12784]: 6C87011817B: message-id=<5qghl4$137tf3s@mail-ihug.icp-qv1-irony3.iinet.net.au>
Jun  4 07:36:51 rusty postfix/cleanup[12943]: 8030F118181: message-id=<YbqJ8aHX6000000fc@glsydmail1.gl-asia.com.au>
Jun  4 07:36:51 rusty postfix/smtp[12836]: D1D4511817A: to=<scott@roadtech.com.au>, relay=mail.roadtech.com.au[150.101.192.114], delay=44, status=sent (250 2.6.0 Ok, id=01545-04, from MTA: 250 Ok: queued as BACE2823)
Jun  4 07:36:51 rusty postfix/smtpd[12913]: disconnect from unknown[203.58.108.204]
Jun  4 07:36:51 rusty postfix/local[12785]: 699A511817F: to=<slug-bounces@slug.org.au>, relay=local, delay=36, status=sent (delivered to command: /var/lib/mailman/mail/mailman bounces slug)
Jun  4 07:36:51 rusty postfix/smtpd[12755]: disconnect from bay0-omc1-s6.bay0.hotmail.com[65.54.246.78]
Jun  4 07:36:51 rusty postfix/smtpd[12907]: warning: 47.59.190.206.opm.blitzed.org: RBL lookup error: Host or domain name not found. Name service error for name=47.59.190.206.opm.blitzed.org type=A: Host not found, try again
Jun  4 07:36:51 rusty postfix/smtpd[12907]: C481111817F: client=mta231.mail.re4.yahoo.com[206.190.59.47]
Jun  4 07:36:51 rusty postfix/local[12799]: 6C87011817B: to=<slug-bounces@slug.org.au>, relay=local, delay=31, status=sent (delivered to command: /var/lib/mailman/mail/mailman bounces slug)
Jun  4 07:36:51 rusty postfix/local[12953]: 8030F118181: to=<slug-bounces@slug.org.au>, relay=local, delay=33, status=sent (delivered to command: /var/lib/mailman/mail/mailman bounces slug)
Jun  4 07:36:52 rusty postfix/cleanup[12944]: C481111817F: message-id=<20070603213651.C481111817F@rusty.slug.org.au>
Jun  4 07:36:52 rusty postfix/local[12785]: C481111817F: to=<slug-bounces@slug.org.au>, relay=local, delay=34, status=sent (delivered to command: /var/lib/mailman/mail/mailman bounces slug)
Jun  4 07:36:52 rusty postfix/smtpd[12907]: disconnect from mta231.mail.re4.yahoo.com[206.190.59.47]
Jun  4 07:36:53 rusty postfix/smtpd[12918]: warning: 24.242.94.129.opm.blitzed.org: RBL lookup error: Host or domain name not found. Name service error for name=24.242.94.129.opm.blitzed.org type=A: Host not found, try again
Jun  4 07:36:53 rusty postfix/smtpd[12918]: C46E611817B: client=note.orchestra.cse.unsw.EDU.AU[129.94.242.24]
Jun  4 07:36:53 rusty postfix/cleanup[12942]: C46E611817B: message-id=<1070603212750.757@cse.unsw.edu.au>
Jun  4 07:36:53 rusty postfix/smtpd[12918]: disconnect from note.orchestra.cse.unsw.EDU.AU[129.94.242.24]
Jun  4 07:36:53 rusty postfix/local[12799]: C46E611817B: to=<slug-bounces@slug.org.au>, relay=local, delay=31, status=sent (delivered to command: /var/lib/mailman/mail/mailman bounces slug)
Jun  4 07:36:54 rusty postfix/smtpd[12919]: warning: 226.53.37.203.opm.blitzed.org: RBL lookup error: Host or domain name not found. Name service error for name=226.53.37.203.opm.blitzed.org type=A: Host not found, try again
Jun  4 07:36:54 rusty postfix/smtpd[12919]: A993011817B: client=unknown[203.37.53.226]
Jun  4 07:36:54 rusty postfix/cleanup[12943]: A993011817B: message-id=<20070603212749.7FE2A9C017@tokyo.huoncc.com.au>
Jun  4 07:36:55 rusty postfix/smtpd[12919]: disconnect from unknown[203.37.53.226]
Jun  4 07:36:55 rusty postfix/smtpd[12783]: disconnect from mailipbo.vtcif.telstra.com.au[202.12.144.29]
Jun  4 07:36:55 rusty postfix/local[12953]: A993011817B: to=<slug-bounces@slug.org.au>, relay=local, delay=32, status=sent (delivered to command: /var/lib/mailman/mail/mailman bounces slug)
Jun  4 07:36:55 rusty postfix/smtpd[12760]: warning: 190.216.79.217.relays.ordb.org: RBL lookup error: Host or domain name not found. Name service error for name=190.216.79.217.relays.ordb.org type=A: Host not found, try again
Jun  4 07:36:55 rusty postfix/smtpd[12917]: warning: 208.2.8.61.opm.blitzed.org: RBL lookup error: Host or domain name not found. Name service error for name=208.2.8.61.opm.blitzed.org type=A: Host not found, try again
Jun  4 07:36:55 rusty postfix/smtpd[12917]: C953F11817B: client=mailout1-1.pacific.net.au[61.8.2.208]
Jun  4 07:36:55 rusty postfix/cleanup[12784]: C953F11817B: message-id=<dovecot-1180906069-570355-0@mailstore.pacific.net.au>
Jun  4 07:36:55 rusty postfix/smtpd[12917]: disconnect from mailout1-1.pacific.net.au[61.8.2.208]
Jun  4 07:36:56 rusty postfix/smtp[12804]: D1D4511817A: to=<his-lists@bandythomson.id.au>, relay=rubber.bandythomson.id.au[64.22.88.155], delay=49, status=sent (250 2.0.0 Ok: queued as 9E50CA49EB)
Jun  4 07:36:56 rusty postfix/local[12785]: C953F11817B: to=<slug-bounces@slug.org.au>, relay=local, delay=32, status=sent (delivered to command: /var/lib/mailman/mail/mailman bounces slug)
Jun  4 07:36:56 rusty postfix/smtpd[12920]: warning: 39.192.208.88.opm.blitzed.org: RBL lookup error: Host or domain name not found. Name service error for name=39.192.208.88.opm.blitzed.org type=A: Host not found, try again
Jun  4 07:36:56 rusty postfix/smtpd[12920]: 3BB7911817B: client=svc1.zomo.co.uk[88.208.192.39]
Jun  4 07:36:56 rusty postfix/smtpd[12920]: lost connection after RCPT from svc1.zomo.co.uk[88.208.192.39]
Jun  4 07:36:56 rusty postfix/smtpd[12920]: disconnect from svc1.zomo.co.uk[88.208.192.39]
Jun  4 07:36:56 rusty postfix/smtpd[12924]: warning: 55.254.25.203.opm.blitzed.org: RBL lookup error: Host or domain name not found. Name service error for name=55.254.25.203.opm.blitzed.org type=A: Host not found, try again
Jun  4 07:36:56 rusty postfix/smtpd[12924]: 4F3B811817B: client=asgmail.asggroup.com.au[203.25.254.55]
Jun  4 07:36:56 rusty postfix/cleanup[12942]: 4F3B811817B: message-id=<JbpehcelZ0000f6d1@asgmail.asggroup.com.au>
Jun  4 07:36:56 rusty postfix/smtpd[12924]: disconnect from asgmail.asggroup.com.au[203.25.254.55]
Jun  4 07:36:56 rusty postfix/local[12953]: 4F3B811817B: to=<slug-bounces@slug.org.au>, relay=local, delay=32, status=sent (delivered to command: /var/lib/mailman/mail/mailman bounces slug)
Jun  4 07:36:56 rusty postfix/smtpd[12916]: disconnect from webmail.icp-qv1-irony3.iinet.net.au[203.59.1.108]
Jun  4 07:36:57 rusty postfix/smtpd[12925]: warning: 93.155.0.202.opm.blitzed.org: RBL lookup error: Host or domain name not found. Name service error for name=93.155.0.202.opm.blitzed.org type=A: Host not found, try again
Jun  4 07:36:57 rusty postfix/smtpd[12925]: 0FC4211817B: client=customer-mail01.day3.com.au[202.0.155.93]
Jun  4 07:36:57 rusty postfix/smtpd[12923]: warning: 50.59.190.206.opm.blitzed.org: RBL lookup error: Host or domain name not found. Name service error for name=50.59.190.206.opm.blitzed.org type=A: Host not found, try again
Jun  4 07:36:57 rusty postfix/smtpd[12923]: 20D5411817F: client=mta234.mail.re4.yahoo.com[206.190.59.50]
Jun  4 07:36:57 rusty postfix/cleanup[12943]: 0FC4211817B: message-id=<20070603213657.0FC4211817B@rusty.slug.org.au>
Jun  4 07:36:57 rusty postfix/cleanup[12784]: 20D5411817F: message-id=<20070603213657.20D5411817F@rusty.slug.org.au>
Jun  4 07:36:57 rusty postfix/local[12799]: 20D5411817F: to=<slug-bounces@slug.org.au>, relay=local, delay=32, status=sent (delivered to command: /var/lib/mailman/mail/mailman bounces slug)
Jun  4 07:36:58 rusty postfix/smtpd[12923]: disconnect from mta234.mail.re4.yahoo.com[206.190.59.50]
Jun  4 07:36:58 rusty postfix/smtp[12792]: 51B6511818D: to=<mike@werk01.de>, relay=www.werk01.de[80.190.240.18], delay=50, status=sent (250 Ok: queued as 019761A3367)
Jun  4 07:36:58 rusty postfix/smtpd[12928]: warning: 53.172.94.203.opm.blitzed.org: RBL lookup error: Host or domain name not found. Name service error for name=53.172.94.203.opm.blitzed.org type=A: Host not found, try again
Jun  4 07:36:58 rusty postfix/smtpd[12928]: 2B5E211817F: client=mail.al.com.au[203.94.172.53]
Jun  4 07:36:58 rusty postfix/smtpd[12928]: disconnect from mail.al.com.au[203.94.172.53]
Jun  4 07:36:58 rusty postfix/smtp[12800]: D1D4511817A: to=<malikj@al.com.au>, relay=mail.al.com.au[203.94.172.53], delay=51, status=sent (250 13934081 message accepted for delivery)
Jun  4 07:36:58 rusty postfix/smtpd[12927]: warning: 159.237.142.68.opm.blitzed.org: RBL lookup error: Host or domain name not found. Name service error for name=159.237.142.68.opm.blitzed.org type=A: Host not found, try again
Jun  4 07:36:58 rusty postfix/smtpd[12927]: 5B6B211817F: client=mta232.mail.re3.yahoo.com[68.142.237.159]
Jun  4 07:36:59 rusty postfix/smtpd[12921]: warning: 2.223.176.146.opm.blitzed.org: RBL lookup error: Host or domain name not found. Name service error for name=2.223.176.146.opm.blitzed.org type=A: Host not found, try again
Jun  4 07:36:59 rusty postfix/smtpd[12921]: 12352118181: client=mer-w2003-7.napier-mail.napier.ac.uk[146.176.223.2]
Jun  4 07:36:59 rusty postfix/cleanup[12942]: 12352118181: message-id=<JpXYGawtz00016537@EVS1.napier-mail.napier.ac.uk>
Jun  4 07:36:59 rusty postfix/smtp[12876]: 51B6511818D: to=<johns@erc.org.au>, relay=mail.erc.org.au[59.167.245.170], delay=51, status=sent (250 Ok. 46633264.00003204)
Jun  4 07:37:00 rusty postfix/cleanup[12784]: 5B6B211817F: message-id=<20070603213658.5B6B211817F@rusty.slug.org.au>
Jun  4 07:37:00 rusty postfix/local[12785]: 12352118181: to=<slug-bounces@slug.org.au>, relay=local, delay=35, status=sent (delivered to command: /var/lib/mailman/mail/mailman bounces slug)
Jun  4 07:37:00 rusty postfix/local[12953]: 5B6B211817F: to=<slug-bounces@slug.org.au>, relay=local, delay=34, status=sent (delivered to command: /var/lib/mailman/mail/mailman bounces slug)
Jun  4 07:37:00 rusty postfix/smtpd[12921]: disconnect from mer-w2003-7.napier-mail.napier.ac.uk[146.176.223.2]
Jun  4 07:37:00 rusty postfix/smtpd[12781]: warning: 77.194.198.203: hostname 203.198.194-77.rev.gaoland.net verification failed: Name or service not known
Jun  4 07:37:00 rusty postfix/smtpd[12781]: connect from unknown[77.194.198.203]
Jun  4 07:37:00 rusty postfix/smtpd[12781]: lost connection after CONNECT from unknown[77.194.198.203]
Jun  4 07:37:00 rusty postfix/smtpd[12781]: disconnect from unknown[77.194.198.203]
Jun  4 07:37:01 rusty postfix/smtpd[12931]: warning: 86.209.139.209.opm.blitzed.org: RBL lookup error: Host or domain name not found. Name service error for name=86.209.139.209.opm.blitzed.org type=A: Host not found, try again
Jun  4 07:37:01 rusty postfix/smtpd[12931]: 2F82611817F: client=pmx01.bluenetgroup.com[209.139.209.86]
Jun  4 07:37:01 rusty postfix/smtpd[12927]: disconnect from mta232.mail.re3.yahoo.com[68.142.237.159]
Jun  4 07:37:01 rusty postfix/cleanup[12944]: 2F82611817F: message-id=<200706032127.l53LRior025331@pmx01.bluenetgroup.com>
Jun  4 07:37:01 rusty postfix/local[12799]: 2F82611817F: to=<slug-bounces@slug.org.au>, relay=local, delay=32, status=sent (delivered to command: /var/lib/mailman/mail/mailman bounces slug)
Jun  4 07:37:02 rusty postfix/smtpd[12932]: warning: 78.11.12.217.opm.blitzed.org: RBL lookup error: Host or domain name not found. Name service error for name=78.11.12.217.opm.blitzed.org type=A: Host not found, try again
Jun  4 07:37:02 rusty postfix/smtpd[12932]: 0D4EC11817F: client=mta129.mail.ukl.yahoo.com[217.12.11.78]
Jun  4 07:37:02 rusty postfix/smtpd[12931]: disconnect from pmx01.bluenetgroup.com[209.139.209.86]
Jun  4 07:37:02 rusty postfix/smtp[12870]: 51B6511818D: to=<david@hayday.biz>, relay=mail.hayday.biz[220.233.81.223], delay=54, status=sent (250 Ok: queued as 7C47F3301D9)
Jun  4 07:37:02 rusty postfix/cleanup[12942]: 0D4EC11817F: message-id=<20070603213702.0D4EC11817F@rusty.slug.org.au>
Jun  4 07:37:03 rusty postfix/smtpd[12933]: warning: 22.17.29.203.opm.blitzed.org: RBL lookup error: Host or domain name not found. Name service error for name=22.17.29.203.opm.blitzed.org type=A: Host not found, try again
Jun  4 07:37:03 rusty postfix/smtpd[12933]: 2D136118181: client=mail2.virtual.net.au[203.29.17.22]
Jun  4 07:37:03 rusty postfix/smtpd[12933]: disconnect from mail2.virtual.net.au[203.29.17.22]
Jun  4 07:37:03 rusty postfix/smtpd[12936]: warning: 74.17.220.203.opm.blitzed.org: RBL lookup error: Host or domain name not found. Name service error for name=74.17.220.203.opm.blitzed.org type=A: Host not found, try again
Jun  4 07:37:03 rusty postfix/smtpd[12936]: BF9A0118181: client=blue.hermes.net.au[203.220.17.74]
Jun  4 07:37:03 rusty postfix/smtpd[12936]: disconnect from blue.hermes.net.au[203.220.17.74]
Jun  4 07:37:04 rusty postfix/local[12785]: 0D4EC11817F: to=<slug-bounces@slug.org.au>, relay=local, delay=34, status=sent (delivered to command: /var/lib/mailman/mail/mailman bounces slug)
Jun  4 07:37:04 rusty postfix/smtpd[12934]: warning: 116.13.57.198.opm.blitzed.org: RBL lookup error: Host or domain name not found. Name service error for name=116.13.57.198.opm.blitzed.org type=A: Host not found, try again
