Jun  4 06:41:59 rusty postfix/smtpd[11168]: NOQUEUE: reject: RCPT from host-72-51-167-151.newwavecomm.net[72.51.167.151]: 554 Service unavailable; Client host [72.51.167.151] blocked using ix.dnsbl.manitu.net; Comment:   IP address blocked, see http://ix.dnsbl.manitu.net/lookup.php?ipaddress=72.51.167.151, latest spam received via mx0.gmx.net at 2007-06-02T21:24+0200; from=<hhusqxtputr@newwavecomm.net> to=<ag@slug.org.au> proto=ESMTP helo=<host-72-51-167-151.newwavecomm.net>
Jun  4 06:42:00 rusty postfix/smtpd[11168]: lost connection after RCPT from host-72-51-167-151.newwavecomm.net[72.51.167.151]
Jun  4 06:42:00 rusty postfix/smtpd[11168]: disconnect from host-72-51-167-151.newwavecomm.net[72.51.167.151]
Jun  4 06:42:22 rusty postfix/smtpd[11166]: connect from p508222AE.dip0.t-ipconnect.de[80.130.34.174]
Jun  4 06:42:34 rusty postfix/smtpd[11166]: NOQUEUE: reject: RCPT from p508222AE.dip0.t-ipconnect.de[80.130.34.174]: 554 Service unavailable; Client host [80.130.34.174] blocked using cbl.abuseat.org; Blocked - see http://cbl.abuseat.org/lookup.cgi?ip=80.130.34.174; from=<omilen@omilen.cl> to=<36-event@slug.org.au> proto=ESMTP helo=<p508222AE.dip0.t-ipconnect.de>
Jun  4 06:42:34 rusty postfix/smtpd[11166]: lost connection after RCPT from p508222AE.dip0.t-ipconnect.de[80.130.34.174]
Jun  4 06:42:34 rusty postfix/smtpd[11166]: disconnect from p508222AE.dip0.t-ipconnect.de[80.130.34.174]
Jun  4 06:42:41 rusty postfix/smtpd[11076]: connect from pool-71-121-177-172.sttlwa.dsl-w.verizon.net[71.121.177.172]
Jun  4 06:42:47 rusty postfix/smtpd[11054]: timeout after RCPT from unknown[200.123.85.121]
Jun  4 06:42:47 rusty postfix/smtpd[11054]: disconnect from unknown[200.123.85.121]
Jun  4 06:43:14 rusty postfix/smtpd[11174]: connect from unknown[59.93.39.125]
Jun  4 06:43:16 rusty postfix/smtpd[11174]: NOQUEUE: reject: RCPT from unknown[59.93.39.125]: 554 Service unavailable; Client host [59.93.39.125] blocked using dnsbl.njabl.org; 1143615608; from=<avhymuac@diveparasail.com> to=<jan@slug.org.au> proto=ESMTP helo=<[59.93.39.125]>
Jun  4 06:43:16 rusty postfix/smtpd[11174]: lost connection after RCPT from unknown[59.93.39.125]
Jun  4 06:43:16 rusty postfix/smtpd[11174]: disconnect from unknown[59.93.39.125]
Jun  4 06:43:24 rusty postfix/smtpd[11076]: NOQUEUE: reject: RCPT from pool-71-121-177-172.sttlwa.dsl-w.verizon.net[71.121.177.172]: 554 Service unavailable; Client host [71.121.177.172] blocked using ix.dnsbl.manitu.net; from=<Selectingvendors@blackoutrockclub.com> to=<chris@slug.org.au> proto=ESMTP helo=<pool-71-121-177-172.sttlwa.dsl-w.verizon.net>
Jun  4 06:43:24 rusty postfix/smtpd[11076]: lost connection after RCPT from pool-71-121-177-172.sttlwa.dsl-w.verizon.net[71.121.177.172]
Jun  4 06:43:24 rusty postfix/smtpd[11076]: disconnect from pool-71-121-177-172.sttlwa.dsl-w.verizon.net[71.121.177.172]
Jun  4 06:43:34 rusty postfix/smtpd[11168]: connect from 15.Red-83-63-139.staticIP.rima-tde.net[83.63.139.15]
Jun  4 06:43:50 rusty postfix/smtpd[11168]: warning: 15.139.63.83.relays.ordb.org: RBL lookup error: Host or domain name not found. Name service error for name=15.139.63.83.relays.ordb.org type=A: Host not found, try again
Jun  4 06:44:01 rusty postfix/smtpd[11166]: connect from unknown[196.207.234.162]
Jun  4 06:44:04 rusty postfix/smtpd[11054]: connect from aolclient-66-26-4-26.aol.ec.res.rr.com[66.26.4.26]
Jun  4 06:44:09 rusty postfix/smtpd[11166]: NOQUEUE: reject: RCPT from unknown[196.207.234.162]: 554 <tvcommissary@kulugroup.co.za>: Sender address rejected: Domain not found; from=<tvcommissary@kulugroup.co.za> to=<atjdub@slug.org.au> proto=SMTP helo=<kulugroup.co.za>
Jun  4 06:44:10 rusty postfix/smtpd[11166]: lost connection after RCPT from unknown[196.207.234.162]
Jun  4 06:44:10 rusty postfix/smtpd[11166]: disconnect from unknown[196.207.234.162]
Jun  4 06:44:10 rusty postfix/smtpd[11168]: warning: 15.139.63.83.opm.blitzed.org: RBL lookup error: Host or domain name not found. Name service error for name=15.139.63.83.opm.blitzed.org type=A: Host not found, try again
Jun  4 06:44:10 rusty postfix/smtpd[11168]: NOQUEUE: reject: RCPT from 15.Red-83-63-139.staticIP.rima-tde.net[83.63.139.15]: 450 <vapidity@slug.org.au>: Recipient address rejected: Greylisted for 300 seconds (see http://isg.ee.ethz.ch/tools/postgrey/help/slug.org.au.html); from=<accounts@abcopy.net> to=<vapidity@slug.org.au> proto=SMTP helo=<15.Red-83-63-139.staticIP.rima-tde.net>
Jun  4 06:44:20 rusty postfix/smtpd[11054]: warning: 26.4.26.66.relays.ordb.org: RBL lookup error: Host or domain name not found. Name service error for name=26.4.26.66.relays.ordb.org type=A: Host not found, try again
Jun  4 06:44:34 rusty postfix/smtpd[11174]: connect from bzq-88-152-9-182.red.bezeqint.net[88.152.9.182]
Jun  4 06:44:40 rusty postfix/smtpd[11054]: warning: 26.4.26.66.opm.blitzed.org: RBL lookup error: Host or domain name not found. Name service error for name=26.4.26.66.opm.blitzed.org type=A: Host not found, try again
Jun  4 06:44:40 rusty postfix/smtpd[11054]: NOQUEUE: reject: RCPT from aolclient-66-26-4-26.aol.ec.res.rr.com[66.26.4.26]: 450 <streetwalker@slug.org.au>: Recipient address rejected: Greylisted for 300 seconds (see http://isg.ee.ethz.ch/tools/postgrey/help/slug.org.au.html); from=<mbudandy@gulftel.com> to=<streetwalker@slug.org.au> proto=SMTP helo=<CPQ16151965929.gt01.aol.com>
Jun  4 06:44:40 rusty postfix/smtpd[11054]: lost connection after RCPT from aolclient-66-26-4-26.aol.ec.res.rr.com[66.26.4.26]
Jun  4 06:44:40 rusty postfix/smtpd[11054]: disconnect from aolclient-66-26-4-26.aol.ec.res.rr.com[66.26.4.26]
Jun  4 06:44:52 rusty postfix/smtpd[11174]: NOQUEUE: reject: RCPT from bzq-88-152-9-182.red.bezeqint.net[88.152.9.182]: 554 Service unavailable; Client host [88.152.9.182] blocked using cbl.abuseat.org; Blocked - see http://cbl.abuseat.org/lookup.cgi?ip=88.152.9.182; from=<fcarhart@silverson.com> to=<14-event@slug.org.au> proto=ESMTP helo=<tzahi-4a67lih45>
Jun  4 06:44:53 rusty postfix/smtpd[11174]: lost connection after RCPT from bzq-88-152-9-182.red.bezeqint.net[88.152.9.182]
Jun  4 06:44:53 rusty postfix/smtpd[11174]: disconnect from bzq-88-152-9-182.red.bezeqint.net[88.152.9.182]
Jun  4 06:45:05 rusty postfix/smtpd[11166]: connect from S01060008740cf446.wp.shawcable.net[24.79.194.81]
Jun  4 06:45:08 rusty postfix/smtpd[11054]: connect from p54994718.dip.t-dialin.net[84.153.71.24]
Jun  4 06:45:16 rusty postfix/smtpd[11174]: connect from unknown[195.24.93.48]
Jun  4 06:45:18 rusty postfix/smtpd[11174]: NOQUEUE: reject: RCPT from unknown[195.24.93.48]: 554 Service unavailable; Client host [195.24.93.48] blocked using dnsbl.njabl.org; 1161242704; from=<buzmzme@lwreedy.com> to=<akumria@slug.org.au> proto=ESMTP helo=<[195.24.93.48]>
Jun  4 06:45:18 rusty postfix/smtpd[11174]: lost connection after RCPT from unknown[195.24.93.48]
Jun  4 06:45:18 rusty postfix/smtpd[11174]: disconnect from unknown[195.24.93.48]
Jun  4 06:45:20 rusty postfix/smtpd[11166]: NOQUEUE: reject: RCPT from S01060008740cf446.wp.shawcable.net[24.79.194.81]: 554 Service unavailable; Client host [24.79.194.81] blocked using cbl.abuseat.org; Blocked - see http://cbl.abuseat.org/lookup.cgi?ip=24.79.194.81; from=<wblackberry@jamempire.net> to=<sydng@slug.org.au> proto=SMTP helo=<user-9d7d0be19f.wp.shawcable.net>
Jun  4 06:45:20 rusty postfix/smtpd[11166]: lost connection after RCPT from S01060008740cf446.wp.shawcable.net[24.79.194.81]
Jun  4 06:45:20 rusty postfix/smtpd[11166]: disconnect from S01060008740cf446.wp.shawcable.net[24.79.194.81]
Jun  4 06:45:22 rusty postfix/smtpd[11054]: warning: 24.71.153.84.relays.ordb.org: RBL lookup error: Host or domain name not found. Name service error for name=24.71.153.84.relays.ordb.org type=A: Host not found, try again
Jun  4 06:45:38 rusty postfix/smtpd[11174]: connect from p54994718.dip.t-dialin.net[84.153.71.24]
Jun  4 06:45:42 rusty postfix/smtpd[11054]: warning: 24.71.153.84.opm.blitzed.org: RBL lookup error: Host or domain name not found. Name service error for name=24.71.153.84.opm.blitzed.org type=A: Host not found, try again
Jun  4 06:45:42 rusty postfix/smtpd[11054]: NOQUEUE: reject: RCPT from p54994718.dip.t-dialin.net[84.153.71.24]: 450 <df37c2fa@slug.org.au>: Recipient address rejected: Greylisted for 300 seconds (see http://isg.ee.ethz.ch/tools/postgrey/help/slug.org.au.html); from=<hillarddd1@hotmail.com> to=<df37c2fa@slug.org.au> proto=ESMTP helo=<HOME-B63967GVBQ>
Jun  4 06:45:42 rusty postfix/smtpd[11054]: lost connection after DATA from p54994718.dip.t-dialin.net[84.153.71.24]
Jun  4 06:45:42 rusty postfix/smtpd[11054]: disconnect from p54994718.dip.t-dialin.net[84.153.71.24]
Jun  4 06:45:47 rusty postfix/smtpd[11174]: warning: 24.71.153.84.relays.ordb.org: RBL lookup error: Host or domain name not found. Name service error for name=24.71.153.84.relays.ordb.org type=A: Host not found, try again
Jun  4 06:46:07 rusty postfix/smtpd[11174]: warning: 24.71.153.84.opm.blitzed.org: RBL lookup error: Host or domain name not found. Name service error for name=24.71.153.84.opm.blitzed.org type=A: Host not found, try again
Jun  4 06:46:07 rusty postfix/smtpd[11174]: NOQUEUE: reject: RCPT from p54994718.dip.t-dialin.net[84.153.71.24]: 450 <df37c2fa@slug.org.au>: Recipient address rejected: Greylisted for 300 seconds (see http://isg.ee.ethz.ch/tools/postgrey/help/slug.org.au.html); from=<linnaea196hk@hotmail.com> to=<df37c2fa@slug.org.au> proto=ESMTP helo=<HOME-B63967GVBQ.elhyo.com>
Jun  4 06:46:09 rusty postfix/smtpd[11174]: lost connection after RSET from p54994718.dip.t-dialin.net[84.153.71.24]
Jun  4 06:46:09 rusty postfix/smtpd[11174]: disconnect from p54994718.dip.t-dialin.net[84.153.71.24]
Jun  4 06:46:19 rusty postfix/smtpd[11166]: connect from host36.200-82-46.telecom.net.ar[200.82.46.36]
Jun  4 06:46:20 rusty postfix/smtpd[11054]: connect from host36.200-82-46.telecom.net.ar[200.82.46.36]
Jun  4 06:46:21 rusty postfix/smtpd[11166]: NOQUEUE: reject: RCPT from host36.200-82-46.telecom.net.ar[200.82.46.36]: 554 <fmvsnrxtgz@net.ar>: Sender address rejected: Domain not found; from=<fmvsnrxtgz@net.ar> to=<jobs-owner@slug.org.au> proto=ESMTP helo=<host250.201-253-112.telecom.net.ar>
Jun  4 06:46:21 rusty postfix/smtpd[11054]: NOQUEUE: reject: RCPT from host36.200-82-46.telecom.net.ar[200.82.46.36]: 554 <jlfcspmwdz@net.ar>: Sender address rejected: Domain not found; from=<jlfcspmwdz@net.ar> to=<jobs-request@slug.org.au> proto=ESMTP helo=<host250.201-253-112.telecom.net.ar>
Jun  4 06:46:21 rusty postfix/smtpd[11166]: lost connection after RCPT from host36.200-82-46.telecom.net.ar[200.82.46.36]
Jun  4 06:46:21 rusty postfix/smtpd[11166]: disconnect from host36.200-82-46.telecom.net.ar[200.82.46.36]
Jun  4 06:46:21 rusty postfix/smtpd[11054]: lost connection after RCPT from host36.200-82-46.telecom.net.ar[200.82.46.36]
Jun  4 06:46:21 rusty postfix/smtpd[11054]: disconnect from host36.200-82-46.telecom.net.ar[200.82.46.36]
Jun  4 06:46:30 rusty postfix/smtpd[11174]: connect from host-89-41-95-26.moldtelecom.md[89.41.95.26]
Jun  4 06:46:32 rusty postfix/smtpd[11174]: disconnect from host-89-41-95-26.moldtelecom.md[89.41.95.26]
Jun  4 06:46:52 rusty postfix/smtpd[11166]: warning: 190.51.102.72: hostname 190-51-102-72.speedy.com.ar verification failed: Name or service not known
Jun  4 06:46:52 rusty postfix/smtpd[11166]: connect from unknown[190.51.102.72]
Jun  4 06:47:00 rusty postfix/smtpd[11054]: connect from DSL217-132-180-248.bb.netvision.net.il[217.132.180.248]
Jun  4 06:47:05 rusty postfix/smtpd[11166]: NOQUEUE: reject: RCPT from unknown[190.51.102.72]: 554 Service unavailable; Client host [190.51.102.72] blocked using cbl.abuseat.org; Blocked - see http://cbl.abuseat.org/lookup.cgi?ip=190.51.102.72; from=<rtealter@ecardica.com> to=<streetwalker@slug.org.au> proto=SMTP helo=<ecardica.com>
Jun  4 06:47:05 rusty postfix/smtpd[11166]: lost connection after RCPT from unknown[190.51.102.72]
Jun  4 06:47:05 rusty postfix/smtpd[11166]: disconnect from unknown[190.51.102.72]
Jun  4 06:47:24 rusty postfix/smtpd[11054]: warning: 248.180.132.217.relays.ordb.org: RBL lookup error: Host or domain name not found. Name service error for name=248.180.132.217.relays.ordb.org type=A: Host not found, try again
Jun  4 06:47:34 rusty postfix/smtpd[11174]: connect from unknown[201.251.38.110]
Jun  4 06:47:42 rusty postfix/smtpd[11174]: NOQUEUE: reject: RCPT from unknown[201.251.38.110]: 554 Service unavailable; Client host [201.251.38.110] blocked using cbl.abuseat.org; Blocked - see http://cbl.abuseat.org/lookup.cgi?ip=201.251.38.110; from=<bconversion@int.lt> to=<tgreen@slug.org.au> proto=SMTP helo=<int.lt>
Jun  4 06:47:42 rusty postfix/smtpd[11174]: lost connection after RCPT from unknown[201.251.38.110]
Jun  4 06:47:42 rusty postfix/smtpd[11174]: disconnect from unknown[201.251.38.110]
Jun  4 06:47:44 rusty postfix/smtpd[11054]: warning: 248.180.132.217.opm.blitzed.org: RBL lookup error: Host or domain name not found. Name service error for name=248.180.132.217.opm.blitzed.org type=A: Host not found, try again
Jun  4 06:47:44 rusty postfix/smtpd[11054]: NOQUEUE: reject: RCPT from DSL217-132-180-248.bb.netvision.net.il[217.132.180.248]: 450 <activities-owner@slug.org.au>: Recipient address rejected: Greylisted for 300 seconds (see http://isg.ee.ethz.ch/tools/postgrey/help/slug.org.au.html); from=<tkenyonjdzo@lincolninvestment.com> to=<activities-owner@slug.org.au> proto=ESMTP helo=<1-c86a0571a6b84>
Jun  4 06:47:44 rusty postfix/smtpd[11054]: lost connection after RCPT from DSL217-132-180-248.bb.netvision.net.il[217.132.180.248]
Jun  4 06:47:44 rusty postfix/smtpd[11054]: disconnect from DSL217-132-180-248.bb.netvision.net.il[217.132.180.248]
Jun  4 06:48:26 rusty postfix/smtpd[11166]: connect from unknown[203.172.161.4]
Jun  4 06:48:27 rusty postfix/smtpd[11166]: NOQUEUE: reject: RCPT from unknown[203.172.161.4]: 554 <admin@intranet.intranet>: Sender address rejected: Domain not found; from=<admin@intranet.intranet> to=<slug@slug.org.au> proto=ESMTP helo=<linuxsis.intranet>
Jun  4 06:48:27 rusty postfix/smtpd[11166]: disconnect from unknown[203.172.161.4]
Jun  4 06:49:10 rusty postfix/smtpd[11168]: timeout after RCPT from 15.Red-83-63-139.staticIP.rima-tde.net[83.63.139.15]
Jun  4 06:49:10 rusty postfix/smtpd[11168]: disconnect from 15.Red-83-63-139.staticIP.rima-tde.net[83.63.139.15]
Jun  4 06:49:33 rusty postfix/smtpd[11166]: connect from AMontpellier-158-1-61-97.w90-37.abo.wanadoo.fr[90.37.156.97]
Jun  4 06:49:36 rusty postfix/smtpd[11168]: connect from p2227-ipad409marunouchi.tokyo.ocn.ne.jp[222.146.170.227]
Jun  4 06:49:37 rusty postfix/smtp[11274]: 72F07118229: to=<netsnipe_ml@optusnet.com.au>, relay=mail.optusnet.com.au[211.29.132.250], delay=249305, status=deferred (host mail.optusnet.com.au[211.29.132.250] said: 452 4.2.2 <netsnipe_ml@optusnet.com.au>... Mailbox full (in reply to RCPT TO command))
Jun  4 06:49:37 rusty postfix/smtp[11274]: 72F07118229: to=<pintail@optusnet.com.au>, relay=mail.optusnet.com.au[211.29.132.250], delay=249305, status=deferred (host mail.optusnet.com.au[211.29.132.250] said: 452 4.2.2 <pintail@optusnet.com.au>... Mailbox full (in reply to RCPT TO command))
Jun  4 06:49:38 rusty postfix/smtp[11285]: C475D1181A3: to=<netsnipe_ml@optusnet.com.au>, relay=mail.optusnet.com.au[211.29.132.250], delay=409177, status=deferred (host mail.optusnet.com.au[211.29.132.250] said: 452 4.2.2 <netsnipe_ml@optusnet.com.au>... Mailbox full (in reply to RCPT TO command))
Jun  4 06:49:38 rusty postfix/smtp[11285]: C475D1181A3: to=<pintail@optusnet.com.au>, relay=mail.optusnet.com.au[211.29.132.250], delay=409177, status=deferred (host mail.optusnet.com.au[211.29.132.250] said: 452 4.2.2 <pintail@optusnet.com.au>... Mailbox full (in reply to RCPT TO command))
Jun  4 06:49:38 rusty postfix/smtp[11286]: CDF86118176: to=<pintail@optusnet.com.au>, relay=mail.optusnet.com.au[211.29.132.250], delay=35423, status=deferred (host mail.optusnet.com.au[211.29.132.250] said: 452 4.2.2 <pintail@optusnet.com.au>... Mailbox full (in reply to RCPT TO command))
Jun  4 06:49:38 rusty postfix/smtp[11287]: CB6651181A2: to=<netsnipe_ml@optusnet.com.au>, relay=mail.optusnet.com.au[211.29.132.250], delay=412779, status=deferred (host mail.optusnet.com.au[211.29.132.250] said: 452 4.2.2 <netsnipe_ml@optusnet.com.au>... Mailbox full (in reply to RCPT TO command))
Jun  4 06:49:38 rusty postfix/smtp[11288]: CD01E118201: to=<netsnipe_ml@optusnet.com.au>, relay=mail.optusnet.com.au[211.29.132.250], delay=394162, status=deferred (host mail.optusnet.com.au[211.29.132.250] said: 452 4.2.2 <netsnipe_ml@optusnet.com.au>... Mailbox full (in reply to RCPT TO command))
Jun  4 06:49:38 rusty postfix/smtp[11302]: 090FB11816C: to=<jdub@perkypants.org>, orig_to=<jdub@slug.org.au>, relay=mail.perkypants.org[70.85.31.216], delay=11420, status=deferred (host mail.perkypants.org[70.85.31.216] said: 452 Insufficient system storage (in reply to MAIL FROM command))
Jun  4 06:49:38 rusty postfix/smtp[11288]: CD01E118201: to=<pintail@optusnet.com.au>, relay=mail.optusnet.com.au[211.29.132.250], delay=394162, status=deferred (host mail.optusnet.com.au[211.29.132.250] said: 452 4.2.2 <pintail@optusnet.com.au>... Mailbox full (in reply to RCPT TO command))
Jun  4 06:49:39 rusty postfix/smtp[11308]: E75DA118171: to=<pintail@optusnet.com.au>, relay=mail.optusnet.com.au[211.29.132.250], delay=36783, status=deferred (host mail.optusnet.com.au[211.29.132.250] said: 452 4.2.2 <pintail@optusnet.com.au>... Mailbox full (in reply to RCPT TO command))
Jun  4 06:49:39 rusty postfix/smtp[11307]: E2D9E118121: to=<pintail@optusnet.com.au>, relay=mail.optusnet.com.au[211.29.132.250], delay=37160, status=deferred (host mail.optusnet.com.au[211.29.132.250] said: 452 4.2.2 <pintail@optusnet.com.au>... Mailbox full (in reply to RCPT TO command))
Jun  4 06:49:39 rusty postfix/smtp[11308]: 28CAA1181B6: to=<netsnipe_ml@optusnet.com.au>, relay=mail.optusnet.com.au[211.29.132.250], delay=406544, status=deferred (host mail.optusnet.com.au[211.29.132.250] said: 452 4.2.2 <netsnipe_ml@optusnet.com.au>... Mailbox full (in reply to RCPT TO command))
Jun  4 06:49:39 rusty postfix/smtp[11308]: 28CAA1181B6: to=<pintail@optusnet.com.au>, relay=mail.optusnet.com.au[211.29.132.250], delay=406544, status=deferred (host mail.optusnet.com.au[211.29.132.250] said: 452 4.2.2 <pintail@optusnet.com.au>... Mailbox full (in reply to RCPT TO command))
Jun  4 06:49:39 rusty postfix/smtp[11307]: 0BE3B118133: to=<netsnipe_ml@optusnet.com.au>, relay=mail.optusnet.com.au[211.29.132.250], delay=136658, status=deferred (host mail.optusnet.com.au[211.29.132.250] said: 452 4.2.2 <netsnipe_ml@optusnet.com.au>... Mailbox full (in reply to RCPT TO command))
Jun  4 06:49:39 rusty postfix/smtp[11307]: 0BE3B118133: to=<pintail@optusnet.com.au>, relay=mail.optusnet.com.au[211.29.132.250], delay=136658, status=deferred (host mail.optusnet.com.au[211.29.132.250] said: 452 4.2.2 <pintail@optusnet.com.au>... Mailbox full (in reply to RCPT TO command))
Jun  4 06:49:39 rusty postfix/smtp[11307]: 0C700118196: to=<netsnipe_ml@optusnet.com.au>, relay=mail.optusnet.com.au[211.29.132.250], delay=417700, status=deferred (host mail.optusnet.com.au[211.29.132.250] said: 452 4.2.2 <netsnipe_ml@optusnet.com.au>... Mailbox full (in reply to RCPT TO command))
Jun  4 06:49:39 rusty postfix/smtp[11307]: 0C700118196: to=<pintail@optusnet.com.au>, relay=mail.optusnet.com.au[211.29.132.250], delay=417700, status=deferred (host mail.optusnet.com.au[211.29.132.250] said: 452 4.2.2 <pintail@optusnet.com.au>... Mailbox full (in reply to RCPT TO command))
Jun  4 06:49:39 rusty postfix/smtp[11307]: 5F3FE1181F9: to=<pintail@optusnet.com.au>, relay=mail.optusnet.com.au[211.29.132.250], delay=377058, status=deferred (host mail.optusnet.com.au[211.29.132.250] said: 452 4.2.2 <pintail@optusnet.com.au>... Mailbox full (in reply to RCPT TO command))
Jun  4 06:49:39 rusty postfix/smtp[11307]: 478FA1181F7: to=<netsnipe_ml@optusnet.com.au>, relay=mail.optusnet.com.au[211.29.132.250], delay=394341, status=deferred (host mail.optusnet.com.au[211.29.132.250] said: 452 4.2.2 <netsnipe_ml@optusnet.com.au>... Mailbox full (in reply to RCPT TO command))
Jun  4 06:49:39 rusty postfix/smtp[11307]: 478FA1181F7: to=<pintail@optusnet.com.au>, relay=mail.optusnet.com.au[211.29.132.250], delay=394341, status=deferred (host mail.optusnet.com.au[211.29.132.250] said: 452 4.2.2 <pintail@optusnet.com.au>... Mailbox full (in reply to RCPT TO command))
Jun  4 06:49:39 rusty postfix/smtp[11308]: 0A2441181E4: to=<netsnipe_ml@optusnet.com.au>, relay=mail.optusnet.com.au[211.29.132.250], delay=242322, status=deferred (host mail.optusnet.com.au[211.29.132.250] said: 452 4.2.2 <netsnipe_ml@optusnet.com.au>... Mailbox full (in reply to RCPT TO command))
Jun  4 06:49:39 rusty postfix/smtp[11308]: 0A2441181E4: to=<pintail@optusnet.com.au>, relay=mail.optusnet.com.au[211.29.132.250], delay=242322, status=deferred (host mail.optusnet.com.au[211.29.132.250] said: 452 4.2.2 <pintail@optusnet.com.au>... Mailbox full (in reply to RCPT TO command))
Jun  4 06:49:39 rusty postfix/smtp[11285]: 926EC11816D: to=<pintail@optusnet.com.au>, relay=mail.optusnet.com.au[211.29.132.250], delay=36796, status=deferred (host mail.optusnet.com.au[211.29.132.250] said: 452 4.2.2 <pintail@optusnet.com.au>... Mailbox full (in reply to RCPT TO command))
Jun  4 06:49:39 rusty postfix/smtp[11274]: BE04C118184: to=<pintail@optusnet.com.au>, relay=mail.optusnet.com.au[211.29.132.250], delay=31773, status=deferred (host mail.optusnet.com.au[211.29.132.250] said: 452 4.2.2 <pintail@optusnet.com.au>... Mailbox full (in reply to RCPT TO command))
Jun  4 06:49:39 rusty postfix/smtp[11307]: 464B11181C4: to=<netsnipe_ml@optusnet.com.au>, relay=mail.optusnet.com.au[211.29.132.250], delay=329984, status=deferred (host mail.optusnet.com.au[211.29.132.250] said: 452 4.2.2 <netsnipe_ml@optusnet.com.au>... Mailbox full (in reply to RCPT TO command))
Jun  4 06:49:39 rusty postfix/smtp[11286]: 95761118150: to=<netsnipe_ml@optusnet.com.au>, relay=mail.optusnet.com.au[211.29.132.250], delay=80197, status=deferred (host mail.optusnet.com.au[211.29.132.250] said: 452 4.2.2 <netsnipe_ml@optusnet.com.au>... Mailbox full (in reply to RCPT TO command))
Jun  4 06:49:39 rusty postfix/smtp[11312]: 2DCCB1181E5: to=<netsnipe_ml@optusnet.com.au>, relay=mail.optusnet.com.au[211.29.132.250], delay=165724, status=deferred (host mail.optusnet.com.au[211.29.132.250] said: 452 4.2.2 <netsnipe_ml@optusnet.com.au>... Mailbox full (in reply to RCPT TO command))
Jun  4 06:49:39 rusty postfix/smtp[11321]: A53671181A8: to=<netsnipe_ml@optusnet.com.au>, relay=mail.optusnet.com.au[211.29.132.250], delay=408669, status=deferred (host mail.optusnet.com.au[211.29.132.250] said: 452 4.2.2 <netsnipe_ml@optusnet.com.au>... Mailbox full (in reply to RCPT TO command))
Jun  4 06:49:39 rusty postfix/smtp[11286]: 95761118150: to=<pintail@optusnet.com.au>, relay=mail.optusnet.com.au[211.29.132.250], delay=80197, status=deferred (host mail.optusnet.com.au[211.29.132.250] said: 452 4.2.2 <pintail@optusnet.com.au>... Mailbox full (in reply to RCPT TO command))
Jun  4 06:49:39 rusty postfix/smtp[11307]: 464B11181C4: to=<pintail@optusnet.com.au>, relay=mail.optusnet.com.au[211.29.132.250], delay=329984, status=deferred (host mail.optusnet.com.au[211.29.132.250] said: 452 4.2.2 <pintail@optusnet.com.au>... Mailbox full (in reply to RCPT TO command))
Jun  4 06:49:39 rusty postfix/smtp[11312]: 2DCCB1181E5: to=<pintail@optusnet.com.au>, relay=mail.optusnet.com.au[211.29.132.250], delay=165724, status=deferred (host mail.optusnet.com.au[211.29.132.250] said: 452 4.2.2 <pintail@optusnet.com.au>... Mailbox full (in reply to RCPT TO command))
Jun  4 06:49:39 rusty postfix/smtp[11321]: A53671181A8: to=<pintail@optusnet.com.au>, relay=mail.optusnet.com.au[211.29.132.250], delay=408669, status=deferred (host mail.optusnet.com.au[211.29.132.250] said: 452 4.2.2 <pintail@optusnet.com.au>... Mailbox full (in reply to RCPT TO command))
Jun  4 06:49:39 rusty postfix/smtp[11311]: 392CF118168: to=<pintail@optusnet.com.au>, relay=mail.optusnet.com.au[211.29.132.250], delay=37002, status=deferred (host mail.optusnet.com.au[211.29.132.250] said: 452 4.2.2 <pintail@optusnet.com.au>... Mailbox full (in reply to RCPT TO command))
Jun  4 06:49:39 rusty postfix/smtp[11310]: 92E1E11815B: to=<netsnipe_ml@optusnet.com.au>, relay=mail.optusnet.com.au[211.29.132.250], delay=45893, status=deferred (host mail.optusnet.com.au[211.29.132.250] said: 452 4.2.2 <netsnipe_ml@optusnet.com.au>... Mailbox full (in reply to RCPT TO command))
Jun  4 06:49:39 rusty postfix/smtp[11310]: 92E1E11815B: to=<pintail@optusnet.com.au>, relay=mail.optusnet.com.au[211.29.132.250], delay=45893, status=deferred (host mail.optusnet.com.au[211.29.132.250] said: 452 4.2.2 <pintail@optusnet.com.au>... Mailbox full (in reply to RCPT TO command))
Jun  4 06:49:39 rusty postfix/smtp[11308]: A6B91118175: to=<netsnipe_ml@optusnet.com.au>, relay=mail.optusnet.com.au[211.29.132.250], delay=157157, status=deferred (host mail.optusnet.com.au[211.29.132.250] said: 452 4.2.2 <netsnipe_ml@optusnet.com.au>... Mailbox full (in reply to RCPT TO command))
Jun  4 06:49:39 rusty postfix/smtp[11308]: A6B91118175: to=<pintail@optusnet.com.au>, relay=mail.optusnet.com.au[211.29.132.250], delay=157157, status=deferred (host mail.optusnet.com.au[211.29.132.250] said: 452 4.2.2 <pintail@optusnet.com.au>... Mailbox full (in reply to RCPT TO command))
Jun  4 06:49:39 rusty postfix/smtp[11288]: 2FD17118210: to=<netsnipe_ml@optusnet.com.au>, relay=mail.optusnet.com.au[211.29.132.250], delay=293840, status=deferred (host mail.optusnet.com.au[211.29.132.250] said: 452 4.2.2 <netsnipe_ml@optusnet.com.au>... Mailbox full (in reply to RCPT TO command))
Jun  4 06:49:39 rusty postfix/smtp[11287]: 27D3E1181F8: to=<pintail@optusnet.com.au>, relay=mail.optusnet.com.au[211.29.132.250], delay=371088, status=deferred (host mail.optusnet.com.au[211.29.132.250] said: 452 4.2.2 <pintail@optusnet.com.au>... Mailbox full (in reply to RCPT TO command))
Jun  4 06:49:40 rusty postfix/smtp[11288]: 2FD17118210: to=<pintail@optusnet.com.au>, relay=mail.optusnet.com.au[211.29.132.250], delay=293841, status=deferred (host mail.optusnet.com.au[211.29.132.250] said: 452 4.2.2 <pintail@optusnet.com.au>... Mailbox full (in reply to RCPT TO command))
Jun  4 06:49:40 rusty postfix/smtp[11303]: connect to mic.icafe.com.au[60.242.158.40]: No route to host (port 25)
Jun  4 06:49:40 rusty postfix/smtp[11303]: 08AE3118178: to=<donohueb@icafe.com.au>, relay=none, delay=32610, status=deferred (connect to mic.icafe.com.au[60.242.158.40]: No route to host)
Jun  4 06:49:40 rusty postfix/smtpd[11168]: NOQUEUE: reject: RCPT from p2227-ipad409marunouchi.tokyo.ocn.ne.jp[222.146.170.227]: 554 Service unavailable; Client host [222.146.170.227] blocked using ix.dnsbl.manitu.net; Comment:   IP address blocked, see http://ix.dnsbl.manitu.net/lookup.php?ipaddress=222.146.170.227, latest spam received via mx0.gmx.net at 2007-06-03T20:00+0200; from=<eye_bule11@yahoo.co.jp> to=<jdub@slug.org.au> proto=SMTP helo=<qyjktyhstrhdhd.com>
Jun  4 06:49:40 rusty postfix/smtpd[11168]: disconnect from p2227-ipad409marunouchi.tokyo.ocn.ne.jp[222.146.170.227]
Jun  4 06:49:40 rusty postfix/smtp[11302]: 2E44611821E: to=<netsnipe_ml@optusnet.com.au>, relay=mail.optusnet.com.au[211.29.132.250], delay=228292, status=deferred (host mail.optusnet.com.au[211.29.132.250] said: 452 4.2.2 <netsnipe_ml@optusnet.com.au>... Mailbox full (in reply to RCPT TO command))
Jun  4 06:49:40 rusty postfix/smtp[11302]: 2E44611821E: to=<pintail@optusnet.com.au>, relay=mail.optusnet.com.au[211.29.132.250], delay=228292, status=deferred (host mail.optusnet.com.au[211.29.132.250] said: 452 4.2.2 <pintail@optusnet.com.au>... Mailbox full (in reply to RCPT TO command))
Jun  4 06:49:41 rusty postfix/smtp[11314]: 046EB118143: to=<netsnipe_ml@optusnet.com.au>, relay=mail.optusnet.com.au[211.29.132.250], delay=115941, status=deferred (host mail.optusnet.com.au[211.29.132.250] said: 452 4.2.2 <netsnipe_ml@optusnet.com.au>... Mailbox full (in reply to RCPT TO command))
Jun  4 06:49:41 rusty postfix/smtp[11314]: 046EB118143: to=<pintail@optusnet.com.au>, relay=mail.optusnet.com.au[211.29.132.250], delay=115941, status=deferred (host mail.optusnet.com.au[211.29.132.250] said: 452 4.2.2 <pintail@optusnet.com.au>... Mailbox full (in reply to RCPT TO command))
Jun  4 06:49:41 rusty postfix/smtp[11315]: 08AE3118178: to=<netsnipe_ml@optusnet.com.au>, relay=mail.optusnet.com.au[211.29.132.250], delay=32611, status=deferred (host mail.optusnet.com.au[211.29.132.250] said: 452 4.2.2 <netsnipe_ml@optusnet.com.au>... Mailbox full (in reply to RCPT TO command))
Jun  4 06:49:41 rusty postfix/smtp[11315]: 08AE3118178: to=<pintail@optusnet.com.au>, relay=mail.optusnet.com.au[211.29.132.250], delay=32611, status=deferred (host mail.optusnet.com.au[211.29.132.250] said: 452 4.2.2 <pintail@optusnet.com.au>... Mailbox full (in reply to RCPT TO command))
Jun  4 06:49:41 rusty postfix/smtp[11316]: 096D7118166: to=<pintail@optusnet.com.au>, relay=mail.optusnet.com.au[211.29.132.250], delay=41713, status=deferred (host mail.optusnet.com.au[211.29.132.250] said: 452 4.2.2 <pintail@optusnet.com.au>... Mailbox full (in reply to RCPT TO command))
Jun  4 06:49:41 rusty postfix/smtp[11318]: 4BC07118164: to=<netsnipe_ml@optusnet.com.au>, relay=mail.optusnet.com.au[211.29.132.250], delay=116656, status=deferred (host mail.optusnet.com.au[211.29.132.250] said: 452 4.2.2 <netsnipe_ml@optusnet.com.au>... Mailbox full (in reply to RCPT TO command))
Jun  4 06:49:41 rusty postfix/smtp[11317]: 4589C1181EF: to=<netsnipe_ml@optusnet.com.au>, relay=mail.optusnet.com.au[211.29.132.250], delay=400503, status=deferred (host mail.optusnet.com.au[211.29.132.250] said: 452 4.2.2 <netsnipe_ml@optusnet.com.au>... Mailbox full (in reply to RCPT TO command))
Jun  4 06:49:41 rusty postfix/smtp[11318]: 4BC07118164: to=<pintail@optusnet.com.au>, relay=mail.optusnet.com.au[211.29.132.250], delay=116656, status=deferred (host mail.optusnet.com.au[211.29.132.250] said: 452 4.2.2 <pintail@optusnet.com.au>... Mailbox full (in reply to RCPT TO command))
Jun  4 06:49:41 rusty postfix/smtp[11317]: 4589C1181EF: to=<pintail@optusnet.com.au>, relay=mail.optusnet.com.au[211.29.132.250], delay=400503, status=deferred (host mail.optusnet.com.au[211.29.132.250] said: 452 4.2.2 <pintail@optusnet.com.au>... Mailbox full (in reply to RCPT TO command))
Jun  4 06:49:41 rusty postfix/smtp[11319]: 689CE11820E: to=<netsnipe_ml@optusnet.com.au>, relay=mail.optusnet.com.au[211.29.132.250], delay=380992, status=deferred (host mail.optusnet.com.au[211.29.132.250] said: 452 4.2.2 <netsnipe_ml@optusnet.com.au>... Mailbox full (in reply to RCPT TO command))
Jun  4 06:49:41 rusty postfix/smtp[11319]: 689CE11820E: to=<pintail@optusnet.com.au>, relay=mail.optusnet.com.au[211.29.132.250], delay=380992, status=deferred (host mail.optusnet.com.au[211.29.132.250] said: 452 4.2.2 <pintail@optusnet.com.au>... Mailbox full (in reply to RCPT TO command))
Jun  4 06:49:44 rusty postfix/smtp[11289]: CBB2E118217: to=<info@darehr.com.au>, relay=none, delay=326980, status=deferred (Host or domain name not found. Name service error for name=darehr.com.au type=MX: Host not found, try again)
Jun  4 06:49:44 rusty postfix/smtpd[11166]: NOQUEUE: reject: RCPT from AMontpellier-158-1-61-97.w90-37.abo.wanadoo.fr[90.37.156.97]: 554 Service unavailable; Client host [90.37.156.97] blocked using cbl.abuseat.org; Blocked - see http://cbl.abuseat.org/lookup.cgi?ip=90.37.156.97; from=<sson@office.com> to=<announce@slug.org.au> proto=SMTP helo=<kzlzle>
Jun  4 06:49:46 rusty postfix/smtpd[11166]: lost connection after RCPT from AMontpellier-158-1-61-97.w90-37.abo.wanadoo.fr[90.37.156.97]
Jun  4 06:49:46 rusty postfix/smtpd[11166]: disconnect from AMontpellier-158-1-61-97.w90-37.abo.wanadoo.fr[90.37.156.97]
Jun  4 06:49:46 rusty postfix/smtp[11275]: 73CB7118230: to=<rgh@mootermedia.com>, relay=mta1.mootermedia.com[220.233.135.106], delay=265767, status=deferred (host mta1.mootermedia.com[220.233.135.106] said: 450 <rgh@mootermedia.com>: Recipient address rejected: undeliverable address: unknown user: "rgh" (in reply to RCPT TO command))
Jun  4 06:49:47 rusty postfix/smtp[11304]: 047DA118183: to=<rgh@mootermedia.com>, relay=mta1.mootermedia.com[220.233.135.106], delay=382342, status=deferred (host mta1.mootermedia.com[220.233.135.106] said: 450 <rgh@mootermedia.com>: Recipient address rejected: undeliverable address: unknown user: "rgh" (in reply to RCPT TO command))
Jun  4 06:50:06 rusty postfix/smtp[11279]: connect to none.harvestroad.com.au[203.103.97.241]: Connection timed out (port 25)
Jun  4 06:50:06 rusty postfix/smtp[11283]: connect to none.harvestroad.com.au[203.103.97.241]: Connection timed out (port 25)
Jun  4 06:50:06 rusty postfix/smtp[11276]: connect to taz-devil.dyndns.org[60.241.248.171]: Connection timed out (port 25)
Jun  4 06:50:06 rusty postfix/smtp[11281]: connect to taz-devil.dyndns.org[60.241.248.171]: Connection timed out (port 25)
Jun  4 06:50:06 rusty postfix/smtp[11276]: 7A95E118160: to=<mary@taz-devil.dyndns.org>, relay=none, delay=409205, status=deferred (connect to taz-devil.dyndns.org[60.241.248.171]: Connection timed out)
Jun  4 06:50:06 rusty postfix/smtp[11281]: 880C61181C3: to=<mary@taz-devil.dyndns.org>, relay=none, delay=381098, status=deferred (connect to taz-devil.dyndns.org[60.241.248.171]: Connection timed out)
Jun  4 06:50:06 rusty postfix/smtp[11290]: connect to taz-devil.dyndns.org[60.241.248.171]: Connection timed out (port 25)
Jun  4 06:50:06 rusty postfix/smtp[11291]: connect to taz-devil.dyndns.org[60.241.248.171]: Connection timed out (port 25)
Jun  4 06:50:06 rusty postfix/smtp[11292]: connect to taz-devil.dyndns.org[60.241.248.171]: Connection timed out (port 25)
Jun  4 06:50:06 rusty postfix/smtp[11291]: C3F3B118137: to=<mary@taz-devil.dyndns.org>, relay=none, delay=115967, status=deferred (connect to taz-devil.dyndns.org[60.241.248.171]: Connection timed out)
Jun  4 06:50:06 rusty postfix/smtp[11290]: CC7FD118123: to=<mary@taz-devil.dyndns.org>, relay=none, delay=136686, status=deferred (connect to taz-devil.dyndns.org[60.241.248.171]: Connection timed out)
Jun  4 06:50:06 rusty postfix/smtp[11292]: C7A78118156: to=<mary@taz-devil.dyndns.org>, relay=none, delay=32637, status=deferred (connect to taz-devil.dyndns.org[60.241.248.171]: Connection timed out)
Jun  4 06:50:06 rusty postfix/smtp[11294]: connect to none.harvestroad.com.au[203.103.97.241]: Connection timed out (port 25)
Jun  4 06:50:06 rusty postfix/smtp[11280]: connect to park.funnel.revenuedirect.com.akadns.net[69.25.47.164]: Connection timed out (port 25)
Jun  4 06:50:06 rusty postfix/smtp[11284]: connect to park.funnel.revenuedirect.com.akadns.net[66.150.161.57]: Connection timed out (port 25)
Jun  4 06:50:06 rusty postfix/smtp[11295]: connect to park.funnel.revenuedirect.com.akadns.net[69.25.47.164]: Connection timed out (port 25)
Jun  4 06:50:06 rusty postfix/smtp[11297]: connect to none.harvestroad.com.au[203.103.97.241]: Connection timed out (port 25)
Jun  4 06:50:06 rusty postfix/smtp[11298]: connect to park.funnel.revenuedirect.com.akadns.net[69.25.47.164]: Connection timed out (port 25)
Jun  4 06:50:06 rusty postfix/smtp[11300]: connect to none.harvestroad.com.au[203.103.97.241]: Connection timed out (port 25)
Jun  4 06:50:06 rusty postfix/smtp[11301]: connect to park.funnel.revenuedirect.com.akadns.net[69.25.47.164]: Connection timed out (port 25)
Jun  4 06:50:11 rusty postfix/smtp[11296]: DB85C11812E: to=<slug@eurekait.com>, relay=none, delay=136691, status=deferred (Host or domain name not found. Name service error for name=eurekait.com type=MX: Host not found, try again)
Jun  4 06:50:11 rusty postfix/smtp[11293]: C6650118205: to=<slug@eurekait.com>, relay=none, delay=394347, status=deferred (Host or domain name not found. Name service error for name=eurekait.com type=MX: Host not found, try again)
Jun  4 06:50:11 rusty postfix/smtp[11277]: 7ADBF118169: to=<slug@eurekait.com>, relay=none, delay=157189, status=deferred (Host or domain name not found. Name service error for name=eurekait.com type=MX: Host not found, try again)
Jun  4 06:50:11 rusty postfix/smtp[11299]: D669411816F: to=<slug@eurekait.com>, relay=none, delay=32642, status=deferred (Host or domain name not found. Name service error for name=eurekait.com type=MX: Host not found, try again)
Jun  4 06:50:11 rusty postfix/smtp[11282]: 8159F1181CD: to=<slug@eurekait.com>, relay=none, delay=327154, status=deferred (Host or domain name not found. Name service error for name=eurekait.com type=MX: Host not found, try again)
Jun  4 06:50:23 rusty postfix/smtpd[11168]: connect from 201-68-89-51.dsl.telesp.net.br[201.68.89.51]
Jun  4 06:50:23 rusty postfix/smtpd[11166]: connect from 89.0.32.112.dynamic.barak-online.net[89.0.32.112]
Jun  4 06:50:24 rusty postfix/smtpd[11168]: NOQUEUE: reject: RCPT from 201-68-89-51.dsl.telesp.net.br[201.68.89.51]: 554 <vtkwqgfofxx@net.br>: Sender address rejected: Domain not found; from=<vtkwqgfofxx@net.br> to=<amusg@slug.org.au> proto=ESMTP helo=<201-68-89-51.dsl.telesp.net.br>
Jun  4 06:50:25 rusty postfix/smtpd[11168]: lost connection after RCPT from 201-68-89-51.dsl.telesp.net.br[201.68.89.51]
Jun  4 06:50:25 rusty postfix/smtpd[11168]: disconnect from 201-68-89-51.dsl.telesp.net.br[201.68.89.51]
Jun  4 06:50:36 rusty postfix/smtp[11280]: connect to park.funnel.revenuedirect.com.akadns.net[66.150.161.57]: Connection timed out (port 25)
Jun  4 06:50:36 rusty postfix/smtp[11284]: connect to park.funnel.revenuedirect.com.akadns.net[69.25.47.164]: Connection timed out (port 25)
Jun  4 06:50:36 rusty postfix/smtp[11295]: connect to park.funnel.revenuedirect.com.akadns.net[66.150.161.57]: Connection timed out (port 25)
Jun  4 06:50:36 rusty postfix/smtp[11295]: C6650118205: to=<brat@somethingorother.com>, relay=none, delay=394372, status=deferred (connect to park.funnel.revenuedirect.com.akadns.net[66.150.161.57]: Connection timed out)
Jun  4 06:50:36 rusty postfix/smtp[11284]: 8159F1181CD: to=<brat@somethingorother.com>, relay=none, delay=327179, status=deferred (connect to park.funnel.revenuedirect.com.akadns.net[69.25.47.164]: Connection timed out)
Jun  4 06:50:36 rusty postfix/smtp[11280]: 7ADBF118169: to=<brat@somethingorother.com>, relay=none, delay=157214, status=deferred (connect to park.funnel.revenuedirect.com.akadns.net[66.150.161.57]: Connection timed out)
Jun  4 06:50:36 rusty postfix/smtp[11298]: connect to park.funnel.revenuedirect.com.akadns.net[66.150.161.57]: Connection timed out (port 25)
Jun  4 06:50:36 rusty postfix/smtp[11298]: DB85C11812E: to=<brat@somethingorother.com>, relay=none, delay=136716, status=deferred (connect to park.funnel.revenuedirect.com.akadns.net[66.150.161.57]: Connection timed out)
Jun  4 06:50:36 rusty postfix/smtp[11301]: connect to park.funnel.revenuedirect.com.akadns.net[66.150.161.57]: Connection timed out (port 25)
Jun  4 06:50:36 rusty postfix/smtp[11301]: D669411816F: to=<brat@somethingorother.com>, relay=none, delay=32667, status=deferred (connect to park.funnel.revenuedirect.com.akadns.net[66.150.161.57]: Connection timed out)
Jun  4 06:50:38 rusty postfix/smtpd[11166]: warning: 112.32.0.89.relays.ordb.org: RBL lookup error: Host or domain name not found. Name service error for name=112.32.0.89.relays.ordb.org type=A: Host not found, try again
Jun  4 06:50:49 rusty postfix/smtpd[11168]: warning: 190.172.145.88: hostname 190-172-145-88.speedy.com.ar verification failed: Name or service not known
Jun  4 06:50:49 rusty postfix/smtpd[11168]: connect from unknown[190.172.145.88]
Jun  4 06:50:58 rusty postfix/smtpd[11166]: warning: 112.32.0.89.opm.blitzed.org: RBL lookup error: Host or domain name not found. Name service error for name=112.32.0.89.opm.blitzed.org type=A: Host not found, try again
Jun  4 06:50:58 rusty postfix/smtpd[11166]: NOQUEUE: reject: RCPT from 89.0.32.112.dynamic.barak-online.net[89.0.32.112]: 450 <152-event@slug.org.au>: Recipient address rejected: Greylisted for 300 seconds (see http://isg.ee.ethz.ch/tools/postgrey/help/slug.org.au.html); from=<sheelu@galaxy1.com> to=<152-event@slug.org.au> proto=ESMTP helo=<chen>
Jun  4 06:50:58 rusty postfix/smtpd[11166]: lost connection after RCPT from 89.0.32.112.dynamic.barak-online.net[89.0.32.112]
Jun  4 06:50:58 rusty postfix/smtpd[11166]: disconnect from 89.0.32.112.dynamic.barak-online.net[89.0.32.112]
Jun  4 06:51:04 rusty postfix/smtpd[11168]: warning: 88.145.172.190.relays.ordb.org: RBL lookup error: Host or domain name not found. Name service error for name=88.145.172.190.relays.ordb.org type=A: Host not found, try again
Jun  4 06:51:21 rusty postfix/smtpd[11166]: connect from 201-68-89-51.dsl.telesp.net.br[201.68.89.51]
Jun  4 06:51:22 rusty postfix/smtpd[11345]: connect from 201-68-89-51.dsl.telesp.net.br[201.68.89.51]
Jun  4 06:51:22 rusty postfix/smtpd[11349]: connect from 201-68-89-51.dsl.telesp.net.br[201.68.89.51]
Jun  4 06:51:22 rusty postfix/smtpd[11166]: NOQUEUE: reject: RCPT from 201-68-89-51.dsl.telesp.net.br[201.68.89.51]: 554 <tajettnqkr@net.br>: Sender address rejected: Domain not found; from=<tajettnqkr@net.br> to=<amusig-owner@slug.org.au> proto=ESMTP helo=<201-68-89-51.dsl.telesp.net.br>
Jun  4 06:51:23 rusty postfix/smtpd[11166]: lost connection after RCPT from 201-68-89-51.dsl.telesp.net.br[201.68.89.51]
Jun  4 06:51:23 rusty postfix/smtpd[11166]: disconnect from 201-68-89-51.dsl.telesp.net.br[201.68.89.51]
Jun  4 06:51:23 rusty postfix/smtpd[11345]: NOQUEUE: reject: RCPT from 201-68-89-51.dsl.telesp.net.br[201.68.89.51]: 554 <ehltgeg@net.br>: Sender address rejected: Domain not found; from=<ehltgeg@net.br> to=<amusig-requet@slug.org.au> proto=ESMTP helo=<201-68-89-51.dsl.telesp.net.br>
Jun  4 06:51:23 rusty postfix/smtpd[11345]: lost connection after RCPT from 201-68-89-51.dsl.telesp.net.br[201.68.89.51]
Jun  4 06:51:23 rusty postfix/smtpd[11345]: disconnect from 201-68-89-51.dsl.telesp.net.br[201.68.89.51]
Jun  4 06:51:23 rusty postfix/smtpd[11349]: NOQUEUE: reject: RCPT from 201-68-89-51.dsl.telesp.net.br[201.68.89.51]: 554 <xyffwvrfuz@net.br>: Sender address rejected: Domain not found; from=<xyffwvrfuz@net.br> to=<amusig@slug.org.au> proto=ESMTP helo=<201-68-89-51.dsl.telesp.net.br>
Jun  4 06:51:24 rusty postfix/smtpd[11349]: lost connection after RCPT from 201-68-89-51.dsl.telesp.net.br[201.68.89.51]
Jun  4 06:51:24 rusty postfix/smtpd[11349]: disconnect from 201-68-89-51.dsl.telesp.net.br[201.68.89.51]
Jun  4 06:51:24 rusty postfix/smtpd[11166]: connect from unknown[202.142.150.9]
Jun  4 06:51:24 rusty postfix/smtpd[11168]: warning: 88.145.172.190.opm.blitzed.org: RBL lookup error: Host or domain name not found. Name service error for name=88.145.172.190.opm.blitzed.org type=A: Host not found, try again
Jun  4 06:51:24 rusty postfix/smtpd[11168]: NOQUEUE: reject: RCPT from unknown[190.172.145.88]: 450 <thefesties@slug.org.au>: Recipient address rejected: Greylisted for 300 seconds (see http://isg.ee.ethz.ch/tools/postgrey/help/slug.org.au.html); from=<bwlabovementioned@navigatoris.us> to=<thefesties@slug.org.au> proto=SMTP helo=<navigatoris.us>
Jun  4 06:51:24 rusty postfix/smtpd[11168]: lost connection after RCPT from unknown[190.172.145.88]
Jun  4 06:51:24 rusty postfix/smtpd[11168]: disconnect from unknown[190.172.145.88]
Jun  4 06:51:29 rusty postfix/smtpd[11347]: connect from adsl196-130-66-217-196.adsl196-11.iam.net.ma[196.217.66.130]
Jun  4 06:51:31 rusty postfix/smtpd[11166]: NOQUEUE: reject: RCPT from unknown[202.142.150.9]: 554 Service unavailable; Client host [202.142.150.9] blocked using cbl.abuseat.org; Blocked - see http://cbl.abuseat.org/lookup.cgi?ip=202.142.150.9; from=<dealsinmotion.com@unfauxgettable.net> to=<rsvp@slug.org.au> proto=SMTP helo=<localhost>
Jun  4 06:51:32 rusty postfix/smtpd[11166]: lost connection after RCPT from unknown[202.142.150.9]
Jun  4 06:51:32 rusty postfix/smtpd[11166]: disconnect from unknown[202.142.150.9]
Jun  4 06:51:37 rusty postfix/smtpd[11347]: NOQUEUE: reject: RCPT from adsl196-130-66-217-196.adsl196-11.iam.net.ma[196.217.66.130]: 554 Service unavailable; Client host [196.217.66.130] blocked using cbl.abuseat.org; Blocked - see http://cbl.abuseat.org/lookup.cgi?ip=196.217.66.130; from=<astrotarots.com@fitnessisgood.com> to=<debian@slug.org.au> proto=SMTP helo=<localhost>
Jun  4 06:51:39 rusty postfix/smtpd[11347]: lost connection after RCPT from adsl196-130-66-217-196.adsl196-11.iam.net.ma[196.217.66.130]
Jun  4 06:51:39 rusty postfix/smtpd[11347]: disconnect from adsl196-130-66-217-196.adsl196-11.iam.net.ma[196.217.66.130]
Jun  4 06:51:56 rusty postfix/smtpd[11349]: warning: 38.100.80.109: address not listed for hostname ichvm1.incheckhost.com
Jun  4 06:51:56 rusty postfix/smtpd[11349]: connect from unknown[38.100.80.109]
Jun  4 06:52:07 rusty postfix/smtpd[11349]: warning: 109.80.100.38.relays.ordb.org: RBL lookup error: Host or domain name not found. Name service error for name=109.80.100.38.relays.ordb.org type=A: Host not found, try again
Jun  4 06:52:16 rusty postfix/smtp[11279]: 7ADBF118169: to=<ajones@harvestroad.com>, relay=mail.harvestroad.com.au[203.103.97.27], delay=157314, status=deferred (host mail.harvestroad.com.au[203.103.97.27] said: 450 <slug-bounces@slug.org.au>: Sender address rejected: Domain not found (in reply to RCPT TO command))
Jun  4 06:52:17 rusty postfix/smtp[11283]: 8159F1181CD: to=<ajones@harvestroad.com>, relay=mail.harvestroad.com.au[203.103.97.27], delay=327280, status=deferred (host mail.harvestroad.com.au[203.103.97.27] said: 450 <slug-bounces@slug.org.au>: Sender address rejected: Domain not found (in reply to RCPT TO command))
Jun  4 06:52:17 rusty postfix/smtp[11294]: C6650118205: to=<ajones@harvestroad.com>, relay=mail.harvestroad.com.au[203.103.97.27], delay=394473, status=deferred (host mail.harvestroad.com.au[203.103.97.27] said: 450 <slug-bounces@slug.org.au>: Sender address rejected: Domain not found (in reply to RCPT TO command))
Jun  4 06:52:17 rusty postfix/smtp[11297]: DB85C11812E: to=<ajones@harvestroad.com>, relay=mail.harvestroad.com.au[203.103.97.27], delay=136817, status=deferred (host mail.harvestroad.com.au[203.103.97.27] said: 450 <slug-bounces@slug.org.au>: Sender address rejected: Domain not found (in reply to RCPT TO command))
Jun  4 06:52:17 rusty postfix/smtp[11300]: D669411816F: to=<ajones@harvestroad.com>, relay=mail.harvestroad.com.au[203.103.97.27], delay=32768, status=deferred (host mail.harvestroad.com.au[203.103.97.27] said: 450 <slug-bounces@slug.org.au>: Sender address rejected: Domain not found (in reply to RCPT TO command))
Jun  4 06:52:27 rusty postfix/smtpd[11349]: warning: 109.80.100.38.opm.blitzed.org: RBL lookup error: Host or domain name not found. Name service error for name=109.80.100.38.opm.blitzed.org type=A: Host not found, try again
Jun  4 06:52:27 rusty postfix/smtpd[11349]: NOQUEUE: reject: RCPT from unknown[38.100.80.109]: 450 <jobs@slug.org.au>: Recipient address rejected: Greylisted for 300 seconds (see http://isg.ee.ethz.ch/tools/postgrey/help/slug.org.au.html); from=<nobody@ichvm2.incheckhost.com> to=<jobs@slug.org.au> proto=ESMTP helo=<ichvm2.incheckhost.com>
Jun  4 06:52:27 rusty postfix/smtpd[11349]: disconnect from unknown[38.100.80.109]
Jun  4 06:52:33 rusty postfix/smtpd[11168]: connect from cpe-76-172-201-236.socal.res.rr.com[76.172.201.236]
Jun  4 06:52:35 rusty postfix/smtpd[11345]: connect from pD9E25BB7.dip.t-dialin.net[217.226.91.183]
Jun  4 06:52:36 rusty postfix/smtpd[11168]: NOQUEUE: reject: RCPT from cpe-76-172-201-236.socal.res.rr.com[76.172.201.236]: 554 Service unavailable; Client host [76.172.201.236] blocked using cbl.abuseat.org; Blocked - see http://cbl.abuseat.org/lookup.cgi?ip=76.172.201.236; from=<wrkyxeenht@rr.com> to=<jobs@slug.org.au> proto=ESMTP helo=<cpe-76-172-201-236.socal.res.rr.com>
Jun  4 06:52:37 rusty postfix/smtpd[11168]: lost connection after RCPT from cpe-76-172-201-236.socal.res.rr.com[76.172.201.236]
Jun  4 06:52:37 rusty postfix/smtpd[11168]: disconnect from cpe-76-172-201-236.socal.res.rr.com[76.172.201.236]
Jun  4 06:52:47 rusty postfix/smtp[11279]: connect to none.harvestroad.com.au[203.103.97.241]: Connection timed out (port 25)
Jun  4 06:52:47 rusty postfix/smtp[11362]: connect to none.harvestroad.com.au[203.103.97.241]: Connection timed out (port 25)
Jun  4 06:52:47 rusty postfix/smtp[11283]: connect to none.harvestroad.com.au[203.103.97.241]: Connection timed out (port 25)
Jun  4 06:52:47 rusty postfix/smtp[11363]: connect to none.harvestroad.com.au[203.103.97.241]: Connection timed out (port 25)
Jun  4 06:52:47 rusty postfix/smtp[11294]: connect to none.harvestroad.com.au[203.103.97.241]: Connection timed out (port 25)
Jun  4 06:52:47 rusty postfix/smtp[11364]: connect to none.harvestroad.com.au[203.103.97.241]: Connection timed out (port 25)
Jun  4 06:52:47 rusty postfix/smtp[11297]: connect to none.harvestroad.com.au[203.103.97.241]: Connection timed out (port 25)
Jun  4 06:52:47 rusty postfix/smtp[11365]: connect to none.harvestroad.com.au[203.103.97.241]: Connection timed out (port 25)
Jun  4 06:52:52 rusty postfix/smtpd[11166]: connect from unknown[201.77.67.178]
Jun  4 06:52:54 rusty postfix/smtpd[11345]: lost connection after MAIL from pD9E25BB7.dip.t-dialin.net[217.226.91.183]
Jun  4 06:52:54 rusty postfix/smtpd[11345]: disconnect from pD9E25BB7.dip.t-dialin.net[217.226.91.183]
Jun  4 06:53:01 rusty postfix/smtpd[11166]: NOQUEUE: reject: RCPT from unknown[201.77.67.178]: 554 Service unavailable; Client host [201.77.67.178] blocked using ix.dnsbl.manitu.net; Comment:   IP address blocked, see http://ix.dnsbl.manitu.net/lookup.php?ipaddress=201.77.67.178, latest spam received via mail.ixlab.de at 2007-05-31T22:55+0200; from=<dbloom@getnoticedplus.com> to=<tgreen@slug.org.au> proto=SMTP helo=<getnoticedplus.com>
