Jun  4 06:27:17 rusty postfix/cleanup[11019]: E067F1180DF: message-id=<20070603202717.E067F1180DF@rusty.slug.org.au>
Jun  4 06:27:18 rusty postfix/local[11020]: E067F1180DF: to=<admin@slug.org.au>, orig_to=<root>, relay=local, delay=1, status=sent (delivered to command: /var/lib/mailman/mail/mailman post admin)
Jun  4 06:27:19 rusty spamd[19590]: spamd: connection from localhost.localdomain [127.0.0.1] at port 48902 
Jun  4 06:27:20 rusty spamd[19590]: spamd: checking message <20070603202717.E067F1180DF@rusty.slug.org.au> for admin:1011 
Jun  4 06:27:22 rusty spamd[19590]: spamd: identified spam (5.9/5.0) for admin:1011 in 2.8 seconds, 844 bytes. 
Jun  4 06:27:22 rusty spamd[19590]: spamd: result: Y  5 - AWL,BAYES_00,NO_RELAYS scantime=2.8,size=844,user=admin,uid=1011,required_score=5.0,rhost=localhost.localdomain,raddr=127.0.0.1,rport=48902,mid=<20070603202717.E067F1180DF@rusty.slug.org.au>,bayes=8.57147686161852e-13,autolearn=no 
Jun  4 06:27:22 rusty spamd[1026]: prefork: child states: II 
Jun  4 06:27:24 rusty postfix/smtpd[11022]: connect from localhost.localdomain[127.0.0.1]
Jun  4 06:27:24 rusty postfix/smtpd[11022]: BA25C1180DF: client=localhost.localdomain[127.0.0.1]
Jun  4 06:27:24 rusty postfix/cleanup[11019]: BA25C1180DF: message-id=<mailman.577.1180902442.1084.admin@slug.org.au>
Jun  4 06:27:24 rusty postfix/smtpd[11022]: disconnect from localhost.localdomain[127.0.0.1]
Jun  4 06:27:24 rusty postfix/smtpd[11022]: connect from localhost.localdomain[127.0.0.1]
Jun  4 06:27:24 rusty postfix/smtpd[11022]: E40EA118174: client=localhost.localdomain[127.0.0.1]
Jun  4 06:27:24 rusty postfix/cleanup[11019]: E40EA118174: message-id=<mailman.578.1180902442.1084.admin@slug.org.au>
Jun  4 06:27:24 rusty spamd[19590]: spamd: connection from localhost.localdomain [127.0.0.1] at port 48905 
Jun  4 06:27:24 rusty spamd[19590]: spamd: checking message <mailman.577.1180902442.1084.admin@slug.org.au> for admin:1011 
Jun  4 06:27:24 rusty postfix/local[11020]: BA25C1180DF: to=<admin@slug.org.au>, orig_to=<root@rusty.slug.org.au>, relay=local, delay=0, status=sent (delivered to command: /var/lib/mailman/mail/mailman post admin)
Jun  4 06:27:24 rusty postfix/smtpd[11022]: disconnect from localhost.localdomain[127.0.0.1]
Jun  4 06:27:25 rusty postfix/local[11020]: E40EA118174: to=<admin-owner@slug.org.au>, relay=local, delay=1, status=sent (delivered to command: /var/lib/mailman/mail/mailman owner admin)
Jun  4 06:27:26 rusty spamd[19590]: spamd: clean message (-3.6/5.0) for admin:1011 in 1.4 seconds, 1484 bytes. 
Jun  4 06:27:26 rusty spamd[19590]: spamd: result: . -3 - ALL_TRUSTED,AWL,BAYES_00,NO_REAL_NAME scantime=1.4,size=1484,user=admin,uid=1011,required_score=5.0,rhost=localhost.localdomain,raddr=127.0.0.1,rport=48905,mid=<mailman.577.1180902442.1084.admin@slug.org.au>,bayes=0,autolearn=ham 
Jun  4 06:27:26 rusty spamd[1026]: prefork: child states: II 
Jun  4 06:27:26 rusty postfix/smtpd[11022]: connect from localhost.localdomain[127.0.0.1]
Jun  4 06:27:27 rusty postfix/smtpd[11022]: F3E921180DF: client=localhost.localdomain[127.0.0.1]
Jun  4 06:27:27 rusty postfix/cleanup[11019]: F3E921180DF: message-id=<mailman.578.1180902442.1084.admin@slug.org.au>
Jun  4 06:27:27 rusty postfix/smtpd[11022]: disconnect from localhost.localdomain[127.0.0.1]
Jun  4 06:27:27 rusty postfix/cleanup[11025]: 088C9118174: message-id=<mailman.578.1180902442.1084.admin@slug.org.au>
Jun  4 06:27:27 rusty postfix/local[11020]: F3E921180DF: to=<ctd@slug.org.au>, relay=local, delay=1, status=sent (forwarded as 088C9118174)
Jun  4 06:27:31 rusty postfix/smtp[11026]: 088C9118174: to=<chris@ctd.id.au>, orig_to=<ctd@slug.org.au>, relay=ASPMX.L.GOOGLE.COM[209.85.147.27], delay=4, status=sent (250 2.0.0 OK 1180901940 n32si4416136wag)
Jun  4 06:28:38 rusty postfix/smtpd[11022]: connect from adsl-75-16-175-105.dsl.chmpil.sbcglobal.net[75.16.175.105]
Jun  4 06:28:41 rusty postfix/smtpd[11022]: NOQUEUE: reject: RCPT from adsl-75-16-175-105.dsl.chmpil.sbcglobal.net[75.16.175.105]: 554 Service unavailable; Client host [75.16.175.105] blocked using cbl.abuseat.org; Blocked - see http://cbl.abuseat.org/lookup.cgi?ip=75.16.175.105; from=<ibulksale.com@kcsouth.com> to=<vp@slug.org.au> proto=SMTP helo=<localhost>
Jun  4 06:28:41 rusty postfix/smtpd[11022]: lost connection after RCPT from adsl-75-16-175-105.dsl.chmpil.sbcglobal.net[75.16.175.105]
Jun  4 06:28:41 rusty postfix/smtpd[11022]: disconnect from adsl-75-16-175-105.dsl.chmpil.sbcglobal.net[75.16.175.105]
Jun  4 06:29:31 rusty postfix/smtpd[11022]: connect from p508fe65d.dip.t-dialin.net[80.143.230.93]
Jun  4 06:29:42 rusty postfix/smtpd[11036]: connect from ip-140-158-31.phx.extremezone.com[64.140.158.31]
Jun  4 06:29:49 rusty postfix/smtpd[11022]: warning: 93.230.143.80.relays.ordb.org: RBL lookup error: Host or domain name not found. Name service error for name=93.230.143.80.relays.ordb.org type=A: Host not found, try again
Jun  4 06:29:54 rusty postfix/smtpd[11037]: connect from unknown[89.120.132.137]
Jun  4 06:30:04 rusty postfix/smtpd[11036]: warning: 31.158.140.64.relays.ordb.org: RBL lookup error: Host or domain name not found. Name service error for name=31.158.140.64.relays.ordb.org type=A: Host not found, try again
Jun  4 06:30:08 rusty postfix/smtpd[11037]: warning: 137.132.120.89.relays.ordb.org: RBL lookup error: Host or domain name not found. Name service error for name=137.132.120.89.relays.ordb.org type=A: Host not found, try again
Jun  4 06:30:09 rusty postfix/smtpd[11022]: warning: 93.230.143.80.opm.blitzed.org: RBL lookup error: Host or domain name not found. Name service error for name=93.230.143.80.opm.blitzed.org type=A: Host not found, try again
Jun  4 06:30:09 rusty postfix/smtpd[11022]: NOQUEUE: reject: RCPT from p508fe65d.dip.t-dialin.net[80.143.230.93]: 450 <100-event@slug.org.au>: Recipient address rejected: Greylisted for 300 seconds (see http://isg.ee.ethz.ch/tools/postgrey/help/slug.org.au.html); from=<suykpch@t-dialin.net> to=<100-event@slug.org.au> proto=ESMTP helo=<p508FE65D.dip.t-dialin.net>
Jun  4 06:30:09 rusty postfix/smtpd[11022]: lost connection after RCPT from p508fe65d.dip.t-dialin.net[80.143.230.93]
Jun  4 06:30:09 rusty postfix/smtpd[11022]: disconnect from p508fe65d.dip.t-dialin.net[80.143.230.93]
Jun  4 06:30:22 rusty postfix/smtpd[11022]: connect from unknown[210.97.228.115]
Jun  4 06:30:24 rusty postfix/smtpd[11036]: warning: 31.158.140.64.opm.blitzed.org: RBL lookup error: Host or domain name not found. Name service error for name=31.158.140.64.opm.blitzed.org type=A: Host not found, try again
Jun  4 06:30:24 rusty postfix/smtpd[11036]: E16A01180DF: client=ip-140-158-31.phx.extremezone.com[64.140.158.31]
Jun  4 06:30:27 rusty postfix/smtpd[11022]: NOQUEUE: reject: RCPT from unknown[210.97.228.115]: 554 Service unavailable; Client host [210.97.228.115] blocked using ix.dnsbl.manitu.net; Comment:   IP address blocked, see http://ix.dnsbl.manitu.net/lookup.php?ipaddress=210.97.228.115, latest spam received via mx25.web.de at 2007-06-03T08:09+0200; from=<aafisherville@flsq.com.au> to=<c5fj2fafi2hj86h5@slug.org.au> proto=SMTP helo=<flsq.com.au>
Jun  4 06:30:27 rusty postfix/smtpd[11022]: lost connection after RCPT from unknown[210.97.228.115]
Jun  4 06:30:27 rusty postfix/smtpd[11022]: disconnect from unknown[210.97.228.115]
Jun  4 06:30:28 rusty postfix/smtpd[11037]: warning: 137.132.120.89.opm.blitzed.org: RBL lookup error: Host or domain name not found. Name service error for name=137.132.120.89.opm.blitzed.org type=A: Host not found, try again
Jun  4 06:30:28 rusty postfix/smtpd[11037]: NOQUEUE: reject: RCPT from unknown[89.120.132.137]: 450 <amusig-request@slug.org.au>: Recipient address rejected: Greylisted for 300 seconds (see http://isg.ee.ethz.ch/tools/postgrey/help/slug.org.au.html); from=<oberlin@jrue.com> to=<amusig-request@slug.org.au> proto=SMTP helo=<jrue.com>
Jun  4 06:30:28 rusty postfix/smtpd[11037]: lost connection after RCPT from unknown[89.120.132.137]
Jun  4 06:30:28 rusty postfix/smtpd[11037]: disconnect from unknown[89.120.132.137]
Jun  4 06:30:55 rusty postfix/smtpd[11022]: connect from unknown[122.198.27.206]
Jun  4 06:31:10 rusty postfix/smtpd[11022]: warning: 206.27.198.122.relays.ordb.org: RBL lookup error: Host or domain name not found. Name service error for name=206.27.198.122.relays.ordb.org type=A: Host not found, try again
Jun  4 06:31:30 rusty postfix/smtpd[11022]: warning: 206.27.198.122.opm.blitzed.org: RBL lookup error: Host or domain name not found. Name service error for name=206.27.198.122.opm.blitzed.org type=A: Host not found, try again
Jun  4 06:31:30 rusty postfix/smtpd[11022]: NOQUEUE: reject: RCPT from unknown[122.198.27.206]: 450 <885c@maddog.slug.org.au>: Recipient address rejected: Greylisted for 300 seconds (see http://isg.ee.ethz.ch/tools/postgrey/help/maddog.slug.org.au.html); from=<sujing8999@126.com> to=<885c@maddog.slug.org.au> proto=ESMTP helo=<126.com>
Jun  4 06:31:31 rusty postfix/smtpd[11022]: disconnect from unknown[122.198.27.206]
Jun  4 06:32:09 rusty postfix/smtpd[11022]: connect from c-69-138-150-66.hsd1.tn.comcast.net[69.138.150.66]
Jun  4 06:32:17 rusty postfix/smtpd[11022]: NOQUEUE: reject: RCPT from c-69-138-150-66.hsd1.tn.comcast.net[69.138.150.66]: 554 Service unavailable; Client host [69.138.150.66] blocked using cbl.abuseat.org; Blocked - see http://cbl.abuseat.org/lookup.cgi?ip=69.138.150.66; from=<swedishfrenchpr.com@ydyt.com> to=<mailadmin@slug.org.au> proto=SMTP helo=<localhost>
Jun  4 06:32:17 rusty postfix/smtpd[11022]: lost connection after RCPT from c-69-138-150-66.hsd1.tn.comcast.net[69.138.150.66]
Jun  4 06:32:17 rusty postfix/smtpd[11022]: disconnect from c-69-138-150-66.hsd1.tn.comcast.net[69.138.150.66]
Jun  4 06:32:18 rusty postfix/smtpd[11054]: warning: 38.100.80.109: address not listed for hostname ichvm1.incheckhost.com
Jun  4 06:32:18 rusty postfix/smtpd[11054]: connect from unknown[38.100.80.109]
Jun  4 06:32:36 rusty postfix/smtpd[11022]: warning: 38.100.80.109: address not listed for hostname ichvm1.incheckhost.com
Jun  4 06:32:36 rusty postfix/smtpd[11022]: connect from unknown[38.100.80.109]
Jun  4 06:32:37 rusty postfix/smtpd[11054]: warning: 109.80.100.38.relays.ordb.org: RBL lookup error: Host or domain name not found. Name service error for name=109.80.100.38.relays.ordb.org type=A: Host not found, try again
Jun  4 06:32:47 rusty postfix/smtpd[11022]: warning: 109.80.100.38.relays.ordb.org: RBL lookup error: Host or domain name not found. Name service error for name=109.80.100.38.relays.ordb.org type=A: Host not found, try again
Jun  4 06:32:56 rusty postfix/smtp[11067]: 29FD0118216: to=<marauder@progsoc.uts.edu.au>, relay=incubus.progsoc.uts.edu.au[138.25.6.7], delay=290400, status=deferred (host incubus.progsoc.uts.edu.au[138.25.6.7] said: 451 Temporary local problem - please try later (in reply to RCPT TO command))
Jun  4 06:32:56 rusty postfix/smtp[11067]: 29FD0118216: to=<wildfire@progsoc.uts.edu.au>, relay=incubus.progsoc.uts.edu.au[138.25.6.7], delay=290400, status=deferred (host incubus.progsoc.uts.edu.au[138.25.6.7] said: 451 Temporary local problem - please try later (in reply to RCPT TO command))
Jun  4 06:32:56 rusty postfix/smtp[11071]: 68F44118219: to=<marauder@progsoc.uts.edu.au>, relay=incubus.progsoc.uts.edu.au[138.25.6.7], delay=289197, status=deferred (host incubus.progsoc.uts.edu.au[138.25.6.7] said: 451 Temporary local problem - please try later (in reply to RCPT TO command))
Jun  4 06:32:56 rusty postfix/smtp[11071]: 68F44118219: to=<wildfire@progsoc.uts.edu.au>, relay=incubus.progsoc.uts.edu.au[138.25.6.7], delay=289197, status=deferred (host incubus.progsoc.uts.edu.au[138.25.6.7] said: 451 Temporary local problem - please try later (in reply to RCPT TO command))
Jun  4 06:32:57 rusty postfix/smtpd[11054]: warning: 109.80.100.38.opm.blitzed.org: RBL lookup error: Host or domain name not found. Name service error for name=109.80.100.38.opm.blitzed.org type=A: Host not found, try again
Jun  4 06:32:57 rusty postfix/smtpd[11054]: NOQUEUE: reject: RCPT from unknown[38.100.80.109]: 450 <jobs-admin@slug.org.au>: Recipient address rejected: Greylisted for 300 seconds (see http://isg.ee.ethz.ch/tools/postgrey/help/slug.org.au.html); from=<nobody@ichvm2.incheckhost.com> to=<jobs-admin@slug.org.au> proto=ESMTP helo=<ichvm2.incheckhost.com>
Jun  4 06:32:57 rusty postfix/smtpd[11054]: disconnect from unknown[38.100.80.109]
Jun  4 06:32:58 rusty postfix/smtp[11069]: 29498118188: to=<netsnipe_ml@optusnet.com.au>, relay=mail.optusnet.com.au[211.29.132.250], delay=30049, status=deferred (host mail.optusnet.com.au[211.29.132.250] said: 452 4.2.2 <netsnipe_ml@optusnet.com.au>... Mailbox full (in reply to RCPT TO command))
Jun  4 06:32:58 rusty postfix/smtp[11069]: 29498118188: to=<pintail@optusnet.com.au>, relay=mail.optusnet.com.au[211.29.132.250], delay=30049, status=deferred (host mail.optusnet.com.au[211.29.132.250] said: 452 4.2.2 <pintail@optusnet.com.au>... Mailbox full (in reply to RCPT TO command))
Jun  4 06:32:58 rusty postfix/smtp[11072]: A63F7118155: to=<netsnipe_ml@optusnet.com.au>, relay=mail.optusnet.com.au[211.29.132.250], delay=47073, status=deferred (host mail.optusnet.com.au[211.29.132.250] said: 452 4.2.2 <netsnipe_ml@optusnet.com.au>... Mailbox full (in reply to RCPT TO command))
Jun  4 06:32:58 rusty postfix/smtp[11072]: A63F7118155: to=<pintail@optusnet.com.au>, relay=mail.optusnet.com.au[211.29.132.250], delay=47073, status=deferred (host mail.optusnet.com.au[211.29.132.250] said: 452 4.2.2 <pintail@optusnet.com.au>... Mailbox full (in reply to RCPT TO command))
Jun  4 06:32:59 rusty postfix/smtp[11068]: connect to mic.icafe.com.au[60.242.158.40]: No route to host (port 25)
Jun  4 06:32:59 rusty postfix/smtp[11068]: 29498118188: to=<donohueb@icafe.com.au>, relay=none, delay=30050, status=deferred (connect to mic.icafe.com.au[60.242.158.40]: No route to host)
Jun  4 06:33:03 rusty postfix/smtpd[11054]: connect from unknown[195.5.63.186]
Jun  4 06:33:07 rusty postfix/smtpd[11022]: warning: 109.80.100.38.opm.blitzed.org: RBL lookup error: Host or domain name not found. Name service error for name=109.80.100.38.opm.blitzed.org type=A: Host not found, try again
Jun  4 06:33:07 rusty postfix/smtpd[11022]: NOQUEUE: reject: RCPT from unknown[38.100.80.109]: 450 <jobs-request@slug.org.au>: Recipient address rejected: Greylisted for 300 seconds (see http://isg.ee.ethz.ch/tools/postgrey/help/slug.org.au.html); from=<nobody@ichvm2.incheckhost.com> to=<jobs-request@slug.org.au> proto=ESMTP helo=<ichvm2.incheckhost.com>
Jun  4 06:33:07 rusty postfix/smtpd[11022]: disconnect from unknown[38.100.80.109]
Jun  4 06:33:10 rusty postfix/smtpd[11054]: NOQUEUE: reject: RCPT from unknown[195.5.63.186]: 554 Service unavailable; Client host [195.5.63.186] blocked using cbl.abuseat.org; Blocked - see http://cbl.abuseat.org/lookup.cgi?ip=195.5.63.186; from=<hangover672@infoseek.jp> to=<announce@slug.org.au> proto=SMTP helo=<SERVER-ZAVOD>
Jun  4 06:33:11 rusty postfix/smtpd[11054]: disconnect from unknown[195.5.63.186]
Jun  4 06:33:14 rusty postfix/smtpd[11022]: connect from pool-71-251-71-241.tampfl.fios.verizon.net[71.251.71.241]
Jun  4 06:33:24 rusty postfix/smtpd[11022]: NOQUEUE: reject: RCPT from pool-71-251-71-241.tampfl.fios.verizon.net[71.251.71.241]: 554 Service unavailable; Client host [71.251.71.241] blocked using cbl.abuseat.org; Blocked - see http://cbl.abuseat.org/lookup.cgi?ip=71.251.71.241; from=<healthystartdirect.com@littlegreenfish.com> to=<y@slug.org.au> proto=SMTP helo=<localhost>
Jun  4 06:33:25 rusty postfix/smtpd[11022]: lost connection after RCPT from pool-71-251-71-241.tampfl.fios.verizon.net[71.251.71.241]
Jun  4 06:33:25 rusty postfix/smtpd[11022]: disconnect from pool-71-251-71-241.tampfl.fios.verizon.net[71.251.71.241]
Jun  4 06:33:26 rusty postfix/smtp[11062]: connect to none.harvestroad.com.au[203.103.97.241]: Connection timed out (port 25)
Jun  4 06:33:26 rusty postfix/smtp[11063]: connect to none.harvestroad.com.au[203.103.97.241]: Connection timed out (port 25)
Jun  4 06:33:26 rusty postfix/smtp[11065]: connect to none.harvestroad.com.au[203.103.97.241]: Connection timed out (port 25)
Jun  4 06:33:26 rusty postfix/smtp[11066]: connect to none.harvestroad.com.au[203.103.97.241]: Connection timed out (port 25)
Jun  4 06:33:26 rusty postfix/smtp[11070]: connect to none.harvestroad.com.au[203.103.97.241]: Connection timed out (port 25)
Jun  4 06:33:27 rusty postfix/smtp[11064]: connect to dmhosting.g.ysm.yahoo.com[72.30.33.102]: Connection timed out (port 25)
Jun  4 06:33:27 rusty postfix/smtp[11064]: 9AADA1181FB: to=<aaaa@aaaaaa.com>, relay=none, delay=232011, status=deferred (connect to dmhosting.g.ysm.yahoo.com[72.30.33.102]: Connection timed out)
Jun  4 06:33:40 rusty postfix/smtpd[11022]: connect from pool-71-96-169-57.dfw.dsl-w.verizon.net[71.96.169.57]
Jun  4 06:33:42 rusty postfix/smtpd[11076]: warning: 88.233.159.245: hostname dsl88-233-40949.ttnet.net.tr verification failed: Name or service not known
Jun  4 06:33:42 rusty postfix/smtpd[11076]: connect from unknown[88.233.159.245]
Jun  4 06:33:43 rusty postfix/smtpd[11054]: connect from gateway.funcionpublica.gob.mx[200.34.175.4]
Jun  4 06:33:43 rusty postfix/smtpd[11075]: connect from gateway.funcionpublica.gob.mx[200.34.175.4]
Jun  4 06:33:44 rusty postfix/smtpd[11022]: NOQUEUE: reject: RCPT from pool-71-96-169-57.dfw.dsl-w.verizon.net[71.96.169.57]: 554 Service unavailable; Client host [71.96.169.57] blocked using cbl.abuseat.org; Blocked - see http://cbl.abuseat.org/lookup.cgi?ip=71.96.169.57; from=<hkblanch@kuririnmail.com> to=<ankletssensitively@slug.org.au> proto=SMTP helo=<pool-71-96-169-57.dfw.dsl-w.verizon.net>
Jun  4 06:33:44 rusty postfix/smtpd[11022]: lost connection after RCPT from pool-71-96-169-57.dfw.dsl-w.verizon.net[71.96.169.57]
Jun  4 06:33:44 rusty postfix/smtpd[11022]: disconnect from pool-71-96-169-57.dfw.dsl-w.verizon.net[71.96.169.57]
Jun  4 06:33:45 rusty postfix/smtpd[11076]: NOQUEUE: reject: RCPT from unknown[88.233.159.245]: 554 Service unavailable; Client host [88.233.159.245] blocked using cbl.abuseat.org; Blocked - see http://cbl.abuseat.org/lookup.cgi?ip=88.233.159.245; from=<umaran.com@littlesproutsdaycare.com> to=<secretary@slug.org.au> proto=SMTP helo=<localhost>
Jun  4 06:33:45 rusty postfix/smtpd[11076]: lost connection after RCPT from unknown[88.233.159.245]
Jun  4 06:33:45 rusty postfix/smtpd[11076]: disconnect from unknown[88.233.159.245]
Jun  4 06:33:56 rusty postfix/smtpd[11054]: warning: 4.175.34.200.relays.ordb.org: RBL lookup error: Host or domain name not found. Name service error for name=4.175.34.200.relays.ordb.org type=A: Host not found, try again
Jun  4 06:33:56 rusty postfix/smtpd[11075]: warning: 4.175.34.200.relays.ordb.org: RBL lookup error: Host or domain name not found. Name service error for name=4.175.34.200.relays.ordb.org type=A: Host not found, try again
Jun  4 06:34:05 rusty postfix/smtpd[11022]: connect from unknown[84.228.167.233]
Jun  4 06:34:09 rusty postfix/smtpd[11076]: connect from unknown[88.245.28.74]
Jun  4 06:34:09 rusty postfix/smtpd[11076]: lost connection after CONNECT from unknown[88.245.28.74]
Jun  4 06:34:09 rusty postfix/smtpd[11076]: disconnect from unknown[88.245.28.74]
Jun  4 06:34:10 rusty postfix/smtpd[11076]: warning: 201.240.194.93: hostname client-201.240.194.93.speedy.net.pe verification failed: Name or service not known
Jun  4 06:34:10 rusty postfix/smtpd[11076]: connect from unknown[201.240.194.93]
Jun  4 06:34:12 rusty postfix/smtpd[11022]: NOQUEUE: reject: RCPT from unknown[84.228.167.233]: 554 Service unavailable; Client host [84.228.167.233] blocked using cbl.abuseat.org; Blocked - see http://cbl.abuseat.org/lookup.cgi?ip=84.228.167.233; from=<fdzauthoritative@mail2online.com> to=<scandinaviansabdomens@slug.org.au> proto=SMTP helo=<mail2online.com>
Jun  4 06:34:13 rusty postfix/smtpd[11022]: lost connection after RCPT from unknown[84.228.167.233]
Jun  4 06:34:13 rusty postfix/smtpd[11022]: disconnect from unknown[84.228.167.233]
Jun  4 06:34:16 rusty postfix/smtpd[11054]: warning: 4.175.34.200.opm.blitzed.org: RBL lookup error: Host or domain name not found. Name service error for name=4.175.34.200.opm.blitzed.org type=A: Host not found, try again
Jun  4 06:34:16 rusty postfix/smtpd[11075]: warning: 4.175.34.200.opm.blitzed.org: RBL lookup error: Host or domain name not found. Name service error for name=4.175.34.200.opm.blitzed.org type=A: Host not found, try again
Jun  4 06:34:16 rusty postfix/smtpd[11075]: D70D4118174: client=gateway.funcionpublica.gob.mx[200.34.175.4]
Jun  4 06:34:16 rusty postfix/smtpd[11054]: D728D118177: client=gateway.funcionpublica.gob.mx[200.34.175.4]
Jun  4 06:34:17 rusty postfix/cleanup[11093]: D70D4118174: message-id=<5HgComKbD000421c3@SFPOWA.sfp.gob.mx>
Jun  4 06:34:18 rusty postfix/cleanup[11092]: D728D118177: message-id=<hBiHnmnmP000421c4@SFPOWA.sfp.gob.mx>
Jun  4 06:34:18 rusty postfix/local[11094]: D70D4118174: to=<slug-bounces@slug.org.au>, relay=local, delay=35, status=sent (delivered to command: /var/lib/mailman/mail/mailman bounces slug)
Jun  4 06:34:18 rusty postfix/smtpd[11075]: disconnect from gateway.funcionpublica.gob.mx[200.34.175.4]
Jun  4 06:34:18 rusty postfix/local[11094]: D728D118177: to=<slug-bounces@slug.org.au>, relay=local, delay=35, status=sent (delivered to command: /var/lib/mailman/mail/mailman bounces slug)
Jun  4 06:34:19 rusty postfix/smtpd[11054]: disconnect from gateway.funcionpublica.gob.mx[200.34.175.4]
Jun  4 06:34:36 rusty postfix/smtpd[11022]: connect from carbine.dsl.net[65.84.81.3]
Jun  4 06:34:36 rusty postgrey[2159]: delayed 35695 seconds: client=carbine.dsl.net, from=poste@dsl.net, to=announce@slug.org.au 
Jun  4 06:34:48 rusty postfix/smtpd[11022]: warning: 3.81.84.65.relays.ordb.org: RBL lookup error: Host or domain name not found. Name service error for name=3.81.84.65.relays.ordb.org type=A: Host not found, try again
Jun  4 06:34:49 rusty postfix/smtpd[11075]: connect from red-corp-200.76.251.120.telnor.net[200.76.251.120]
Jun  4 06:34:50 rusty postfix/smtpd[11075]: NOQUEUE: reject: RCPT from red-corp-200.76.251.120.telnor.net[200.76.251.120]: 554 Service unavailable; Client host [200.76.251.120] blocked using dnsbl.njabl.org; 1063678802; from=<sales@constructioncbeauchesne.com> to=<lindsay@slug.org.au> proto=SMTP helo=<red-corp-200.76.251.120.telnor.net>
Jun  4 06:34:51 rusty postfix/smtpd[11075]: lost connection after RCPT from red-corp-200.76.251.120.telnor.net[200.76.251.120]
Jun  4 06:34:51 rusty postfix/smtpd[11075]: disconnect from red-corp-200.76.251.120.telnor.net[200.76.251.120]
Jun  4 06:34:53 rusty postfix/smtpd[11054]: connect from 201-94-167-148.botucatu.flash.tv.br[201.94.167.148]
Jun  4 06:35:01 rusty postfix/smtpd[11054]: NOQUEUE: reject: RCPT from 201-94-167-148.botucatu.flash.tv.br[201.94.167.148]: 554 Service unavailable; Client host [201.94.167.148] blocked using cbl.abuseat.org; Blocked - see http://cbl.abuseat.org/lookup.cgi?ip=201.94.167.148; from=<xexcensure@jetable.com> to=<announce-request@slug.org.au> proto=SMTP helo=<jetable.com>
Jun  4 06:35:02 rusty postfix/smtpd[11054]: lost connection after RCPT from 201-94-167-148.botucatu.flash.tv.br[201.94.167.148]
Jun  4 06:35:02 rusty postfix/smtpd[11054]: disconnect from 201-94-167-148.botucatu.flash.tv.br[201.94.167.148]
Jun  4 06:35:08 rusty postfix/smtpd[11022]: warning: 3.81.84.65.opm.blitzed.org: RBL lookup error: Host or domain name not found. Name service error for name=3.81.84.65.opm.blitzed.org type=A: Host not found, try again
Jun  4 06:35:08 rusty postfix/smtpd[11022]: 6CF9A118174: client=carbine.dsl.net[65.84.81.3]
Jun  4 06:35:08 rusty postfix/cleanup[11093]: 6CF9A118174: message-id=<20070603201909.C6ABC30004@carbine.dsl.net>
Jun  4 06:35:08 rusty postfix/smtpd[11022]: disconnect from carbine.dsl.net[65.84.81.3]
Jun  4 06:35:09 rusty postfix/local[11094]: 6CF9A118174: to=<announce@slug.org.au>, relay=local, delay=33, status=sent (delivered to command: /var/lib/mailman/mail/mailman post announce)
Jun  4 06:35:09 rusty postfix/local[11094]: 6CF9A118174: to=<announce@slug.org.au>, relay=local, delay=33, status=sent (delivered to command: /var/lib/mailman/mail/mailman post slug)
Jun  4 06:35:09 rusty spamd[19590]: spamd: connection from localhost.localdomain [127.0.0.1] at port 48682 
Jun  4 06:35:09 rusty spamd[19590]: spamd: checking message <20070603201909.C6ABC30004@carbine.dsl.net> for announce:1011 
Jun  4 06:35:09 rusty postfix/smtpd[11075]: warning: 85.155.151.25: hostname 25-151-155-85.user.auna.net verification failed: Name or service not known
Jun  4 06:35:09 rusty postfix/smtpd[11075]: connect from unknown[85.155.151.25]
Jun  4 06:35:10 rusty spamd[19590]: Can't locate Sys/Hostname/Long.pm in @INC (@INC contains: ../lib /usr/share/perl5 /etc/perl /usr/local/lib/perl/5.8.7 /usr/local/share/perl/5.8.7 /usr/lib/perl5 /usr/lib/perl/5.8 /usr/share/perl/5.8 /usr/local/lib/site_perl) at /usr/share/perl5/Mail/SPF/Query.pm line 336, <GEN318> line 81. 
Jun  4 06:35:10 rusty spamd[19590]: Can't locate Sys/Hostname/Long.pm in @INC (@INC contains: ../lib /usr/share/perl5 /etc/perl /usr/local/lib/perl/5.8.7 /usr/local/share/perl/5.8.7 /usr/lib/perl5 /usr/lib/perl/5.8 /usr/share/perl/5.8 /usr/local/lib/site_perl) at /usr/share/perl5/Mail/SPF/Query.pm line 336, <GEN318> line 81. 
Jun  4 06:35:19 rusty postfix/smtpd[11075]: NOQUEUE: reject: RCPT from unknown[85.155.151.25]: 554 Service unavailable; Client host [85.155.151.25] blocked using cbl.abuseat.org; Blocked - see http://cbl.abuseat.org/lookup.cgi?ip=85.155.151.25; from=<sales@iksli.com> to=<lindsay@slug.org.au> proto=SMTP helo=<dani-493ec29fd3>
Jun  4 06:35:20 rusty spamd[19590]: spamd: identified spam (17.5/5.0) for announce:1011 in 10.5 seconds, 2704 bytes. 
Jun  4 06:35:20 rusty spamd[19590]: spamd: result: Y 17 - AWL,BAYES_99,FORGED_MUA_OUTLOOK,FORGED_OUTLOOK_HTML,FRONTPAGE,HTML_MESSAGE,MIME_HTML_ONLY,UNDISC_RECIPS scantime=10.5,size=2704,user=announce,uid=1011,required_score=5.0,rhost=localhost.localdomain,raddr=127.0.0.1,rport=48682,mid=<20070603201909.C6ABC30004@carbine.dsl.net>,bayes=1,autolearn=no 
Jun  4 06:35:20 rusty postfix/smtpd[11075]: lost connection after RCPT from unknown[85.155.151.25]
Jun  4 06:35:20 rusty postfix/smtpd[11075]: disconnect from unknown[85.155.151.25]
Jun  4 06:35:20 rusty spamd[1026]: prefork: child states: II 
Jun  4 06:35:20 rusty spamd[19590]: spamd: connection from localhost.localdomain [127.0.0.1] at port 48684 
Jun  4 06:35:20 rusty spamd[19590]: spamd: checking message <20070603201909.C6ABC30004@carbine.dsl.net> for slug:1011 
Jun  4 06:35:20 rusty spamd[19590]: Can't locate Sys/Hostname/Long.pm in @INC (@INC contains: ../lib /usr/share/perl5 /etc/perl /usr/local/lib/perl/5.8.7 /usr/local/share/perl/5.8.7 /usr/lib/perl5 /usr/lib/perl/5.8 /usr/share/perl/5.8 /usr/local/lib/site_perl) at /usr/share/perl5/Mail/SPF/Query.pm line 336, <GEN322> line 81. 
Jun  4 06:35:20 rusty spamd[19590]: Can't locate Sys/Hostname/Long.pm in @INC (@INC contains: ../lib /usr/share/perl5 /etc/perl /usr/local/lib/perl/5.8.7 /usr/local/share/perl/5.8.7 /usr/lib/perl5 /usr/lib/perl/5.8 /usr/share/perl/5.8 /usr/local/lib/site_perl) at /usr/share/perl5/Mail/SPF/Query.pm line 336, <GEN322> line 81. 
Jun  4 06:35:20 rusty spamd[19590]: spamd: identified spam (18.0/5.0) for slug:1011 in 0.4 seconds, 2704 bytes. 
Jun  4 06:35:20 rusty spamd[19590]: spamd: result: Y 18 - AWL,BAYES_99,FORGED_MUA_OUTLOOK,FORGED_OUTLOOK_HTML,FRONTPAGE,HTML_MESSAGE,MIME_HTML_ONLY,RCVD_IN_BL_SPAMCOP_NET,RCVD_IN_NJABL_PROXY,UNDISC_RECIPS scantime=0.4,size=2704,user=slug,uid=1011,required_score=5.0,rhost=localhost.localdomain,raddr=127.0.0.1,rport=48684,mid=<20070603201909.C6ABC30004@carbine.dsl.net>,bayes=1,autolearn=no 
Jun  4 06:35:20 rusty spamd[1026]: prefork: child states: II 
Jun  4 06:35:20 rusty postfix/smtpd[11054]: connect from unknown[211.139.95.23]
Jun  4 06:35:24 rusty postfix/smtpd[11036]: timeout after RCPT from ip-140-158-31.phx.extremezone.com[64.140.158.31]
Jun  4 06:35:24 rusty postfix/smtpd[11036]: disconnect from ip-140-158-31.phx.extremezone.com[64.140.158.31]
Jun  4 06:35:29 rusty postfix/smtpd[11054]: NOQUEUE: reject: RCPT from unknown[211.139.95.23]: 554 Service unavailable; Client host [211.139.95.23] blocked using cbl.abuseat.org; Blocked - see http://cbl.abuseat.org/lookup.cgi?ip=211.139.95.23; from=<sanaplasmosis@deathstar2.co.uk> to=<sg@slug.org.au> proto=SMTP helo=<deathstar2.co.uk>
Jun  4 06:35:29 rusty postfix/smtpd[11054]: lost connection after RCPT from unknown[211.139.95.23]
Jun  4 06:35:29 rusty postfix/smtpd[11054]: disconnect from unknown[211.139.95.23]
Jun  4 06:35:36 rusty postfix/smtpd[11075]: connect from gcy242.internetdsl.tpnet.pl[83.12.76.242]
Jun  4 06:35:36 rusty postfix/smtp[11063]: 7ED5A118197: to=<ajones@harvestroad.com>, relay=mail.harvestroad.com.au[203.103.97.27], delay=24920, status=deferred (host mail.harvestroad.com.au[203.103.97.27] said: 450 <slug-bounces@slug.org.au>: Sender address rejected: Domain not found (in reply to RCPT TO command))
Jun  4 06:35:36 rusty postfix/smtp[11065]: 9ECA51181BA: to=<ajones@harvestroad.com>, relay=mail.harvestroad.com.au[203.103.97.27], delay=404438, status=deferred (host mail.harvestroad.com.au[203.103.97.27] said: 450 <slug-bounces@slug.org.au>: Sender address rejected: Domain not found (in reply to RCPT TO command))
Jun  4 06:35:36 rusty postfix/smtp[11062]: 78835118138: to=<ajones@harvestroad.com>, relay=mail.harvestroad.com.au[203.103.97.27], delay=47231, status=deferred (host mail.harvestroad.com.au[203.103.97.27] said: 450 <slug-bounces@slug.org.au>: Sender address rejected: Domain not found (in reply to RCPT TO command))
Jun  4 06:35:37 rusty postfix/smtp[11066]: 35F0A1181AF: to=<ajones@harvestroad.com>, relay=mail.harvestroad.com.au[203.103.97.27], delay=411851, status=deferred (host mail.harvestroad.com.au[203.103.97.27] said: 450 <slug-bounces@slug.org.au>: Sender address rejected: Domain not found (in reply to RCPT TO command))
Jun  4 06:35:37 rusty postfix/smtp[11070]: 092E511820B: to=<ajones@harvestroad.com>, relay=mail.harvestroad.com.au[203.103.97.27], delay=292998, status=deferred (host mail.harvestroad.com.au[203.103.97.27] said: 450 <slug-bounces@slug.org.au>: Sender address rejected: Domain not found (in reply to RCPT TO command))
Jun  4 06:35:46 rusty postfix/smtpd[11022]: connect from p54A775AB.dip.t-dialin.net[84.167.117.171]
Jun  4 06:35:51 rusty postfix/smtpd[11022]: NOQUEUE: reject: RCPT from p54A775AB.dip.t-dialin.net[84.167.117.171]: 554 Service unavailable; Client host [84.167.117.171] blocked using cbl.abuseat.org; Blocked - see http://cbl.abuseat.org/lookup.cgi?ip=84.167.117.171; from=<abbferdi@imgsrc.com> to=<130-event@slug.org.au> proto=ESMTP helo=<p54A775AB.dip.t-dialin.net>
Jun  4 06:35:52 rusty postfix/smtpd[11022]: lost connection after RCPT from p54A775AB.dip.t-dialin.net[84.167.117.171]
Jun  4 06:35:52 rusty postfix/smtpd[11022]: disconnect from p54A775AB.dip.t-dialin.net[84.167.117.171]
Jun  4 06:35:53 rusty postfix/smtpd[11075]: NOQUEUE: reject: RCPT from gcy242.internetdsl.tpnet.pl[83.12.76.242]: 554 Service unavailable; Client host [83.12.76.242] blocked using cbl.abuseat.org; Blocked - see http://cbl.abuseat.org/lookup.cgi?ip=83.12.76.242; from=<zztoqfiv@naichea.it> to=<48-event@slug.org.au> proto=ESMTP helo=<gcy242.internetdsl.tpnet.pl>
Jun  4 06:35:57 rusty postfix/smtpd[11075]: lost connection after RCPT from gcy242.internetdsl.tpnet.pl[83.12.76.242]
Jun  4 06:35:57 rusty postfix/smtpd[11075]: disconnect from gcy242.internetdsl.tpnet.pl[83.12.76.242]
Jun  4 06:36:07 rusty postfix/smtp[11063]: connect to none.harvestroad.com.au[203.103.97.241]: Connection timed out (port 25)
Jun  4 06:36:07 rusty postfix/smtp[11062]: connect to none.harvestroad.com.au[203.103.97.241]: Connection timed out (port 25)
Jun  4 06:36:07 rusty postfix/smtp[11065]: connect to none.harvestroad.com.au[203.103.97.241]: Connection timed out (port 25)
Jun  4 06:36:07 rusty postfix/smtp[11119]: connect to none.harvestroad.com.au[203.103.97.241]: Connection timed out (port 25)
Jun  4 06:36:13 rusty postfix/smtpd[11036]: warning: 59.40.66.226: hostname 226.66.40.59.broad.sz.gd.dynamic.163data.com.cn verification failed: Name or service not known
Jun  4 06:36:13 rusty postfix/smtpd[11036]: connect from unknown[59.40.66.226]
Jun  4 06:36:13 rusty postfix/smtpd[11054]: warning: 59.40.66.226: hostname 226.66.40.59.broad.sz.gd.dynamic.163data.com.cn verification failed: Name or service not known
Jun  4 06:36:13 rusty postfix/smtpd[11054]: connect from unknown[59.40.66.226]
Jun  4 06:36:15 rusty postfix/smtpd[11036]: NOQUEUE: reject: RCPT from unknown[59.40.66.226]: 554 Service unavailable; Client host [59.40.66.226] blocked using ix.dnsbl.manitu.net; Comment:   IP address blocked, see http://ix.dnsbl.manitu.net/lookup.php?ipaddress=59.40.66.226, latest spam received via relay.heise.de at 2007-06-02T14:17+0200; from=<sdfsghbh@126.com> to=<slug@slug.org.au> proto=ESMTP helo=<126.com>
Jun  4 06:36:15 rusty postfix/smtpd[11054]: NOQUEUE: reject: RCPT from unknown[59.40.66.226]: 554 Service unavailable; Client host [59.40.66.226] blocked using ix.dnsbl.manitu.net; Comment:   IP address blocked, see http://ix.dnsbl.manitu.net/lookup.php?ipaddress=59.40.66.226, latest spam received via relay.heise.de at 2007-06-02T14:17+0200; from=<fgnfmngm@163.com> to=<slug-admin@slug.org.au> proto=ESMTP helo=<163.com>
Jun  4 06:36:16 rusty postfix/smtpd[11054]: disconnect from unknown[59.40.66.226]
Jun  4 06:36:16 rusty postfix/smtpd[11036]: disconnect from unknown[59.40.66.226]
Jun  4 06:36:18 rusty postfix/smtpd[11022]: connect from bzq-88-155-103-215.red.bezeqint.net[88.155.103.215]
Jun  4 06:36:24 rusty postfix/smtpd[11022]: NOQUEUE: reject: RCPT from bzq-88-155-103-215.red.bezeqint.net[88.155.103.215]: 554 Service unavailable; Client host [88.155.103.215] blocked using list.dsbl.org; http://dsbl.org/listing?88.155.103.215; from=<lqudeed@ihug.com.au> to=<antiperspirantconservatives@slug.org.au> proto=SMTP helo=<ihug.com.au>
Jun  4 06:36:25 rusty postfix/smtpd[11022]: lost connection after RCPT from bzq-88-155-103-215.red.bezeqint.net[88.155.103.215]
Jun  4 06:36:25 rusty postfix/smtpd[11022]: disconnect from bzq-88-155-103-215.red.bezeqint.net[88.155.103.215]
Jun  4 06:36:46 rusty postfix/smtpd[11075]: warning: 59.40.66.226: hostname 226.66.40.59.broad.sz.gd.dynamic.163data.com.cn verification failed: Name or service not known
Jun  4 06:36:46 rusty postfix/smtpd[11075]: connect from unknown[59.40.66.226]
Jun  4 06:36:48 rusty postfix/smtpd[11075]: NOQUEUE: reject: RCPT from unknown[59.40.66.226]: 554 Service unavailable; Client host [59.40.66.226] blocked using ix.dnsbl.manitu.net; Comment:   IP address blocked, see http://ix.dnsbl.manitu.net/lookup.php?ipaddress=59.40.66.226, latest spam received via relay.heise.de at 2007-06-02T14:17+0200; from=<sdfsghbh@126.com> to=<slug-request@slug.org.au> proto=ESMTP helo=<126.com>
Jun  4 06:36:48 rusty postfix/smtpd[11075]: disconnect from unknown[59.40.66.226]
Jun  4 06:37:01 rusty postfix/smtpd[11054]: warning: 200.123.85.121: hostname 200.123.85.121.static.techtelnet.net verification failed: Name or service not known
Jun  4 06:37:01 rusty postfix/smtpd[11054]: connect from unknown[200.123.85.121]
Jun  4 06:37:06 rusty postfix/smtpd[11036]: connect from 12-210-89-110.client.mchsi.com[12.210.89.110]
Jun  4 06:37:14 rusty postfix/smtpd[11036]: NOQUEUE: reject: RCPT from 12-210-89-110.client.mchsi.com[12.210.89.110]: 554 Service unavailable; Client host [12.210.89.110] blocked using cbl.abuseat.org; Blocked - see http://cbl.abuseat.org/lookup.cgi?ip=12.210.89.110; from=<ovbalustrade@inet2000.com> to=<secretarypeter@slug.org.au> proto=SMTP helo=<12-210-89-110.client.mchsi.com>
Jun  4 06:37:14 rusty postfix/smtpd[11036]: lost connection after RCPT from 12-210-89-110.client.mchsi.com[12.210.89.110]
Jun  4 06:37:14 rusty postfix/smtpd[11036]: disconnect from 12-210-89-110.client.mchsi.com[12.210.89.110]
Jun  4 06:37:27 rusty postfix/smtpd[11054]: warning: 121.85.123.200.relays.ordb.org: RBL lookup error: Host or domain name not found. Name service error for name=121.85.123.200.relays.ordb.org type=A: Host not found, try again
Jun  4 06:37:47 rusty postfix/smtpd[11054]: warning: 121.85.123.200.opm.blitzed.org: RBL lookup error: Host or domain name not found. Name service error for name=121.85.123.200.opm.blitzed.org type=A: Host not found, try again
Jun  4 06:37:47 rusty postfix/smtpd[11054]: NOQUEUE: reject: RCPT from unknown[200.123.85.121]: 450 <you@slug.org.au>: Recipient address rejected: Greylisted for 300 seconds (see http://isg.ee.ethz.ch/tools/postgrey/help/slug.org.au.html); from=<subhusband.com@wifipittsburgh.com> to=<you@slug.org.au> proto=SMTP helo=<localhost>
Jun  4 06:38:17 rusty postfix/smtp[11119]: A2BB51181A1: to=<ajones@harvestroad.com>, relay=mail.harvestroad.com.au[203.103.97.27], delay=412098, status=deferred (host mail.harvestroad.com.au[203.103.97.27] said: 450 <slug-bounces@slug.org.au>: Sender address rejected: Domain not found (in reply to RCPT TO command))
Jun  4 06:38:17 rusty postfix/smtp[11063]: 0839F118182: to=<ajones@harvestroad.com>, relay=mail.harvestroad.com.au[203.103.97.27], delay=30368, status=deferred (host mail.harvestroad.com.au[203.103.97.27] said: 450 <slug-bounces@slug.org.au>: Sender address rejected: Domain not found (in reply to RCPT TO command))
Jun  4 06:38:17 rusty postfix/smtp[11062]: 60CDB11814F: to=<ajones@harvestroad.com>, relay=mail.harvestroad.com.au[203.103.97.27], delay=79515, status=deferred (host mail.harvestroad.com.au[203.103.97.27] said: 450 <slug-bounces@slug.org.au>: Sender address rejected: Domain not found (in reply to RCPT TO command))
Jun  4 06:38:17 rusty postfix/smtp[11065]: A88B2118194: to=<ajones@harvestroad.com>, relay=mail.harvestroad.com.au[203.103.97.27], delay=417019, status=deferred (host mail.harvestroad.com.au[203.103.97.27] said: 450 <slug-bounces@slug.org.au>: Sender address rejected: Domain not found (in reply to RCPT TO command))
Jun  4 06:39:06 rusty postfix/smtpd[11166]: connect from 20.69.103-84.rev.gaoland.net[84.103.69.20]
Jun  4 06:39:09 rusty postgrey[2159]: cleaning up old logs... 
Jun  4 06:39:10 rusty postfix/smtpd[11166]: NOQUEUE: reject: RCPT from 20.69.103-84.rev.gaoland.net[84.103.69.20]: 554 Service unavailable; Client host [84.103.69.20] blocked using cbl.abuseat.org; Blocked - see http://cbl.abuseat.org/lookup.cgi?ip=84.103.69.20; from=<exeland5@bulgarian-online-school.com> to=<onlyslug-chat@slug.org.au> proto=SMTP helo=<bulgarian-online-school.com>
Jun  4 06:39:11 rusty postfix/smtpd[11166]: lost connection after RCPT from 20.69.103-84.rev.gaoland.net[84.103.69.20]
Jun  4 06:39:11 rusty postfix/smtpd[11166]: disconnect from 20.69.103-84.rev.gaoland.net[84.103.69.20]
Jun  4 06:39:27 rusty postfix/smtpd[11166]: connect from unknown[189.29.147.69]
Jun  4 06:39:29 rusty postfix/smtpd[11166]: NOQUEUE: reject: RCPT from unknown[189.29.147.69]: 554 <ytderide@mstartech.com>: Sender address rejected: Domain not found; from=<ytderide@mstartech.com> to=<sg@slug.org.au> proto=SMTP helo=<x-qlo1um30sx7e5.vivax.com.br>
Jun  4 06:39:29 rusty postfix/smtpd[11166]: lost connection after RCPT from unknown[189.29.147.69]
Jun  4 06:39:29 rusty postfix/smtpd[11166]: disconnect from unknown[189.29.147.69]
Jun  4 06:39:45 rusty postfix/smtpd[11166]: warning: 82.146.245.140: hostname nat-245-140.man.bydgoszcz.pl verification failed: Name or service not known
Jun  4 06:39:45 rusty postfix/smtpd[11166]: connect from unknown[82.146.245.140]
Jun  4 06:39:45 rusty postfix/smtpd[11168]: warning: 82.146.245.140: hostname nat-245-140.man.bydgoszcz.pl verification failed: Name or service not known
Jun  4 06:39:45 rusty postfix/smtpd[11168]: connect from unknown[82.146.245.140]
Jun  4 06:39:47 rusty postfix/smtpd[11169]: connect from nc-71-48-13-91.dhcp.embarqhsd.net[71.48.13.91]
Jun  4 06:39:47 rusty postfix/smtpd[11168]: NOQUEUE: reject: RCPT from unknown[82.146.245.140]: 554 <jvodntdrlvu@bydgoszcz.pl>: Sender address rejected: Domain not found; from=<jvodntdrlvu@bydgoszcz.pl> to=<activities-request@slug.org.au> proto=ESMTP helo=<nat-245-140.man.bydgoszcz.pl>
Jun  4 06:39:47 rusty postfix/smtpd[11166]: NOQUEUE: reject: RCPT from unknown[82.146.245.140]: 554 <itghkmaevpq@bydgoszcz.pl>: Sender address rejected: Domain not found; from=<itghkmaevpq@bydgoszcz.pl> to=<activities-owner@slug.org.au> proto=ESMTP helo=<nat-245-140.man.bydgoszcz.pl>
Jun  4 06:39:48 rusty postfix/smtpd[11168]: lost connection after RCPT from unknown[82.146.245.140]
Jun  4 06:39:48 rusty postfix/smtpd[11168]: disconnect from unknown[82.146.245.140]
Jun  4 06:39:48 rusty postfix/smtpd[11166]: lost connection after RCPT from unknown[82.146.245.140]
Jun  4 06:39:48 rusty postfix/smtpd[11166]: disconnect from unknown[82.146.245.140]
Jun  4 06:39:50 rusty postfix/smtpd[11168]: warning: 88.246.93.76: hostname dsl88-246-23884.ttnet.net.tr verification failed: Name or service not known
Jun  4 06:39:50 rusty postfix/smtpd[11168]: connect from unknown[88.246.93.76]
Jun  4 06:39:50 rusty postfix/smtpd[11076]: timeout after MAIL from unknown[201.240.194.93]
Jun  4 06:39:50 rusty postfix/smtpd[11076]: disconnect from unknown[201.240.194.93]
Jun  4 06:39:52 rusty postfix/smtpd[11168]: NOQUEUE: reject: RCPT from unknown[88.246.93.76]: 554 <sksxjvwy@net.tr>: Sender address rejected: Domain not found; from=<sksxjvwy@net.tr> to=<jaq@slug.org.au> proto=ESMTP helo=<dsl88-246-20338.ttnet.net.tr>
Jun  4 06:39:53 rusty postfix/smtpd[11168]: lost connection after RCPT from unknown[88.246.93.76]
Jun  4 06:39:53 rusty postfix/smtpd[11168]: disconnect from unknown[88.246.93.76]
Jun  4 06:40:02 rusty postfix/smtpd[11169]: NOQUEUE: reject: RCPT from nc-71-48-13-91.dhcp.embarqhsd.net[71.48.13.91]: 554 Service unavailable; Client host [71.48.13.91] blocked using ix.dnsbl.manitu.net; Comment:   IP address blocked, see http://ix.dnsbl.manitu.net/lookup.php?ipaddress=71.48.13.91, latest spam received via mail.ixlab.de at 2007-05-31T14:35+0200; from=<kuncar@kuncar.com.pl> to=<34-event@slug.org.au> proto=ESMTP helo=<nc-71-48-13-91.dhcp.embarqhsd.net>
Jun  4 06:40:03 rusty postfix/smtpd[11169]: lost connection after RCPT from nc-71-48-13-91.dhcp.embarqhsd.net[71.48.13.91]
Jun  4 06:40:03 rusty postfix/smtpd[11169]: disconnect from nc-71-48-13-91.dhcp.embarqhsd.net[71.48.13.91]
Jun  4 06:40:04 rusty postfix/smtpd[11166]: connect from unknown[71.237.32.213]
Jun  4 06:40:05 rusty postfix/smtpd[11169]: connect from unknown[71.237.32.213]
Jun  4 06:40:05 rusty postfix/smtpd[11076]: connect from unknown[71.237.32.213]
Jun  4 06:40:06 rusty postfix/smtpd[11168]: connect from unknown[71.237.32.213]
Jun  4 06:40:07 rusty postfix/smtpd[11174]: connect from unknown[71.237.32.213]
Jun  4 06:40:07 rusty postfix/smtpd[11076]: NOQUEUE: reject: RCPT from unknown[71.237.32.213]: 554 Service unavailable; Client host [71.237.32.213] blocked using cbl.abuseat.org; Blocked - see http://cbl.abuseat.org/lookup.cgi?ip=71.237.32.213; from=<kdboxcar@mailpont.hu> to=<slug-announce-request@slug.org.au> proto=SMTP helo=<mailpont.hu>
Jun  4 06:40:07 rusty postfix/smtpd[11168]: NOQUEUE: reject: RCPT from unknown[71.237.32.213]: 554 Service unavailable; Client host [71.237.32.213] blocked using cbl.abuseat.org; Blocked - see http://cbl.abuseat.org/lookup.cgi?ip=71.237.32.213; from=<erydespoil@nadeshiko-web.com> to=<slug-chat-request@slug.org.au> proto=SMTP helo=<nadeshiko-web.com>
Jun  4 06:40:07 rusty postfix/smtpd[11166]: NOQUEUE: reject: RCPT from unknown[71.237.32.213]: 554 Service unavailable; Client host [71.237.32.213] blocked using cbl.abuseat.org; Blocked - see http://cbl.abuseat.org/lookup.cgi?ip=71.237.32.213; from=<vcalliope@dfmsolutions.co.za> to=<slug-ad...@slug.org.au> proto=SMTP helo=<dfmsolutions.co.za>
Jun  4 06:40:08 rusty postfix/smtpd[11168]: lost connection after RCPT from unknown[71.237.32.213]
Jun  4 06:40:08 rusty postfix/smtpd[11168]: disconnect from unknown[71.237.32.213]
Jun  4 06:40:08 rusty postfix/smtpd[11166]: lost connection after RCPT from unknown[71.237.32.213]
Jun  4 06:40:08 rusty postfix/smtpd[11166]: disconnect from unknown[71.237.32.213]
Jun  4 06:40:08 rusty postfix/smtpd[11076]: lost connection after RCPT from unknown[71.237.32.213]
Jun  4 06:40:08 rusty postfix/smtpd[11076]: disconnect from unknown[71.237.32.213]
Jun  4 06:40:08 rusty postfix/smtpd[11174]: NOQUEUE: reject: RCPT from unknown[71.237.32.213]: 554 Service unavailable; Client host [71.237.32.213] blocked using cbl.abuseat.org; Blocked - see http://cbl.abuseat.org/lookup.cgi?ip=71.237.32.213; from=<racrylic@luisgo.com> to=<slug-jobs@slug.org.au> proto=SMTP helo=<luisgo.com>
Jun  4 06:40:08 rusty postfix/smtpd[11174]: lost connection after RCPT from unknown[71.237.32.213]
Jun  4 06:40:08 rusty postfix/smtpd[11174]: disconnect from unknown[71.237.32.213]
Jun  4 06:40:08 rusty postfix/smtpd[11169]: NOQUEUE: reject: RCPT from unknown[71.237.32.213]: 554 Service unavailable; Client host [71.237.32.213] blocked using cbl.abuseat.org; Blocked - see http://cbl.abuseat.org/lookup.cgi?ip=71.237.32.213; from=<cyrandromeda@great2bpaid.com> to=<slug-ad@slug.org.au> proto=SMTP helo=<great2bpaid.com>
Jun  4 06:40:08 rusty postfix/smtpd[11169]: lost connection after RCPT from unknown[71.237.32.213]
Jun  4 06:40:08 rusty postfix/smtpd[11169]: disconnect from unknown[71.237.32.213]
Jun  4 06:40:33 rusty postfix/smtpd[11168]: connect from unknown[201.76.248.155]
Jun  4 06:40:46 rusty postfix/smtpd[11168]: NOQUEUE: reject: RCPT from unknown[201.76.248.155]: 554 Service unavailable; Client host [201.76.248.155] blocked using cbl.abuseat.org; Blocked - see http://cbl.abuseat.org/lookup.cgi?ip=201.76.248.155; from=<nabottle@cedarridgeaffiliates.com> to=<secretarypeter@slug.org.au> proto=SMTP helo=<cedarridgeaffiliates.com>
Jun  4 06:40:47 rusty postfix/smtpd[11168]: lost connection after RCPT from unknown[201.76.248.155]
Jun  4 06:40:47 rusty postfix/smtpd[11168]: disconnect from unknown[201.76.248.155]
Jun  4 06:40:56 rusty postfix/smtpd[11166]: connect from unknown[82.205.232.52]
Jun  4 06:41:08 rusty postfix/smtpd[11076]: connect from unknown[201.207.137.238]
Jun  4 06:41:17 rusty postfix/smtpd[11166]: warning: 52.232.205.82.relays.ordb.org: RBL lookup error: Host or domain name not found. Name service error for name=52.232.205.82.relays.ordb.org type=A: Host not found, try again
Jun  4 06:41:19 rusty postfix/smtpd[11174]: connect from port301.ds1-ik.adsl.cybercity.dk[212.242.228.52]
Jun  4 06:41:23 rusty postfix/smtpd[11076]: warning: 238.137.207.201.relays.ordb.org: RBL lookup error: Host or domain name not found. Name service error for name=238.137.207.201.relays.ordb.org type=A: Host not found, try again
Jun  4 06:41:32 rusty postfix/smtpd[11174]: warning: 52.228.242.212.relays.ordb.org: RBL lookup error: Host or domain name not found. Name service error for name=52.228.242.212.relays.ordb.org type=A: Host not found, try again
Jun  4 06:41:37 rusty postfix/smtpd[11166]: warning: 52.232.205.82.opm.blitzed.org: RBL lookup error: Host or domain name not found. Name service error for name=52.232.205.82.opm.blitzed.org type=A: Host not found, try again
Jun  4 06:41:37 rusty postfix/smtpd[11166]: NOQUEUE: reject: RCPT from unknown[82.205.232.52]: 450 <activities@slug.org.au>: Recipient address rejected: Greylisted for 300 seconds (see http://isg.ee.ethz.ch/tools/postgrey/help/slug.org.au.html); from=<uzrhebpi@baltimoragroup.com> to=<activities@slug.org.au> proto=ESMTP helo=<[82.205.232.52]>
Jun  4 06:41:37 rusty postfix/smtpd[11166]: lost connection after RCPT from unknown[82.205.232.52]
Jun  4 06:41:37 rusty postfix/smtpd[11166]: disconnect from unknown[82.205.232.52]
Jun  4 06:41:38 rusty postfix/scache[11120]: statistics: start interval Jun  4 06:35:37
Jun  4 06:41:38 rusty postfix/scache[11120]: statistics: domain lookup hits=0 miss=4 success=0%
Jun  4 06:41:38 rusty postfix/scache[11120]: statistics: address lookup hits=0 miss=8 success=0%
Jun  4 06:41:38 rusty postfix/scache[11120]: statistics: max simultaneous domains=1 addresses=1 connection=4
Jun  4 06:41:43 rusty postfix/smtpd[11076]: warning: 238.137.207.201.opm.blitzed.org: RBL lookup error: Host or domain name not found. Name service error for name=238.137.207.201.opm.blitzed.org type=A: Host not found, try again
Jun  4 06:41:43 rusty postfix/smtpd[11076]: NOQUEUE: reject: RCPT from unknown[201.207.137.238]: 450 <jdub@slug.org.au>: Recipient address rejected: Greylisted for 300 seconds (see http://isg.ee.ethz.ch/tools/postgrey/help/slug.org.au.html); from=<ahcablktk@robercorp.com> to=<jdub@slug.org.au> proto=ESMTP helo=<[201.207.137.238]>
Jun  4 06:41:43 rusty postfix/smtpd[11076]: lost connection after RCPT from unknown[201.207.137.238]
Jun  4 06:41:43 rusty postfix/smtpd[11076]: disconnect from unknown[201.207.137.238]
Jun  4 06:41:49 rusty postfix/smtpd[11168]: connect from host-72-51-167-151.newwavecomm.net[72.51.167.151]
Jun  4 06:41:52 rusty postfix/smtpd[11174]: warning: 52.228.242.212.opm.blitzed.org: RBL lookup error: Host or domain name not found. Name service error for name=52.228.242.212.opm.blitzed.org type=A: Host not found, try again
Jun  4 06:41:52 rusty postfix/smtpd[11174]: NOQUEUE: reject: RCPT from port301.ds1-ik.adsl.cybercity.dk[212.242.228.52]: 450 <orcommittee@slug.org.au>: Recipient address rejected: Greylisted for 300 seconds (see http://isg.ee.ethz.ch/tools/postgrey/help/slug.org.au.html); from=<interest38@cybercity.dk> to=<orcommittee@slug.org.au> proto=SMTP helo=<port301.ds1-ik.adsl.cybercity.dk>
Jun  4 06:41:52 rusty postfix/smtpd[11174]: lost connection after RCPT from port301.ds1-ik.adsl.cybercity.dk[212.242.228.52]
Jun  4 06:41:52 rusty postfix/smtpd[11174]: disconnect from port301.ds1-ik.adsl.cybercity.dk[212.242.228.52]
