Jun  4 07:36:18 rusty postfix/smtp[12827]: D1D4511817A: to=<stuartc@pacific.net.au>, relay=mailin2.pacific.net.au[61.8.0.81], delay=11, status=sent (250 2.0.0 Ok: queued as 36121187F5F)
Jun  4 07:36:18 rusty postfix/smtp[12827]: D1D4511817A: to=<tom_massey@pacific.net.au>, relay=mailin2.pacific.net.au[61.8.0.81], delay=11, status=sent (250 2.0.0 Ok: queued as 36121187F5F)
Jun  4 07:36:18 rusty postfix/smtp[12883]: D1D4511817A: to=<dave@solutionsfirst.com.au>, relay=mx.solutionsfirst.com.au[220.233.199.76], delay=11, status=sent (250 Ok: queued as CE90DFD40FD)
Jun  4 07:36:18 rusty postfix/smtp[12883]: D1D4511817A: to=<nick@solutionsfirst.com.au>, relay=mx.solutionsfirst.com.au[220.233.199.76], delay=11, status=sent (250 Ok: queued as CE90DFD40FD)
Jun  4 07:36:18 rusty postfix/smtp[12883]: D1D4511817A: to=<woody+slug@solutionsfirst.com.au>, relay=mx.solutionsfirst.com.au[220.233.199.76], delay=11, status=sent (250 Ok: queued as CE90DFD40FD)
Jun  4 07:36:18 rusty postfix/smtp[12798]: D1D4511817A: to=<geraldcc@iinet.net.au>, relay=as-av.iinet.net.au[203.0.178.180], delay=11, status=bounced (host as-av.iinet.net.au[203.0.178.180] said: 501 #5.1.1 bad address geraldcc@iinet.net.au (in reply to RCPT TO command))
Jun  4 07:36:18 rusty postfix/smtp[12841]: D1D4511817A: to=<bernie@sterland.com.au>, relay=mail.sterland.com.au[202.76.177.13], delay=11, status=sent (250 2.6.0  <34a99ab40706031426g4ea46d97v5bcdd5edfeff89ea@mail.gmail.com> Queued mail for delivery)
Jun  4 07:36:18 rusty postfix/smtp[12818]: D1D4511817A: to=<coaic@rhodeslee.net.au>, relay=mx3.netregistry.net[202.124.241.198], delay=11, status=sent (250 OK id=1Huxc3-0006by-7n)
Jun  4 07:36:18 rusty postfix/smtpd[12912]: connect from smtp23-01.prod.mesa1.secureserver.net[64.202.189.60]
Jun  4 07:36:18 rusty postfix/smtp[12873]: D1D4511817A: to=<david@colossus.apana.org.au>, relay=colossus.apana.org.au[203.14.153.106], delay=11, status=sent (250 OK id=1Huxby-00028e-QY)
Jun  4 07:36:18 rusty postfix/smtp[12845]: 3BED2118181: to=<vandy@aperfectpc.com>, relay=aperfectpc.com[67.19.156.130], delay=10, status=sent (250 OK id=1Huxc3-0002bm-7N)
Jun  4 07:36:18 rusty postfix/smtp[12829]: D1D4511817A: to=<dcrowdy@southernphone.com.au>, relay=mx10a.ispone.net.au[124.254.72.88], delay=11, status=sent (250 2.0.0 Ok: queued as 9AFC06900BE)
Jun  4 07:36:18 rusty postfix/smtp[12790]: D1D4511817A: to=<sonia@cat.org.au>, relay=mail.cat.org.au[64.34.176.147], delay=11, status=bounced (host mail.cat.org.au[64.34.176.147] said: 550 sorry, no mailbox here by that name. (#5.7.17) (in reply to RCPT TO command))
Jun  4 07:36:18 rusty postfix/smtp[12841]: D1D4511817A: to=<mike.lake@uts.edu.au>, relay=mailfilter.itd.uts.edu.au[138.25.22.74], delay=11, status=sent (250 Ok: queued as BA6CC2BAA35)
Jun  4 07:36:18 rusty postfix/smtp[12841]: D1D4511817A: to=<t.bayfield@uts.edu.au>, relay=mailfilter.itd.uts.edu.au[138.25.22.74], delay=11, status=sent (250 Ok: queued as BA6CC2BAA35)
Jun  4 07:36:18 rusty postfix/smtp[12880]: D1D4511817A: to=<mzee@tandv.ws>, relay=tandv.ws[202.90.54.132], delay=11, status=sent (250 Ok: queued as B30E32CA9A8)
Jun  4 07:36:18 rusty postfix/smtp[12890]: D1D4511817A: to=<bm-l@spin.net.au>, relay=mail.comcen.com.au[203.23.236.69], delay=11, status=sent (250 2.0.0 l53LRkaw003794 Message accepted for delivery)
Jun  4 07:36:18 rusty postfix/smtp[12847]: D1D4511817A: to=<rgh@roughage.com.au>, relay=mta1.roughage.com.au[202.177.221.48], delay=11, status=sent (250 Ok: queued as 9C7E83C170)
Jun  4 07:36:18 rusty postfix/smtp[12798]: D1D4511817A: to=<farkit@iinet.net.au>, relay=as-av.iinet.net.au[203.0.178.180], delay=11, status=sent (250 ok:  Message 131941907 accepted)
Jun  4 07:36:18 rusty postfix/smtp[12798]: D1D4511817A: to=<newwell@iinet.net.au>, relay=as-av.iinet.net.au[203.0.178.180], delay=11, status=sent (250 ok:  Message 131941907 accepted)
Jun  4 07:36:18 rusty postfix/smtp[12798]: D1D4511817A: to=<outsidefactor@iinet.net.au>, relay=as-av.iinet.net.au[203.0.178.180], delay=11, status=sent (250 ok:  Message 131941907 accepted)
Jun  4 07:36:18 rusty postfix/smtp[12798]: D1D4511817A: to=<tenzero@iinet.net.au>, relay=as-av.iinet.net.au[203.0.178.180], delay=11, status=sent (250 ok:  Message 131941907 accepted)
Jun  4 07:36:18 rusty postfix/smtp[12889]: D1D4511817A: to=<mitchell_bingemann@idg.com.au>, relay=idg.com.au.mail5.psmtp.com[64.18.5.10], delay=11, status=sent (250 Thanks)
Jun  4 07:36:18 rusty postfix/smtp[12896]: D1D4511817A: to=<trevor@symbionts.com.au>, relay=mail.symbionts.com.au[202.189.72.26], delay=11, status=sent (250 2.0.0 l53LRlgg018646 Message accepted for delivery)
Jun  4 07:36:18 rusty postfix/smtp[12811]: D1D4511817A: to=<markp@nucmed.crg.cs.nsw.gov.au>, relay=cluster2.us.messagelabs.com[216.82.249.243], delay=11, status=sent (250 ok 1180906068 qp 1254 server-14.tower-73.messagelabs.com!1180906066!18413350!1)
Jun  4 07:36:18 rusty postfix/smtp[12892]: A30C1118177: to=<scottf@pacom.com>, relay=filter1.pacom-1.mailguard.com.au[69.16.202.203], delay=11, status=sent (250 2.0.0 Ok: queued as BF4A91EC3D2)
Jun  4 07:36:19 rusty postfix/smtp[12832]: D1D4511817A: to=<mattcs@tig.com.au>, relay=mail.ihug.com.au[203.0.178.172], delay=12, status=sent (250 ok:  Message 1142556766 accepted)
Jun  4 07:36:19 rusty postfix/smtp[12871]: D1D4511817A: to=<lists@tcgtech.com.au>, relay=ASPMX.L.GOOGLE.COM[209.85.147.27], delay=12, status=bounced (host ASPMX.L.GOOGLE.COM[209.85.147.27] said: 550 5.1.1 No such user n37si4556779wag (in reply to RCPT TO command))
Jun  4 07:36:19 rusty postfix/smtp[12823]: D1D4511817A: to=<slug@troy.net.au>, relay=mx2.balanced.spunky.mail.dreamhost.com[208.97.132.48], delay=12, status=sent (250 Ok: queued as 3B4704127F)
Jun  4 07:36:19 rusty postfix/smtp[12823]: D1D4511817A: to=<imroy@zipworld.com.au>, relay=mailin2.pacific.net.au[61.8.0.81], delay=12, status=sent (250 2.0.0 Ok: queued as 6C8CC187F5F)
Jun  4 07:36:19 rusty postfix/smtp[12855]: D1D4511817A: to=<a.webb@napier.ac.uk>, relay=mm1.napier.ac.uk[146.176.223.3], delay=12, status=sent (250 B466332530000 Message accepted for delivery)
Jun  4 07:36:19 rusty postfix/smtp[12890]: D1D4511817A: to=<pfy_slug@wforce.com.au>, relay=mail.wforce.com.au[202.138.223.198], delay=12, status=sent (250 2.0.0 l53LRm4b025031 Message accepted for delivery)
Jun  4 07:36:19 rusty postfix/smtp[12890]: D1D4511817A: to=<slug@wforce.com.au>, relay=mail.wforce.com.au[202.138.223.198], delay=12, status=sent (250 2.0.0 l53LRm4b025031 Message accepted for delivery)
Jun  4 07:36:19 rusty postfix/smtp[12801]: D1D4511817A: to=<rocci@rocknetworks.net.au>, relay=lyrebird.rocknetworks.net.au[150.101.112.28], delay=12, status=sent (250 OK id=1Huxd6-0007ji-CT)
Jun  4 07:36:19 rusty postfix/smtp[12851]: D1D4511817A: to=<lists@sbt.net.au>, relay=koala.sbt.net.au[203.42.34.54], delay=12, status=sent (250 Ok: queued as 5C7F7238113)
Jun  4 07:36:19 rusty postfix/smtp[12789]: D1D4511817A: to=<alan@austlii.edu.au>, relay=bondi.austlii.edu.au[138.25.65.7], delay=12, status=sent (250 2.0.0 l53LRfRc017331 Message accepted for delivery)
Jun  4 07:36:19 rusty postfix/smtp[12894]: D1D4511817A: to=<slug@bandcamp.tv>, relay=mta1.bandcamp.tv[202.177.212.216], delay=12, status=sent (250 2.0.0 l53LRfwA020630 Message accepted for delivery)
Jun  4 07:36:19 rusty postfix/smtp[12847]: D1D4511817A: to=<sluglist@woa.com.au>, relay=eagle.woa.com.au[220.233.13.149], delay=12, status=sent (250 Whew! Done! Was it as good for you as it was for me?)
Jun  4 07:36:19 rusty postfix/smtp[12847]: connect to mx0.tip.net.au[203.10.76.5]: Connection refused (port 25)
Jun  4 07:36:19 rusty postfix/smtp[12895]: A30C1118177: to=<slug@richardhoore.com>, relay=mail.hgriggs.com[68.225.80.50], delay=12, status=sent (250 2.0.0 l53LRfwe013170 Message accepted for delivery)
Jun  4 07:36:19 rusty postfix/smtp[12847]: 51B6511818D: to=<peter.wishart@canb.auug.org.au>, relay=smtps.tip.net.au[203.10.76.44], delay=11, status=sent (250 2.0.0 Ok: queued as D0BBB36806F)
Jun  4 07:36:19 rusty postfix/smtp[12802]: D1D4511817A: to=<kevins@bbsat.com.au>, relay=filter.bbnet.com.au[202.65.65.13], delay=12, status=sent (250 ok:  Message 1097361 accepted)
Jun  4 07:36:19 rusty postfix/smtp[12832]: D1D4511817A: to=<cat@zip.com.au>, relay=mailin1.pacific.net.au[61.8.0.80], delay=12, status=sent (250 2.0.0 Ok: queued as F0155163E41)
Jun  4 07:36:19 rusty postfix/smtp[12832]: D1D4511817A: to=<gschafer@zip.com.au>, relay=mailin1.pacific.net.au[61.8.0.80], delay=12, status=sent (250 2.0.0 Ok: queued as F0155163E41)
Jun  4 07:36:19 rusty postfix/smtp[12832]: D1D4511817A: to=<hector@zip.com.au>, relay=mailin1.pacific.net.au[61.8.0.80], delay=12, status=sent (250 2.0.0 Ok: queued as F0155163E41)
Jun  4 07:36:19 rusty postfix/smtp[12832]: D1D4511817A: to=<henryc@zip.com.au>, relay=mailin1.pacific.net.au[61.8.0.80], delay=12, status=sent (250 2.0.0 Ok: queued as F0155163E41)
Jun  4 07:36:19 rusty postfix/smtp[12832]: D1D4511817A: to=<mlh@zip.com.au>, relay=mailin1.pacific.net.au[61.8.0.80], delay=12, status=sent (250 2.0.0 Ok: queued as F0155163E41)
Jun  4 07:36:19 rusty postfix/smtpd[12915]: connect from mailout2-7.pacific.net.au[61.8.2.230]
Jun  4 07:36:19 rusty postfix/smtp[12801]: 51B6511818D: to=<dhaber@bigpond.net.au>, relay=extmail.bpbb.bigpond.com[144.140.90.14], delay=11, status=bounced (host extmail.bpbb.bigpond.com[144.140.90.14] said: 550 Invalid recipient: <dhaber@bigpond.net.au> (in reply to RCPT TO command))
Jun  4 07:36:19 rusty postfix/smtp[12880]: D1D4511817A: to=<josh.shone@westnet.com.au>, relay=mulgara.westnet.com.au[203.10.1.146], delay=12, status=sent (250 Ok: queued as B83CA39890B)
Jun  4 07:36:19 rusty postfix/smtp[12880]: D1D4511817A: to=<kenthomas@westnet.com.au>, relay=mulgara.westnet.com.au[203.10.1.146], delay=12, status=sent (250 Ok: queued as B83CA39890B)
Jun  4 07:36:19 rusty postfix/smtp[12789]: connect to mailhubx.bluenetgroup.com[216.127.82.144]: Connection refused (port 25)
Jun  4 07:36:19 rusty postfix/smtp[12862]: A30C1118177: to=<k.armstrong@whitepropertygroup.com>, relay=mail.whitepropertygroup.com.au[203.185.231.18], delay=12, status=sent (250 2.0.0 l53LRmMO024881 Message accepted for delivery)
Jun  4 07:36:20 rusty postfix/smtpd[12916]: connect from webmail.icp-qv1-irony3.iinet.net.au[203.59.1.108]
Jun  4 07:36:20 rusty postfix/smtp[12871]: 51B6511818D: to=<anna@annacs.com.au>, relay=annacs.com.au[202.60.69.195], delay=12, status=sent (250 OK id=1Huxaj-0002wI-Ig)
Jun  4 07:36:20 rusty postfix/smtp[12853]: D1D4511817A: to=<andyslug@secret.com.au>, relay=mail.secret.com.au[203.53.28.55], delay=13, status=sent (250 2.0.0 l53LRlN7019155 Message accepted for delivery)
Jun  4 07:36:20 rusty postfix/smtp[12876]: D1D4511817A: to=<kev@pulo.com.au>, relay=mail63.csoft.net[205.205.214.4], delay=13, status=sent (250 2.0.0 Ok: queued as B52A5F1D5)
Jun  4 07:36:20 rusty postfix/smtp[12840]: D1D4511817A: to=<cby@netspace.net.au>, relay=mail-in.netspace.net.au[210.15.254.248], delay=13, status=sent (250 Ok: queued as AC1B51A3F1E)
Jun  4 07:36:20 rusty postfix/smtp[12840]: D1D4511817A: to=<dthannah@netspace.net.au>, relay=mail-in.netspace.net.au[210.15.254.248], delay=13, status=sent (250 Ok: queued as AC1B51A3F1E)
Jun  4 07:36:20 rusty postfix/smtp[12840]: D1D4511817A: to=<waynus@netspace.net.au>, relay=mail-in.netspace.net.au[210.15.254.248], delay=13, status=sent (250 Ok: queued as AC1B51A3F1E)
Jun  4 07:36:20 rusty postfix/smtp[12873]: D1D4511817A: to=<ian@voicetronix.com.au>, relay=mail.voicetronix.com.au[203.122.251.59], delay=13, status=sent (250 2.0.0 l53LReJF007373 Message accepted for delivery)
Jun  4 07:36:20 rusty postfix/smtp[12870]: D1D4511817A: to=<scott-slug@sbs.id.au>, relay=mail.sbs.id.au[64.22.103.107], delay=13, status=sent (250 2.0.0 Ok: queued as C227C418CD)
Jun  4 07:36:20 rusty postfix/smtp[12870]: 51B6511818D: to=<info@fourstarcomputing.com.au>, relay=none, delay=12, status=bounced (Host or domain name not found. Name service error for name=fourstarcomputing.com.au type=A: Host found but no data record of requested type)
Jun  4 07:36:20 rusty postfix/smtp[12855]: 51B6511818D: to=<andre@allsaints.com.au>, relay=mail.allsaints.com.au[202.1.119.235], delay=12, status=sent (250 2.6.0  <20070603213608.51B6511818D@rusty.slug.org.au> Queued mail for delivery)
Jun  4 07:36:20 rusty postfix/smtp[12887]: 3BED2118181: to=<rossm-slug@ahkrabu.com>, relay=ahkrabu.com[64.22.89.210], delay=12, status=sent (250 OK id=1Huxc4-00025y-Lr)
Jun  4 07:36:20 rusty postfix/smtp[12881]: D1D4511817A: to=<rgh@talent.com.au>, relay=mailin1.pacific.net.au[61.8.0.80], delay=13, status=sent (250 2.0.0 Ok: queued as 42D1E163EEA)
Jun  4 07:36:20 rusty postfix/smtp[12823]: 51B6511818D: to=<bdonoghoe@acslink.net.au>, relay=mx3.netregistry.net[202.124.241.198], delay=12, status=sent (250 OK id=1Huxc4-0006cA-Gi)
Jun  4 07:36:20 rusty postfix/smtp[12842]: D1D4511817A: to=<rodtunk@tpg.com.au>, relay=mx1.tpgi.com.au[203.12.160.122], delay=13, status=bounced (host mx1.tpgi.com.au[203.12.160.122] said: 550 5.1.1 <rodtunk@tpg.com.au>... User unknown (in reply to RCPT TO command))
Jun  4 07:36:20 rusty postfix/smtp[12823]: 51B6511818D: to=<sonnyboy@iggy.triode.net.au>, relay=none, delay=12, status=bounced (Host or domain name not found. Name service error for name=iggy.triode.net.au type=A: Host not found)
Jun  4 07:36:20 rusty postfix/smtp[12831]: D1D4511817A: to=<airlied@csn.ul.ie>, relay=mail.skynet.ie[193.1.99.88], delay=13, status=sent (250 2.0.0 Ok: queued as AFFDBC009A)
Jun  4 07:36:20 rusty postfix/smtp[12842]: D1D4511817A: to=<4pascal@tpg.com.au>, relay=mx1.tpgi.com.au[203.12.160.122], delay=13, status=sent (250 2.0.0 l53LRlwt005908 Message accepted for delivery)
Jun  4 07:36:20 rusty postfix/smtp[12842]: D1D4511817A: to=<haw.loeung@tpg.com.au>, relay=mx1.tpgi.com.au[203.12.160.122], delay=13, status=sent (250 2.0.0 l53LRlwt005908 Message accepted for delivery)
Jun  4 07:36:20 rusty postfix/smtp[12842]: D1D4511817A: to=<linuser@tpg.com.au>, relay=mx1.tpgi.com.au[203.12.160.122], delay=13, status=sent (250 2.0.0 l53LRlwt005908 Message accepted for delivery)
Jun  4 07:36:20 rusty postfix/smtp[12891]: D1D4511817A: to=<ryan@uanywhere.com.au>, relay=mx1.uanywhere.com.au[216.130.255.50], delay=13, status=sent (250 Ok: queued as 17B593EA4C)
Jun  4 07:36:20 rusty postfix/smtp[12854]: D1D4511817A: to=<ashley@mobileitdept.com.au>, relay=mail.mobileitdept.com.au[209.97.207.174], delay=13, status=sent (250 OK id=1Huxdv-0004hw-Bo)
Jun  4 07:36:20 rusty postfix/smtp[12854]: 51B6511818D: to=<stot9603@iprimus.com.au>, relay=mx.iprimus.com.au[202.138.53.11], delay=12, status=sent (250 ok:  Message 46780408 accepted)
Jun  4 07:36:20 rusty postfix/smtp[12854]: 51B6511818D: to=<paulk@it.uts.edu.au>, relay=filter.it.uts.edu.au[138.25.8.31], delay=12, status=sent (250 Ok: queued as A5013DF211)
Jun  4 07:36:20 rusty postfix/smtp[12801]: 51B6511818D: to=<moc@bigpond.net.au>, relay=extmail.bpbb.bigpond.com[144.140.90.14], delay=12, status=sent (250 Message received: 20070603212749.UPLJ10100.imta06sl.mx.bigpond.com@rusty.slug.org.au)
Jun  4 07:36:20 rusty postfix/smtp[12801]: 51B6511818D: to=<wbuender@bigpond.net.au>, relay=extmail.bpbb.bigpond.com[144.140.90.14], delay=12, status=sent (250 Message received: 20070603212749.UPLJ10100.imta06sl.mx.bigpond.com@rusty.slug.org.au)
Jun  4 07:36:20 rusty postfix/smtp[12816]: D1D4511817A: to=<paul@dwerryhouse.com.au>, relay=a.mx.dwerryhouse.com.au[212.69.37.49], delay=13, status=sent (250 Ok: queued as C1532398E1)
Jun  4 07:36:20 rusty postfix/smtp[12881]: 51B6511818D: to=<cbcs@hotkey.net.au>, relay=vscan.hotkey.net.au[202.138.0.44], delay=12, status=sent (250 2.0.0 Ok: queued as BCD101C9004D)
Jun  4 07:36:20 rusty postfix/smtp[12820]: D1D4511817A: to=<norm@turing.une.edu.au>, relay=mailhub2.une.edu.au[129.180.1.222], delay=13, status=sent (250 Ok: queued as 0B97E4148)
Jun  4 07:36:20 rusty postfix/smtp[12820]: D1D4511817A: to=<wbennett@turing.une.edu.au>, relay=mailhub2.une.edu.au[129.180.1.222], delay=13, status=sent (250 Ok: queued as 0B97E4148)
Jun  4 07:36:20 rusty postfix/smtp[12798]: D1D4511817A: to=<xfire@xware.cx>, relay=ayaka.xware.cx[64.62.231.103], delay=13, status=sent (250 Ok: queued as 9C51699AE1)
Jun  4 07:36:20 rusty postfix/smtp[12848]: D1D4511817A: to=<kevsaenz@spinaweb.com.au>, relay=spinaweb.com.au[69.36.162.245], delay=13, status=sent (250 2.0.0 l53LRmFJ018391 Message accepted for delivery)
Jun  4 07:36:20 rusty postfix/smtp[12871]: 51B6511818D: to=<john.lewis@dva.gov.au>, relay=dva-in-133.sge.net[152.91.3.133], delay=12, status=sent (250 2.0.0 Ok: queued as 013044BF)
Jun  4 07:36:20 rusty postfix/smtp[12881]: connect to mailhubx.bluenetgroup.com[216.127.82.144]: Connection refused (port 25)
Jun  4 07:36:20 rusty postfix/smtp[12832]: 51B6511818D: to=<ashley.maher@didymodesigns.com.au>, relay=mail.didymodesigns.com.au[202.131.90.162], delay=12, status=sent (250 2.0.0 Ok: queued as 3275B3C4A2B)
Jun  4 07:36:21 rusty postfix/smtp[12823]: 51B6511818D: to=<brendanp@ihug.com.au>, relay=as-av.iinet.net.au[203.0.178.180], delay=13, status=sent (250 ok:  Message 31706024 accepted)
Jun  4 07:36:21 rusty postfix/smtp[12892]: D1D4511817A: to=<grove@zeta.org.au>, relay=mailin1.pacific.net.au[61.8.0.80], delay=14, status=sent (250 2.0.0 Ok: queued as 48702163EEA)
Jun  4 07:36:21 rusty postfix/smtp[12890]: 51B6511818D: to=<dstirrup@apptech.com.au>, relay=bethel.apptech.com.au[203.31.244.1], delay=13, status=sent (250 2.6.0  <20070603213608.51B6511818D@rusty.slug.org.au> Queued mail for delivery)
Jun  4 07:36:21 rusty postfix/smtp[12809]: D1D4511817A: to=<bolsen@servcorp.com.au>, relay=mail.servcorp.com.au[203.215.156.132], delay=14, status=sent (250 2.0.0 Message received OK)
Jun  4 07:36:21 rusty postfix/smtp[12845]: D1D4511817A: to=<scott@wallers.com.au>, relay=wallers.com.au[74.53.102.242], delay=14, status=sent (250 OK id=1Huxc3-0007Ly-W6)
Jun  4 07:36:21 rusty postfix/smtp[12883]: D1D4511817A: to=<johngibbons@unwired.com.au>, relay=mail.bluetie.com[206.65.164.155], delay=14, status=bounced (host mail.bluetie.com[206.65.164.155] said: 550 5.1.1 <johngibbons@unwired.com.au>: Recipient address rejected: User unknown in virtual alias table (in reply to RCPT TO command))
Jun  4 07:36:21 rusty postfix/smtp[12869]: A30C1118177: to=<daveg@dorja.com>, relay=mail.dorja.com[202.4.237.140], delay=14, status=sent (250 ok 1180906070 qp 26198)
Jun  4 07:36:21 rusty postfix/smtp[12842]: 51B6511818D: to=<heenan@inspired.net.au>, relay=mail.cbit.net.au[202.55.154.7], delay=13, status=bounced (host mail.cbit.net.au[202.55.154.7] said: 550 5.1.1 <heenan@inspired.net.au>: Recipient address rejected: User unknown in virtual mailbox table (in reply to RCPT TO command))
Jun  4 07:36:21 rusty postfix/smtp[12890]: 51B6511818D: to=<neast@pacific.net.au>, relay=mailin2.pacific.net.au[61.8.0.81], delay=13, status=sent (250 2.0.0 Ok: queued as 55E2B187F5F)
Jun  4 07:36:21 rusty postfix/smtp[12890]: 51B6511818D: to=<tomdeckert@pacific.net.au>, relay=mailin2.pacific.net.au[61.8.0.81], delay=13, status=sent (250 2.0.0 Ok: queued as 55E2B187F5F)
Jun  4 07:36:21 rusty postfix/smtp[12841]: D1D4511817A: to=<michael@webwizard.com.au>, relay=pop3.webwizard.com.au[68.178.166.226], delay=14, status=sent (250 ok 1180906070 qp 14230)
Jun  4 07:36:21 rusty postfix/smtp[12840]: 51B6511818D: to=<rossmitchell@exemail.com.au>, relay=ipmx1.po.exetel.com.au[220.233.0.60], delay=13, status=sent (250 ok:  Message 40256445 accepted)
Jun  4 07:36:21 rusty postfix/smtp[12840]: 51B6511818D: to=<xun@exemail.com.au>, relay=ipmx1.po.exetel.com.au[220.233.0.60], delay=13, status=sent (250 ok:  Message 40256445 accepted)
Jun  4 07:36:21 rusty postfix/smtp[12817]: A30C1118177: to=<shane.henry@logicacmg.com>, relay=cust1683-1.in.mailcontrol.com[86.111.223.190], delay=14, status=sent (250 2.0.0 l53LReBD013558 Message accepted for delivery)
Jun  4 07:36:21 rusty postfix/smtp[12822]: 3BED2118181: to=<kirti@unswalumni.com>, relay=smtp.unsw.EDU.AU[149.171.193.32], delay=13, status=sent (250 2.0.0 l53LRg7k025283 Message accepted for delivery)
Jun  4 07:36:22 rusty postfix/smtp[12816]: 51B6511818D: to=<crichard@maccs.mq.edu.au>, relay=sunb.ocs.mq.edu.au[137.111.1.11], delay=14, status=sent (250 2.0.0 l53LRnO12977 Message accepted for delivery)
Jun  4 07:36:22 rusty postfix/smtp[12831]: 51B6511818D: to=<jan.newmarch@infotech.monash.edu.au>, relay=mx2.its.monash.edu.au[130.194.11.147], delay=14, status=sent (250 2.0.0 Ok: queued as E3D264FB08)
Jun  4 07:36:22 rusty postfix/smtp[12795]: D1D4511817A: to=<joe@khamis.com.au>, relay=mail.klattu.com.au[202.7.93.11], delay=15, status=sent (250 2.0.0 Ok: queued as 5F369F336)
Jun  4 07:36:22 rusty postfix/smtp[12809]: 51B6511818D: to=<maxw@people.net.au>, relay=mailgate-02.peopletelecom.com.au[218.214.224.100], delay=14, status=sent (250 Ok: queued as 2709E3EE845)
Jun  4 07:36:22 rusty postfix/smtp[12809]: 51B6511818D: to=<stephenblack@people.net.au>, relay=mailgate-02.peopletelecom.com.au[218.214.224.100], delay=14, status=sent (250 Ok: queued as 2709E3EE845)
Jun  4 07:36:22 rusty postfix/smtp[12845]: 51B6511818D: to=<brad.dolph@peoplemetrics.com.au>, relay=mx3.netregistry.net[202.124.241.198], delay=14, status=sent (250 OK id=1Huxc6-0006cn-H5)
Jun  4 07:36:22 rusty postfix/smtp[12788]: 3BED2118181: to=<abcde123@yahoo.com>, relay=d.mx.mail.yahoo.com[216.39.53.2], delay=14, status=sent (250 ok dirdel 4/1)
Jun  4 07:36:22 rusty postfix/smtp[12788]: 3BED2118181: to=<chauhan_harpalsinh1984@yahoo.com>, relay=d.mx.mail.yahoo.com[216.39.53.2], delay=14, status=sent (250 ok dirdel 4/1)
Jun  4 07:36:22 rusty postfix/smtp[12788]: 3BED2118181: to=<ibby66044@yahoo.com>, relay=d.mx.mail.yahoo.com[216.39.53.2], delay=14, status=sent (250 ok dirdel 4/1)
Jun  4 07:36:22 rusty postfix/smtp[12788]: 3BED2118181: to=<jonnymaster5700@yahoo.com>, relay=d.mx.mail.yahoo.com[216.39.53.2], delay=14, status=sent (250 ok dirdel 4/1)
Jun  4 07:36:22 rusty postfix/smtp[12788]: 3BED2118181: to=<loke_ts@yahoo.com>, relay=d.mx.mail.yahoo.com[216.39.53.2], delay=14, status=sent (250 ok dirdel 4/1)
Jun  4 07:36:22 rusty postfix/smtp[12888]: D1D4511817A: to=<netsnipe_ml@optusnet.com.au>, relay=mail.optusnet.com.au[211.29.132.250], delay=15, status=deferred (host mail.optusnet.com.au[211.29.132.250] said: 452 4.2.2 <netsnipe_ml@optusnet.com.au>... Mailbox full (in reply to RCPT TO command))
Jun  4 07:36:22 rusty postfix/smtp[12888]: D1D4511817A: to=<pintail@optusnet.com.au>, relay=mail.optusnet.com.au[211.29.132.250], delay=15, status=deferred (host mail.optusnet.com.au[211.29.132.250] said: 452 4.2.2 <pintail@optusnet.com.au>... Mailbox full (in reply to RCPT TO command))
Jun  4 07:36:22 rusty postfix/smtp[12888]: D1D4511817A: to=<utilitymuffin@optusnet.com.au>, relay=mail.optusnet.com.au[211.29.132.250], delay=15, status=bounced (host mail.optusnet.com.au[211.29.132.250] said: 553 5.3.0 <utilitymuffin@optusnet.com.au>... No such user (in reply to RCPT TO command))
Jun  4 07:36:22 rusty postfix/smtp[12792]: 91EBA118174: to=<slug@toomuchwork.net>, relay=mx.toomuchwork.net[67.18.170.195], delay=15, status=sent (250 OK id=1Huxc7-0001GP-00)
Jun  4 07:36:22 rusty postfix/smtp[12862]: 51B6511818D: to=<rupertu@dtasia.com.au>, relay=mx1.tpgi.com.au[203.12.160.122], delay=14, status=sent (250 2.0.0 l53LRnkA006029 Message accepted for delivery)
Jun  4 07:36:22 rusty postfix/smtp[12873]: 51B6511818D: to=<dev@fareast.com.au>, relay=donner.fareast.com.au[208.109.30.20], delay=14, status=sent (250 ok 1180906071 qp 31760)
Jun  4 07:36:22 rusty postfix/smtp[12857]: D1D4511817A: to=<azzaroth@optushome.com.au>, relay=mail.optusnet.com.au[211.29.132.250], delay=15, status=sent (250 2.0.0 l53LRkhN028550 Message accepted for delivery)
Jun  4 07:36:22 rusty postfix/smtp[12857]: D1D4511817A: to=<benmmurphy@optushome.com.au>, relay=mail.optusnet.com.au[211.29.132.250], delay=15, status=sent (250 2.0.0 l53LRkhN028550 Message accepted for delivery)
Jun  4 07:36:22 rusty postfix/smtp[12857]: D1D4511817A: to=<carll@optushome.com.au>, relay=mail.optusnet.com.au[211.29.132.250], delay=15, status=sent (250 2.0.0 l53LRkhN028550 Message accepted for delivery)
Jun  4 07:36:22 rusty postfix/smtp[12857]: D1D4511817A: to=<foskey@optushome.com.au>, relay=mail.optusnet.com.au[211.29.132.250], delay=15, status=sent (250 2.0.0 l53LRkhN028550 Message accepted for delivery)
Jun  4 07:36:22 rusty postfix/smtp[12857]: D1D4511817A: to=<iansu@optushome.com.au>, relay=mail.optusnet.com.au[211.29.132.250], delay=15, status=sent (250 2.0.0 l53LRkhN028550 Message accepted for delivery)
Jun  4 07:36:22 rusty postfix/smtp[12857]: D1D4511817A: to=<l-lists@optushome.com.au>, relay=mail.optusnet.com.au[211.29.132.250], delay=15, status=sent (250 2.0.0 l53LRkhN028550 Message accepted for delivery)
Jun  4 07:36:22 rusty postfix/smtp[12857]: D1D4511817A: to=<lukekendall@optushome.com.au>, relay=mail.optusnet.com.au[211.29.132.250], delay=15, status=sent (250 2.0.0 l53LRkhN028550 Message accepted for delivery)
Jun  4 07:36:22 rusty postfix/smtp[12857]: D1D4511817A: to=<rwilliams@optushome.com.au>, relay=mail.optusnet.com.au[211.29.132.250], delay=15, status=sent (250 2.0.0 l53LRkhN028550 Message accepted for delivery)
Jun  4 07:36:22 rusty postfix/smtp[12888]: D1D4511817A: to=<dark_paw@optusnet.com.au>, relay=mail.optusnet.com.au[211.29.132.250], delay=15, status=sent (250 2.0.0 l53LRjfm029536 Message accepted for delivery)
Jun  4 07:36:22 rusty postfix/smtp[12888]: D1D4511817A: to=<dtvone@optusnet.com.au>, relay=mail.optusnet.com.au[211.29.132.250], delay=15, status=sent (250 2.0.0 l53LRjfm029536 Message accepted for delivery)
Jun  4 07:36:22 rusty postfix/smtp[12888]: D1D4511817A: to=<kencaldwell@optusnet.com.au>, relay=mail.optusnet.com.au[211.29.132.250], delay=15, status=sent (250 2.0.0 l53LRjfm029536 Message accepted for delivery)
Jun  4 07:36:22 rusty postfix/smtp[12888]: D1D4511817A: to=<kholloway@optusnet.com.au>, relay=mail.optusnet.com.au[211.29.132.250], delay=15, status=sent (250 2.0.0 l53LRjfm029536 Message accepted for delivery)
Jun  4 07:36:22 rusty postfix/smtp[12888]: D1D4511817A: to=<mxcarr@optusnet.com.au>, relay=mail.optusnet.com.au[211.29.132.250], delay=15, status=sent (250 2.0.0 l53LRjfm029536 Message accepted for delivery)
Jun  4 07:36:22 rusty postfix/smtp[12888]: D1D4511817A: to=<nathan.c@optusnet.com.au>, relay=mail.optusnet.com.au[211.29.132.250], delay=15, status=sent (250 2.0.0 l53LRjfm029536 Message accepted for delivery)
Jun  4 07:36:22 rusty postfix/smtp[12888]: D1D4511817A: to=<pjeffery@optusnet.com.au>, relay=mail.optusnet.com.au[211.29.132.250], delay=15, status=sent (250 2.0.0 l53LRjfm029536 Message accepted for delivery)
Jun  4 07:36:22 rusty postfix/smtp[12866]: D1D4511817A: to=<shane@reactivate.cx>, relay=ASPMX.L.GOOGLE.COM[209.85.147.27], delay=15, status=sent (250 2.0.0 OK 1180906071 m10si4500566waf)
Jun  4 07:36:22 rusty postfix/smtpd[12918]: connect from note.orchestra.cse.unsw.EDU.AU[129.94.242.24]
Jun  4 07:36:22 rusty postfix/smtp[12866]: 51B6511818D: to=<zmz@zeta.org.au>, relay=mailin2.pacific.net.au[61.8.0.81], delay=14, status=sent (250 2.0.0 Ok: queued as D4EBE187F61)
Jun  4 07:36:22 rusty postfix/smtp[12895]: 51B6511818D: to=<lemans4@clearmail.com.au>, relay=ext-mail00.suremessage.com.au[202.0.155.121], delay=14, status=sent (250 Ok: queued as A4ACB30E4C)
Jun  4 07:36:22 rusty postfix/smtp[12895]: 51B6511818D: to=<partec@zip.com.au>, relay=mailin1.pacific.net.au[61.8.0.80], delay=14, status=sent (250 2.0.0 Ok: queued as 03AAD163EEA)
Jun  4 07:36:22 rusty postfix/smtp[12816]: 51B6511818D: to=<stephen.king@tafensw.edu.au>, relay=hplmx2.det.nsw.edu.au[153.107.105.11], delay=14, status=sent (250 2.0.0 l53LRp8k024905 Message accepted for delivery)
Jun  4 07:36:22 rusty postfix/smtp[12841]: 51B6511818D: to=<jcn@smartchat.net.au>, relay=dialupmx.connect.com.au[210.8.231.6], delay=14, status=sent (250 2.0.0 Ok: queued as 9FB2BF581)
Jun  4 07:36:22 rusty postfix/smtp[12835]: D1D4511817A: to=<gavin@openfusion.com.au>, relay=a.mx.mailhost.com.au[216.129.104.202], delay=15, status=sent (250 Queued! <34a99ab40706031426g4ea46d97v5bcdd5edfeff89ea@mail.gmail.com>)
Jun  4 07:36:23 rusty postfix/smtp[12845]: 51B6511818D: to=<bsinclai@turing.une.edu.au>, relay=mailhub2.une.edu.au[129.180.1.222], delay=15, status=sent (250 Ok: queued as 3D4AA414B)
Jun  4 07:36:23 rusty postfix/smtp[12858]: D1D4511817A: to=<craige@mcwhirter.com.au>, relay=mta1.mcwhirter.com.au[202.177.212.216], delay=16, status=sent (250 2.0.0 l53LRiWb020636 Message accepted for delivery)
Jun  4 07:36:23 rusty postfix/smtp[12871]: 51B6511818D: to=<abinns@optushome.com.au>, relay=mail.optusnet.com.au[211.29.132.250], delay=15, status=sent (250 2.0.0 l53LRoP4027807 Message accepted for delivery)
Jun  4 07:36:23 rusty postfix/smtpd[12919]: warning: 203.37.53.226: hostname cannet.com.au verification failed: Name or service not known
Jun  4 07:36:23 rusty postfix/smtpd[12919]: connect from unknown[203.37.53.226]
Jun  4 07:36:23 rusty postfix/smtp[12802]: 51B6511818D: to=<lmth@deakin.edu.au>, relay=m-hc1-its-mxgw-00-ge-1-1-1.its.deakin.edu.au[139.132.1.23], delay=15, status=sent (250 ok:  Message 33341990 accepted)
Jun  4 07:36:23 rusty postfix/smtp[12827]: D1D4511817A: to=<matth@unsw.edu.au>, relay=smtp.unsw.edu.au[149.171.193.32], delay=16, status=bounced (host smtp.unsw.edu.au[149.171.193.32] said: 553 5.3.0 <matth@unsw.edu.au>... No such user matth@unsw.edu.au here (in reply to RCPT TO command))
Jun  4 07:36:23 rusty postfix/smtpd[12781]: warning: 82.143.19.65.relays.ordb.org: RBL lookup error: Host or domain name not found. Name service error for name=82.143.19.65.relays.ordb.org type=A: Host not found, try again
Jun  4 07:36:23 rusty postfix/smtp[12862]: 51B6511818D: to=<deserted@westnet.com.au>, relay=mulgara.westnet.com.au[203.10.1.146], delay=15, status=sent (250 Ok: queued as 4DA59168F9A)
Jun  4 07:36:23 rusty postfix/smtp[12862]: 51B6511818D: to=<neast@westnet.com.au>, relay=mulgara.westnet.com.au[203.10.1.146], delay=15, status=sent (250 Ok: queued as 4DA59168F9A)
Jun  4 07:36:23 rusty postfix/smtp[12842]: 51B6511818D: to=<pfl@research.canon.com.au>, relay=a.ns.cisra.com.au[203.12.173.51], delay=15, status=sent (250 Ok: queued as C5C33222424)
Jun  4 07:36:23 rusty postfix/smtp[12817]: 51B6511818D: to=<ben.kellas@swiftdsl.com.au>, relay=mailgate-01.peopletelecom.com.au[202.154.92.100], delay=15, status=sent (250 Ok: queued as 2ED6312871D)
Jun  4 07:36:23 rusty postfix/smtp[12817]: 51B6511818D: to=<billb@swiftdsl.com.au>, relay=mailgate-01.peopletelecom.com.au[202.154.92.100], delay=15, status=sent (250 Ok: queued as 2ED6312871D)
Jun  4 07:36:23 rusty postfix/smtp[12817]: 51B6511818D: to=<nwalshaw@swiftdsl.com.au>, relay=mailgate-01.peopletelecom.com.au[202.154.92.100], delay=15, status=sent (250 Ok: queued as 2ED6312871D)
Jun  4 07:36:23 rusty postfix/smtp[12880]: 51B6511818D: to=<andrewlists@dodo.com.au>, relay=postoffice.mail-hub.dodo.com.au[202.136.32.39], delay=15, status=bounced (host postoffice.mail-hub.dodo.com.au[202.136.32.39] said: 550 Unknown user (in reply to RCPT TO command))
Jun  4 07:36:23 rusty postfix/smtp[12839]: D1D4511817A: to=<andrewo@maxwell.com.au>, relay=pmx01.bluenetgroup.com[209.139.209.86], delay=16, status=sent (250 2.0.0 l53LRbor025316 Message accepted for delivery)
Jun  4 07:36:23 rusty postfix/smtp[12856]: 3BED2118181: to=<marty@redhat.com>, relay=mx2.redhat.com[66.187.237.31], delay=15, status=sent (250 2.0.0 l53LRh5e023435 Message accepted for delivery)
Jun  4 07:36:23 rusty postfix/smtp[12829]: D1D4511817A: to=<my_ug@webace.com.au>, relay=srv2.webace.com.au[203.59.222.34], delay=16, status=bounced (host srv2.webace.com.au[203.59.222.34] said: 550 5.1.1 <my_ug@webace.com.au>... User unknown (in reply to RCPT TO command))
Jun  4 07:36:23 rusty postfix/smtp[12890]: 51B6511818D: to=<steve@simcraft.com.au>, relay=simcraft.com.au[203.220.32.124], delay=15, status=sent (250 2.0.0 l53LRqhN004476 Message accepted for delivery)
Jun  4 07:36:23 rusty postfix/smtpd[12920]: connect from svc1.zomo.co.uk[88.208.192.39]
Jun  4 07:36:24 rusty postfix/smtp[12868]: D1D4511817A: to=<dipaz@unicauca.edu.co>, relay=afrodita.unicauca.edu.co[190.5.195.130], delay=17, status=sent (250 Ok: queued as A9F941CDC80)
Jun  4 07:36:24 rusty postfix/smtp[12846]: D1D4511817A: to=<peter@chubb.wattle.id.au>, relay=mx.chubb.wattle.id.au[66.29.2.6], delay=17, status=sent (250 OK id=1Huxc7-0007s7-OG)
Jun  4 07:36:24 rusty postfix/smtp[12849]: D1D4511817A: to=<mdesantis@amcon.com.au>, relay=mx0.asggroup.com.au[203.25.254.48], delay=17, status=sent (250 Ok: queued as E6BC6E98AF)
Jun  4 07:36:24 rusty postfix/smtp[12882]: D1D4511817A: to=<lyle@torchpublishing.com.au>, relay=mail.torchpublishing.com.au[202.44.164.36], delay=17, status=sent (250 Ok: queued as 9EA65FF81A0)
Jun  4 07:36:24 rusty postfix/smtpd[12917]: connect from mailout1-1.pacific.net.au[61.8.2.208]
Jun  4 07:36:24 rusty postfix/smtp[12861]: D1D4511817A: to=<uzs886@uni-bonn.de>, relay=x30.rhrz.uni-bonn.de[131.220.14.124], delay=17, status=sent (250 ok:  Message 122823822 accepted)
Jun  4 07:36:24 rusty postfix/smtp[12891]: 51B6511818D: to=<terry.nelson@intech.com.au>, relay=demail03.skandia.de[195.190.150.179], delay=16, status=sent (250 OK)
Jun  4 07:36:24 rusty postfix/smtp[12809]: 51B6511818D: to=<2juls@tpg.com.au>, relay=mx1.tpgi.com.au[203.12.160.122], delay=16, status=sent (250 2.0.0 l53LRpCG006243 Message accepted for delivery)
Jun  4 07:36:24 rusty postfix/smtp[12809]: 51B6511818D: to=<rojee@tpg.com.au>, relay=mx1.tpgi.com.au[203.12.160.122], delay=16, status=sent (250 2.0.0 l53LRpCG006243 Message accepted for delivery)
Jun  4 07:36:24 rusty postfix/smtp[12863]: D1D4511817A: to=<joseph@goncalves.id.au>, relay=goncalves.id.au[66.98.160.200], delay=17, status=sent (250 OK id=1Huxc7-00073L-Hz)
Jun  4 07:36:24 rusty postfix/smtpd[12924]: connect from asgmail.asggroup.com.au[203.25.254.55]
Jun  4 07:36:24 rusty postfix/smtp[12852]: D1D4511817A: to=<schahzad@gol.net.pk>, relay=smtp.gol.net.pk[202.165.244.10], delay=17, status=sent (250 ok 1180906071 qp 29465)
Jun  4 07:36:24 rusty postfix/smtp[12884]: D1D4511817A: to=<hoju@dart.net.au>, relay=vscan.hotkey.net.au[202.138.0.29], delay=17, status=bounced (host vscan.hotkey.net.au[202.138.0.29] said: 550 5.1.1 <hoju@dart.net.au>: Recipient address rejected: User unknown in relay recipient table (in reply to RCPT TO command))
Jun  4 07:36:24 rusty postfix/smtpd[12921]: connect from mer-w2003-7.napier-mail.napier.ac.uk[146.176.223.2]
Jun  4 07:36:24 rusty postfix/smtp[12791]: 3BED2118181: to=<matt.murphy@cyclades.com>, relay=mail.cyclades.com[64.186.161.6], delay=16, status=sent (250 Ok: queued as 0C2E833DC1)
Jun  4 07:36:24 rusty postfix/smtp[12820]: 51B6511818D: to=<paulb@midcoast.com.au>, relay=mx1.midcoast.com.au[203.12.28.17], delay=16, status=sent (250 2.0.0 l53LTePI024110 Message accepted for delivery)
Jun  4 07:36:24 rusty postfix/smtp[12838]: D1D4511817A: to=<beren.sanders@student.unsw.edu.au>, relay=smtp.unsw.edu.au[149.171.193.32], delay=17, status=sent (250 2.0.0 l53LRnEE006323 Message accepted for delivery)
Jun  4 07:36:25 rusty postfix/smtp[12889]: D1D4511817A: to=<amanita2muscaria@yahoo.com.au>, relay=c.mx.mail.yahoo.com[68.142.237.182], delay=18, status=sent (250 ok dirdel 6/1)
Jun  4 07:36:25 rusty postfix/smtp[12889]: D1D4511817A: to=<billy_govan@yahoo.com.au>, relay=c.mx.mail.yahoo.com[68.142.237.182], delay=18, status=sent (250 ok dirdel 6/1)
Jun  4 07:36:25 rusty postfix/smtp[12889]: D1D4511817A: to=<linleycaetan@yahoo.com.au>, relay=c.mx.mail.yahoo.com[68.142.237.182], delay=18, status=sent (250 ok dirdel 6/1)
Jun  4 07:36:25 rusty postfix/smtp[12889]: D1D4511817A: to=<salin1972@yahoo.com.au>, relay=c.mx.mail.yahoo.com[68.142.237.182], delay=18, status=sent (250 ok dirdel 6/1)
Jun  4 07:36:25 rusty postfix/smtp[12889]: D1D4511817A: to=<tuxman2000@yahoo.com.au>, relay=c.mx.mail.yahoo.com[68.142.237.182], delay=18, status=sent (250 ok dirdel 6/1)
Jun  4 07:36:25 rusty postfix/smtp[12889]: D1D4511817A: to=<tuxta2@yahoo.com.au>, relay=c.mx.mail.yahoo.com[68.142.237.182], delay=18, status=sent (250 ok dirdel 6/1)
Jun  4 07:36:25 rusty postfix/smtp[12889]: D1D4511817A: to=<wiredbycaffeine@yahoo.com.au>, relay=c.mx.mail.yahoo.com[68.142.237.182], delay=18, status=sent (250 ok dirdel 6/1)
Jun  4 07:36:25 rusty postfix/smtp[12828]: D1D4511817A: to=<mwaldron@pnc.com.au>, relay=mail.pnc.com.au[203.62.135.28], delay=18, status=sent (250 Ok: queued as 6636B2D8433)
Jun  4 07:36:25 rusty postfix/smtp[12828]: D1D4511817A: to=<sean@pnc.com.au>, relay=mail.pnc.com.au[203.62.135.28], delay=18, status=sent (250 Ok: queued as 6636B2D8433)
Jun  4 07:36:25 rusty postfix/smtpd[12923]: connect from mta234.mail.re4.yahoo.com[206.190.59.50]
Jun  4 07:36:25 rusty postfix/smtp[12840]: 51B6511818D: to=<lists@softsync.com.au>, relay=softsync.com.au[60.241.99.142], delay=17, status=sent (250 Ok: queued as 4EA3A60C1D8)
Jun  4 07:36:25 rusty postfix/smtp[12790]: D1D4511817A: to=<dhoward@zahav.net.il>, relay=mx.inter.net.il[192.114.186.59], delay=18, status=sent (250 OMA74466 Message accepted for delivery)
Jun  4 07:36:25 rusty postfix/smtp[12892]: 51B6511818D: to=<lesliek@ozemail.com.au>, relay=as-av.iinet.net.au[203.0.178.180], delay=17, status=sent (250 ok:  Message 31474786 accepted)
Jun  4 07:36:25 rusty postfix/smtp[12892]: 51B6511818D: to=<tapal@ozemail.com.au>, relay=as-av.iinet.net.au[203.0.178.180], delay=17, status=sent (250 ok:  Message 31474786 accepted)
Jun  4 07:36:25 rusty postfix/smtp[12795]: 51B6511818D: to=<jam@tigger.ws>, relay=mail.tigger.ws[202.71.175.58], delay=17, status=sent (250 2.0.0 Ok: queued as 05B1B134BAB)
Jun  4 07:36:25 rusty postfix/smtpd[12925]: connect from customer-mail01.day3.com.au[202.0.155.93]
Jun  4 07:36:25 rusty postfix/smtp[12847]: 51B6511818D: to=<alberto@combat.com.br>, relay=smtp-gw.combat.com.br[200.234.203.6], delay=17, status=sent (250 ok 1180906079 qp 6963)
Jun  4 07:36:25 rusty postfix/smtp[12864]: D1D4511817A: to=<jimlinnell_lug@linux.jimthechimp.co.uk>, relay=linux.jimthechimp.co.uk[85.13.252.6], delay=18, status=sent (250 OK id=1HuxXG-0004Sr-GT)
Jun  4 07:36:25 rusty postfix/smtp[12823]: 51B6511818D: to=<david.peterson@orbitec.com.au>, relay=sigint.orbitec.com.au[64.79.218.77], delay=17, status=sent (250 Ok: queued as CE8DACD5C001)
Jun  4 07:36:25 rusty postfix/smtp[12848]: 51B6511818D: to=<william.chivers@newcastle.edu.au>, relay=synergy.newcastle.edu.au[134.148.4.10], delay=17, status=sent (250 2.5.0 Ok.)
Jun  4 07:36:26 rusty postfix/smtp[12803]: 91EBA118174: to=<jordan@transitory.net>, relay=mail.transitory.net[69.93.60.82], delay=19, status=sent (250 2.0.0 466331b5-0000134c Message accepted for delivery)
Jun  4 07:36:26 rusty postfix/smtp[12801]: 51B6511818D: to=<wjgibb@loxinfo.co.th>, relay=post.loxinfo.co.th[203.146.237.154], delay=18, status=sent (250 2.0.0 Ok: queued as 8F87E8A691)
Jun  4 07:36:26 rusty postfix/smtpd[12927]: connect from mta232.mail.re3.yahoo.com[68.142.237.159]
Jun  4 07:36:26 rusty postfix/smtp[12850]: A30C1118177: to=<mikal@stillhq.com>, relay=mail.stillhq.com[210.18.204.2], delay=19, status=sent (250 2.0.0 l53LRlXO004823 Message accepted for delivery)
Jun  4 07:36:26 rusty postfix/smtpd[12928]: connect from mail.al.com.au[203.94.172.53]
Jun  4 07:36:26 rusty postfix/smtp[12896]: D1D4511817A: to=<goofy@yasd.cc>, relay=mail.yasd.cc[88.198.64.244], delay=19, status=sent (250 OK id=1HuxcA-00023N-HX)
Jun  4 07:36:26 rusty postfix/smtp[12805]: 3BED2118181: to=<phil@pipngil.com>, relay=mail.pipngil.com[202.125.41.8], delay=18, status=sent (250 ok 1180906075 qp 12208)
Jun  4 07:36:26 rusty postfix/smtp[12866]: 51B6511818D: to=<well@zinwell.com.tw>, relay=spam.zinwell.com.tw[220.228.40.36], delay=18, status=sent (250 +OK message queued for delivery.)
Jun  4 07:36:26 rusty postfix/smtp[12851]: 51B6511818D: to=<r.layden@bilk.ac.uk>, relay=sophmail.bilk.ac.uk[195.195.20.154], delay=18, status=sent (250 Ok: queued as 59C8B121B588)
Jun  4 07:36:27 rusty postfix/smtp[12883]: 51B6511818D: to=<rdaniel@simsmetal.com.au>, relay=cluster5.us.messagelabs.com[216.82.241.211], delay=19, status=sent (250 ok 1180906076 qp 28894 server-15.tower-122.messagelabs.com!1180906072!31634613!1)
Jun  4 07:36:27 rusty postfix/smtp[12815]: D1D4511817A: to=<alex@samad.com.au>, relay=sydrt01.samad.com.au[60.241.248.86], delay=20, status=sent (250 OK id=1Huxc6-0001XE-1E)
Jun  4 07:36:27 rusty postfix/smtp[12877]: D1D4511817A: to=<pjh@northern-ridge.com.au>, relay=mail.idl.com.au[203.33.254.150], delay=20, status=sent (250 Ok: queued as 9784051C1FC)
Jun  4 07:36:27 rusty postfix/smtpd[12930]: connect from mail2.avocent.com[198.177.232.249]
Jun  4 07:36:27 rusty postfix/smtp[12853]: 51B6511818D: to=<patrick@elliott-brennan.id.au>, relay=mail.dnsvr.com[69.10.136.61], delay=19, status=sent (250 2.0.0 Ok: queued as 4ECD11E0C9C)
Jun  4 07:36:27 rusty postfix/smtp[12789]: 51B6511818D: to=<craigw@blue.net.au>, relay=pmx01.bluenetgroup.com[209.139.209.86], delay=19, status=sent (250 2.0.0 l53LReI4025321 Message accepted for delivery)
Jun  4 07:36:27 rusty postfix/smtp[12888]: 51B6511818D: to=<beege6@yahoo.com.au>, relay=f.mx.mail.yahoo.com[209.191.88.247], delay=19, status=sent (250 ok dirdel 7/1)
Jun  4 07:36:27 rusty postfix/smtp[12888]: 51B6511818D: to=<desinq@yahoo.com.au>, relay=f.mx.mail.yahoo.com[209.191.88.247], delay=19, status=sent (250 ok dirdel 7/1)
Jun  4 07:36:27 rusty postfix/smtp[12888]: 51B6511818D: to=<drowningduck2001@yahoo.com.au>, relay=f.mx.mail.yahoo.com[209.191.88.247], delay=19, status=sent (250 ok dirdel 7/1)
Jun  4 07:36:27 rusty postfix/smtp[12888]: 51B6511818D: to=<magnemite_1999@yahoo.com.au>, relay=f.mx.mail.yahoo.com[209.191.88.247], delay=19, status=sent (250 ok dirdel 7/1)
Jun  4 07:36:27 rusty postfix/smtp[12888]: 51B6511818D: to=<mr_skon@yahoo.com.au>, relay=f.mx.mail.yahoo.com[209.191.88.247], delay=19, status=sent (250 ok dirdel 7/1)
Jun  4 07:36:27 rusty postfix/smtp[12888]: 51B6511818D: to=<peterhodder@yahoo.com.au>, relay=f.mx.mail.yahoo.com[209.191.88.247], delay=19, status=sent (250 ok dirdel 7/1)
Jun  4 07:36:27 rusty postfix/smtp[12888]: 51B6511818D: to=<po_box_304@yahoo.com.au>, relay=f.mx.mail.yahoo.com[209.191.88.247], delay=19, status=sent (250 ok dirdel 7/1)
Jun  4 07:36:27 rusty postfix/smtp[12888]: 51B6511818D: to=<zathraszero@yahoo.com.au>, relay=f.mx.mail.yahoo.com[209.191.88.247], delay=19, status=sent (250 ok dirdel 7/1)
Jun  4 07:36:27 rusty postfix/smtp[12857]: 51B6511818D: to=<atua101@yahoo.co.uk>, relay=mx1.mail.ukl.yahoo.com[195.50.106.7], delay=19, status=sent (250 ok dirdel 1/1)
Jun  4 07:36:27 rusty postfix/smtp[12857]: 51B6511818D: to=<glennm75@yahoo.co.uk>, relay=mx1.mail.ukl.yahoo.com[195.50.106.7], delay=19, status=sent (250 ok dirdel 1/1)
Jun  4 07:36:27 rusty postfix/smtp[12798]: 51B6511818D: to=<roger-linux@mindsocket.com.au>, relay=baron.tull.net[67.19.189.20], delay=19, status=sent (250 Queued! <20070603213608.51B6511818D@rusty.slug.org.au>)
Jun  4 07:36:28 rusty postfix/smtp[12832]: 51B6511818D: to=<ms59@optusnet.com.au>, relay=mail.optusnet.com.au[211.29.132.250], delay=20, status=sent (250 2.0.0 l53LRt53024226 Message accepted for delivery)
Jun  4 07:36:28 rusty postfix/smtp[12832]: 51B6511818D: to=<shoston@optusnet.com.au>, relay=mail.optusnet.com.au[211.29.132.250], delay=20, status=sent (250 2.0.0 l53LRt53024226 Message accepted for delivery)
Jun  4 07:36:28 rusty postfix/smtp[12832]: 51B6511818D: to=<skontek@optusnet.com.au>, relay=mail.optusnet.com.au[211.29.132.250], delay=20, status=sent (250 2.0.0 l53LRt53024226 Message accepted for delivery)
Jun  4 07:36:28 rusty postfix/smtp[12832]: 51B6511818D: to=<steve.lam@optusnet.com.au>, relay=mail.optusnet.com.au[211.29.132.250], delay=20, status=sent (250 2.0.0 l53LRt53024226 Message accepted for delivery)
Jun  4 07:36:28 rusty postfix/smtp[12788]: 51B6511818D: to=<grossemauer@web.de>, relay=mx-ha01.web.de[217.72.192.149], delay=20, status=sent (250 OK id=1Huxc9-0007Y2-00)
Jun  4 07:36:28 rusty postfix/smtpd[12931]: connect from pmx01.bluenetgroup.com[209.139.209.86]
Jun  4 07:36:29 rusty postfix/smtp[12794]: 3BED2118181: to=<henman@pobox.com>, relay=mx-all.pobox.com[208.210.124.76], delay=21, status=sent (250 Ok: queued as A30EC1F9D2)
Jun  4 07:36:29 rusty postfix/smtp[12822]: 51B6511818D: to=<neast@tac.com.au>, relay=link.tac.com.au[72.18.195.90], delay=21, status=bounced (host link.tac.com.au[72.18.195.90] said: 550 5.1.1 sorry, no mailbox here by that name (chkuser) (in reply to RCPT TO command))
Jun  4 07:36:29 rusty postfix/smtp[12811]: D1D4511817A: to=<dguest@zeeclor.mine.nu>, relay=zeeclor.mine.nu[59.167.17.236], delay=22, status=sent (250 Queued! 1180906078 qp 13661 <34a99ab40706031426g4ea46d97v5bcdd5edfeff89ea@mail.gmail.com>)
Jun  4 07:36:29 rusty postfix/smtpd[12782]: warning: 28.155.7.203.relays.ordb.org: RBL lookup error: Host or domain name not found. Name service error for name=28.155.7.203.relays.ordb.org type=A: Host not found, try again
Jun  4 07:36:29 rusty postfix/smtpd[12755]: warning: 78.246.54.65.relays.ordb.org: RBL lookup error: Host or domain name not found. Name service error for name=78.246.54.65.relays.ordb.org type=A: Host not found, try again
Jun  4 07:36:29 rusty postfix/smtpd[12932]: connect from mta129.mail.ukl.yahoo.com[217.12.11.78]
Jun  4 07:36:29 rusty postfix/smtpd[12909]: warning: 2.104.16.204.relays.ordb.org: RBL lookup error: Host or domain name not found. Name service error for name=2.104.16.204.relays.ordb.org type=A: Host not found, try again
Jun  4 07:36:29 rusty postfix/smtpd[12914]: warning: 230.181.206.203.relays.ordb.org: RBL lookup error: Host or domain name not found. Name service error for name=230.181.206.203.relays.ordb.org type=A: Host not found, try again
Jun  4 07:36:29 rusty postfix/smtp[12881]: 51B6511818D: to=<paulf@maxwell.com.au>, relay=pmx01.bluenetgroup.com[209.139.209.86], delay=21, status=sent (250 2.0.0 l53LRfdd025323 Message accepted for delivery)
Jun  4 07:36:29 rusty postfix/smtp[12831]: 51B6511818D: to=<kranko@teleline.es>, relay=mx.terra.es[213.4.149.11], delay=21, status=bounced (host mx.terra.es[213.4.149.11] said: 550 RCPT TO:<kranko@teleline.es> User unknown (in reply to RCPT TO command))
Jun  4 07:36:29 rusty postfix/smtpd[12933]: connect from mail2.virtual.net.au[203.29.17.22]
Jun  4 07:36:29 rusty postfix/smtpd[12783]: warning: 29.144.12.202.relays.ordb.org: RBL lookup error: Host or domain name not found. Name service error for name=29.144.12.202.relays.ordb.org type=A: Host not found, try again
Jun  4 07:36:30 rusty postfix/smtpd[12912]: warning: 60.189.202.64.relays.ordb.org: RBL lookup error: Host or domain name not found. Name service error for name=60.189.202.64.relays.ordb.org type=A: Host not found, try again
Jun  4 07:36:31 rusty postfix/smtpd[12915]: warning: 230.2.8.61.relays.ordb.org: RBL lookup error: Host or domain name not found. Name service error for name=230.2.8.61.relays.ordb.org type=A: Host not found, try again
Jun  4 07:36:31 rusty postfix/smtpd[12916]: warning: 108.1.59.203.relays.ordb.org: RBL lookup error: Host or domain name not found. Name service error for name=108.1.59.203.relays.ordb.org type=A: Host not found, try again
Jun  4 07:36:31 rusty postfix/smtpd[12913]: warning: 204.108.58.203.relays.ordb.org: RBL lookup error: Host or domain name not found. Name service error for name=204.108.58.203.relays.ordb.org type=A: Host not found, try again
Jun  4 07:36:31 rusty postfix/smtpd[12934]: connect from uscitsn16-o.hbfuller.com[198.57.13.116]
Jun  4 07:36:31 rusty postfix/smtpd[12907]: warning: 47.59.190.206.relays.ordb.org: RBL lookup error: Host or domain name not found. Name service error for name=47.59.190.206.relays.ordb.org type=A: Host not found, try again
Jun  4 07:36:31 rusty postfix/smtp[12879]: 3BED2118181: to=<atsaloli.tech@gmail.com>, relay=gmail-smtp-in.l.google.com[209.85.147.27], delay=23, status=sent (250 2.0.0 OK 1180906080 m5si4505216wag)
Jun  4 07:36:31 rusty postfix/smtp[12879]: 3BED2118181: to=<ccathcart@gmail.com>, relay=gmail-smtp-in.l.google.com[209.85.147.27], delay=23, status=sent (250 2.0.0 OK 1180906080 m5si4505216wag)
Jun  4 07:36:31 rusty postfix/smtp[12879]: 3BED2118181: to=<dgbarlow@gmail.com>, relay=gmail-smtp-in.l.google.com[209.85.147.27], delay=23, status=sent (250 2.0.0 OK 1180906080 m5si4505216wag)
Jun  4 07:36:31 rusty postfix/smtp[12879]: 3BED2118181: to=<geoffrey.cowling@gmail.com>, relay=gmail-smtp-in.l.google.com[209.85.147.27], delay=23, status=sent (250 2.0.0 OK 1180906080 m5si4505216wag)
Jun  4 07:36:31 rusty postfix/smtp[12879]: 3BED2118181: to=<ncmaina2000@gmail.com>, relay=gmail-smtp-in.l.google.com[209.85.147.27], delay=23, status=sent (250 2.0.0 OK 1180906080 m5si4505216wag)
Jun  4 07:36:31 rusty postfix/smtp[12879]: 3BED2118181: to=<nslinga@gmail.com>, relay=gmail-smtp-in.l.google.com[209.85.147.27], delay=23, status=sent (250 2.0.0 OK 1180906080 m5si4505216wag)
Jun  4 07:36:31 rusty postfix/smtp[12879]: 3BED2118181: to=<rohinda@gmail.com>, relay=gmail-smtp-in.l.google.com[209.85.147.27], delay=23, status=sent (250 2.0.0 OK 1180906080 m5si4505216wag)
Jun  4 07:36:31 rusty postfix/smtp[12879]: 3BED2118181: to=<rpmdac@gmail.com>, relay=gmail-smtp-in.l.google.com[209.85.147.27], delay=23, status=sent (250 2.0.0 OK 1180906080 m5si4505216wag)
Jun  4 07:36:31 rusty postfix/smtp[12879]: 3BED2118181: to=<scronkey@gmail.com>, relay=gmail-smtp-in.l.google.com[209.85.147.27], delay=23, status=sent (250 2.0.0 OK 1180906080 m5si4505216wag)
Jun  4 07:36:31 rusty postfix/smtp[12879]: 3BED2118181: to=<sean.js.wong@gmail.com>, relay=gmail-smtp-in.l.google.com[209.85.147.27], delay=23, status=sent (250 2.0.0 OK 1180906080 m5si4505216wag)
Jun  4 07:36:31 rusty postfix/smtp[12879]: 3BED2118181: to=<sebastian.spiess@gmail.com>, relay=gmail-smtp-in.l.google.com[209.85.147.27], delay=23, status=sent (250 2.0.0 OK 1180906080 m5si4505216wag)
